╔══════════════════════════════════════════════════════════════╗
║  DPC-GNN Multi-Tissue Solid Mechanics Training Pipeline    ║
║  Physics: Neo-Hookean Hyperelastic | GNN: AntisymmetricMP  ║
╚══════════════════════════════════════════════════════════════╝

======================================================================
  TISSUE: CARTILAGE | E=500000 Pa (500.0 kPa) | ν=0.45
  Beam: 10cm x 2cm x 2cm
  Mesh: 20x6x6 | Device: cpu | Epochs: 3000
  Expected tip δ: 8.0932 mm | Scale: 8.09e-03
======================================================================
  Nodes: 1029 | Tets: 3600 | Edges: 14128
  Params: 161,731
  ⚡ F-bar enabled (ν=0.45 ≥ 0.45, anti-locking)

     Ep |         Loss |         E_el |         E_gr |   J_min |  u_tip(mm) |        lr
  ------------------------------------------------------------------------------
      1 | -9.219153e-04 | 3.400275e-03 | -4.322191e-03 |  0.9959 |     0.0098 |  2.00e-05
      2 | -1.908435e-03 | 2.413554e-03 | -4.321989e-03 |  0.9965 |     0.0093 |  4.00e-05
      3 | -3.872316e-03 | 4.492681e-04 | -4.321584e-03 |  0.9977 |     0.0084 |  6.00e-05
      4 | -6.804172e-03 | -2.483193e-03 | -4.320979e-03 |  0.9994 |     0.0070 |  8.00e-05
      5 | -1.070964e-02 | -6.389457e-03 | -4.320184e-03 |  1.0004 |     0.0051 |  1.00e-04
     25 | -3.091433e-01 | -3.047660e-01 | -4.377327e-03 |  1.0581 |     0.1040 |  5.00e-04
     50 | -3.830404e-01 | -3.787078e-01 | -4.332635e-03 |  0.9879 |    -0.0379 |  1.00e-03
     75 | -3.868766e-01 | -3.825186e-01 | -4.357981e-03 |  1.0170 |     0.1924 |  9.64e-04
    100 | -3.872313e-01 | -3.828190e-01 | -4.412287e-03 |  0.9971 |     0.4732 |  8.61e-04
    125 | -3.873754e-01 | -3.829098e-01 | -4.465594e-03 |  0.9780 |     0.7255 |  7.07e-04
    150 | -3.874631e-01 | -3.829493e-01 | -4.513829e-03 |  0.9739 |     0.9540 |  5.25e-04
    175 | -3.875185e-01 | -3.829691e-01 | -4.549419e-03 |  0.9716 |     1.1317 |  3.43e-04
    200 | -3.875530e-01 | -3.829786e-01 | -4.574377e-03 |  0.9711 |     1.2570 |  1.89e-04
    225 | -3.875706e-01 | -3.829818e-01 | -4.588806e-03 |  0.9703 |     1.3264 |  8.62e-05
    250 | -3.875786e-01 | -3.829831e-01 | -4.595499e-03 |  0.9701 |     1.3602 |  1.00e-03
    275 | -3.871644e-01 | -3.825292e-01 | -4.635178e-03 |  0.9882 |     1.6297 |  9.91e-04
    300 | -3.875745e-01 | -3.828758e-01 | -4.698698e-03 |  0.9872 |     1.9033 |  9.64e-04
    325 | -3.877123e-01 | -3.829073e-01 | -4.805006e-03 |  0.9746 |     2.4435 |  9.20e-04
    350 | -3.878206e-01 | -3.828972e-01 | -4.923409e-03 |  0.9692 |     3.0529 |  8.61e-04
    375 | -3.875731e-01 | -3.825752e-01 | -4.997889e-03 |  0.9644 |     3.4240 |  7.89e-04
    400 | -3.879298e-01 | -3.828443e-01 | -5.085485e-03 |  0.9648 |     3.8394 |  7.07e-04
    425 | -3.880304e-01 | -3.828393e-01 | -5.191172e-03 |  0.9641 |     4.3878 |  6.18e-04
    450 | -3.881021e-01 | -3.828160e-01 | -5.286137e-03 |  0.9632 |     4.8982 |  5.25e-04
    475 | -3.881631e-01 | -3.827926e-01 | -5.370502e-03 |  0.9622 |     5.3554 |  4.32e-04
    500 | -3.882134e-01 | -3.827698e-01 | -5.443675e-03 |  0.9610 |     5.7528 |  3.43e-04
    525 | -3.882535e-01 | -3.827497e-01 | -5.503825e-03 |  0.9600 |     6.0813 |  2.61e-04
    550 | -3.882841e-01 | -3.827335e-01 | -5.550638e-03 |  0.9593 |     6.3386 |  1.89e-04
    575 | -3.883064e-01 | -3.827214e-01 | -5.585077e-03 |  0.9588 |     6.5292 |  1.30e-04
    600 | -3.883219e-01 | -3.827128e-01 | -5.609119e-03 |  0.9584 |     6.6631 |  8.62e-05
    625 | -3.883325e-01 | -3.827069e-01 | -5.625613e-03 |  0.9581 |     6.7553 |  5.91e-05
    650 | -3.883405e-01 | -3.827024e-01 | -5.638110e-03 |  0.9580 |     6.8254 |  1.00e-03
    675 | -3.846449e-01 | -3.802717e-01 | -4.373228e-03 |  1.0162 |     0.5445 |  9.98e-04
    700 | -3.865570e-01 | -3.821009e-01 | -4.456141e-03 |  0.9659 |     0.7483 |  9.91e-04
    725 | -3.873000e-01 | -3.827455e-01 | -4.554457e-03 |  0.9931 |     1.2223 |  9.80e-04
    750 | -3.874628e-01 | -3.828198e-01 | -4.643044e-03 |  0.9859 |     1.6749 |  9.64e-04
    775 | -3.876033e-01 | -3.828613e-01 | -4.742003e-03 |  0.9784 |     2.1694 |  9.44e-04
    800 | -3.877309e-01 | -3.828747e-01 | -4.856248e-03 |  0.9722 |     2.7363 |  9.20e-04
    825 | -3.878524e-01 | -3.828626e-01 | -4.989755e-03 |  0.9693 |     3.3768 |  8.92e-04
    850 | -3.879693e-01 | -3.828400e-01 | -5.129301e-03 |  0.9672 |     4.0525 |  8.61e-04
    875 | -3.880792e-01 | -3.828129e-01 | -5.266331e-03 |  0.9650 |     4.7364 |  8.26e-04
    900 | -3.881774e-01 | -3.827774e-01 | -5.399936e-03 |  0.9639 |     5.4199 |  7.89e-04
    925 | -3.882707e-01 | -3.827441e-01 | -5.526600e-03 |  0.9625 |     6.0949 |  7.49e-04
    950 | -3.883595e-01 | -3.827101e-01 | -5.649405e-03 |  0.9613 |     6.7729 |  7.07e-04
    975 | -3.884400e-01 | -3.826736e-01 | -5.766406e-03 |  0.9599 |     7.4467 |  6.63e-04
   1000 | -3.885129e-01 | -3.826365e-01 | -5.876478e-03 |  0.9582 |     8.1029 |  6.18e-04
   1025 | -3.885797e-01 | -3.826004e-01 | -5.979231e-03 |  0.9548 |     8.7345 |  5.72e-04
   1050 | -3.886412e-01 | -3.825652e-01 | -6.075944e-03 |  0.9516 |     9.3393 |  5.25e-04
   1075 | -3.886968e-01 | -3.825292e-01 | -6.167533e-03 |  0.9485 |     9.9160 |  4.78e-04
   1100 | -3.887500e-01 | -3.824984e-01 | -6.251651e-03 |  0.9456 |    10.4553 |  4.32e-04
   1125 | -3.887977e-01 | -3.824669e-01 | -6.330828e-03 |  0.9429 |    10.9617 |  3.87e-04
   1150 | -3.888408e-01 | -3.824371e-01 | -6.403683e-03 |  0.9404 |    11.4291 |  3.43e-04
   1175 | -3.888793e-01 | -3.824094e-01 | -6.469938e-03 |  0.9381 |    11.8548 |  3.01e-04
   1200 | -3.889134e-01 | -3.823842e-01 | -6.529180e-03 |  0.9361 |    12.2364 |  2.61e-04
   1225 | -3.889432e-01 | -3.823618e-01 | -6.581354e-03 |  0.9343 |    12.5732 |  2.24e-04
   1250 | -3.889690e-01 | -3.823424e-01 | -6.626609e-03 |  0.9327 |    12.8660 |  1.89e-04
   1275 | -3.889911e-01 | -3.823258e-01 | -6.665304e-03 |  0.9313 |    13.1168 |  1.58e-04
   1300 | -3.890099e-01 | -3.823119e-01 | -6.697959e-03 |  0.9302 |    13.3288 |  1.30e-04
   1325 | -3.890255e-01 | -3.823003e-01 | -6.725182e-03 |  0.9292 |    13.5057 |  1.06e-04
   1350 | -3.890384e-01 | -3.822908e-01 | -6.747689e-03 |  0.9284 |    13.6522 |  8.62e-05
   1375 | -3.890492e-01 | -3.822829e-01 | -6.766294e-03 |  0.9277 |    13.7733 |  7.05e-05
   1400 | -3.890583e-01 | -3.822764e-01 | -6.781895e-03 |  0.9271 |    13.8749 |  5.91e-05
   1425 | -3.890661e-01 | -3.822707e-01 | -6.795465e-03 |  0.9266 |    13.9633 |  5.23e-05
   1450 | -3.890735e-01 | -3.822654e-01 | -6.808053e-03 |  0.9261 |    14.0454 |  1.00e-03
   1475 | -3.872452e-01 | -3.825006e-01 | -4.744628e-03 |  0.9866 |     2.1777 |  9.99e-04
   1500 | -3.874243e-01 | -3.827060e-01 | -4.718292e-03 |  0.9831 |     2.0924 |  9.98e-04
   1525 | -3.876752e-01 | -3.828364e-01 | -4.838840e-03 |  0.9760 |     2.7474 |  9.95e-04
   1550 | -3.878454e-01 | -3.828432e-01 | -5.002213e-03 |  0.9717 |     3.6044 |  9.91e-04
   1575 | -3.880223e-01 | -3.828209e-01 | -5.201437e-03 |  0.9667 |     4.6028 |  9.86e-04
   1600 | -3.882013e-01 | -3.827682e-01 | -5.433083e-03 |  0.9631 |     5.7611 |  9.80e-04
   1625 | -3.883707e-01 | -3.826951e-01 | -5.675608e-03 |  0.9609 |     7.0201 |  9.72e-04
   1650 | -3.885328e-01 | -3.826048e-01 | -5.928053e-03 |  0.9509 |     8.3956 |  9.64e-04
   1675 | -3.820350e-01 | -3.758081e-01 | -6.226935e-03 |  0.9523 |    10.0080 |  9.54e-04
   1700 | -3.884572e-01 | -3.826081e-01 | -5.849080e-03 |  0.9586 |     8.0183 |  9.44e-04
   1725 | -3.885955e-01 | -3.825180e-01 | -6.077519e-03 |  0.9515 |     9.1417 |  9.32e-04
   1750 | -3.887427e-01 | -3.824506e-01 | -6.292127e-03 |  0.9418 |    10.4376 |  9.20e-04
   1775 | -3.888511e-01 | -3.823575e-01 | -6.493600e-03 |  0.9365 |    11.7105 |  9.07e-04
   1800 | -3.889494e-01 | -3.822738e-01 | -6.675626e-03 |  0.9305 |    12.9076 |  8.92e-04
   1825 | -3.881929e-01 | -3.817445e-01 | -6.448334e-03 |  0.9427 |    11.8427 |  8.77e-04
   1850 | -3.889206e-01 | -3.822863e-01 | -6.634323e-03 |  0.9277 |    12.6603 |  8.61e-04
   1875 | -3.890617e-01 | -3.822089e-01 | -6.852739e-03 |  0.9217 |    14.0677 |  8.44e-04
   1900 | -3.878675e-01 | -3.808382e-01 | -7.029349e-03 |  0.9156 |    15.2505 |  8.26e-04
   1925 | -3.889171e-01 | -3.821166e-01 | -6.800522e-03 |  0.9225 |    13.9161 |  8.08e-04
   1950 | -3.892003e-01 | -3.821385e-01 | -7.061852e-03 |  0.9094 |    15.4167 |  7.89e-04
   1975 | -3.892742e-01 | -3.820382e-01 | -7.235937e-03 |  0.9055 |    16.6357 |  7.69e-04
   2000 | -3.889003e-01 | -3.818718e-01 | -7.028534e-03 |  0.9133 |    15.5291 |  7.49e-04
   2025 | -3.893730e-01 | -3.820846e-01 | -7.288381e-03 |  0.8989 |    16.9108 |  7.28e-04
   2050 | -3.894703e-01 | -3.819887e-01 | -7.481613e-03 |  0.8929 |    18.2335 |  7.07e-04
   2075 | -3.893641e-01 | -3.820924e-01 | -7.271727e-03 |  0.9104 |    17.2405 |  6.85e-04
   2100 | -3.895200e-01 | -3.819644e-01 | -7.555631e-03 |  0.8979 |    18.6451 |  6.63e-04
   2125 | -3.896731e-01 | -3.819418e-01 | -7.731281e-03 |  0.8882 |    19.8686 |  6.40e-04
   2150 | -3.889363e-01 | -3.813929e-01 | -7.543425e-03 |  0.8957 |    18.8019 |  6.18e-04
   2175 | -3.897026e-01 | -3.819925e-01 | -7.710146e-03 |  0.8861 |    19.6204 |  5.95e-04
   2200 | -3.898118e-01 | -3.818712e-01 | -7.940619e-03 |  0.8687 |    21.1505 |  5.72e-04
   2225 | -3.899561e-01 | -3.818503e-01 | -8.105724e-03 |  0.8683 |    22.2048 |  5.48e-04
   2250 | -3.898073e-01 | -3.815755e-01 | -8.231793e-03 |  0.8663 |    22.9830 |  5.25e-04
   2275 | -3.900317e-01 | -3.818659e-01 | -8.165782e-03 |  0.8667 |    22.5114 |  5.02e-04
   2300 | -3.901489e-01 | -3.817545e-01 | -8.394362e-03 |  0.8540 |    23.9440 |  4.78e-04
   2325 | -3.902545e-01 | -3.817085e-01 | -8.545968e-03 |  0.8483 |    24.9174 |  4.55e-04
   2350 | -3.903300e-01 | -3.816346e-01 | -8.695373e-03 |  0.8436 |    25.8740 |  4.32e-04
   2375 | -3.903947e-01 | -3.816135e-01 | -8.781207e-03 |  0.8451 |    26.3690 |  4.10e-04
   2400 | -3.903833e-01 | -3.814899e-01 | -8.893341e-03 |  0.8394 |    27.0369 |  3.87e-04
   2425 | -3.905083e-01 | -3.814939e-01 | -9.014423e-03 |  0.8355 |    27.8163 |  3.65e-04
   2450 | -3.905700e-01 | -3.814336e-01 | -9.136435e-03 |  0.8326 |    28.5788 |  3.43e-04
   2475 | -3.906210e-01 | -3.813756e-01 | -9.245464e-03 |  0.8307 |    29.2728 |  3.22e-04
   2500 | -3.906692e-01 | -3.813208e-01 | -9.348340e-03 |  0.8282 |    29.9169 |  3.01e-04
   2525 | -3.907100e-01 | -3.812670e-01 | -9.443047e-03 |  0.8263 |    30.5135 |  2.81e-04
   2550 | -3.907501e-01 | -3.812223e-01 | -9.527770e-03 |  0.8257 |    31.0552 |  2.61e-04
   2575 | -3.907853e-01 | -3.811777e-01 | -9.607580e-03 |  0.8250 |    31.5595 |  2.42e-04
   2600 | -3.908168e-01 | -3.811369e-01 | -9.679936e-03 |  0.8241 |    32.0206 |  2.24e-04
   2625 | -3.908452e-01 | -3.810991e-01 | -9.746129e-03 |  0.8213 |    32.4430 |  2.06e-04
   2650 | -3.908709e-01 | -3.810644e-01 | -9.806522e-03 |  0.8187 |    32.8288 |  1.89e-04
   2675 | -3.908940e-01 | -3.810324e-01 | -9.861533e-03 |  0.8164 |    33.1806 |  1.73e-04
   2700 | -3.909149e-01 | -3.810033e-01 | -9.911553e-03 |  0.8142 |    33.5007 |  1.58e-04
   2725 | -3.909335e-01 | -3.809766e-01 | -9.956951e-03 |  0.8122 |    33.7915 |  1.43e-04
   2750 | -3.909504e-01 | -3.809523e-01 | -9.998078e-03 |  0.8105 |    34.0552 |  1.30e-04
   2775 | -3.909655e-01 | -3.809302e-01 | -1.003528e-02 |  0.8089 |    34.2937 |  1.18e-04
   2800 | -3.909791e-01 | -3.809102e-01 | -1.006889e-02 |  0.8075 |    34.5093 |  1.06e-04
   2825 | -3.909912e-01 | -3.808919e-01 | -1.009924e-02 |  0.8062 |    34.7041 |  9.56e-05
   2850 | -3.910020e-01 | -3.808753e-01 | -1.012665e-02 |  0.8050 |    34.8800 |  8.62e-05
   2875 | -3.910118e-01 | -3.808604e-01 | -1.015145e-02 |  0.8040 |    35.0392 |  7.78e-05
   2900 | -3.910206e-01 | -3.808467e-01 | -1.017395e-02 |  0.8030 |    35.1837 |  7.05e-05
   2925 | -3.910286e-01 | -3.808341e-01 | -1.019449e-02 |  0.8021 |    35.3156 |  6.42e-05
   2950 | -3.910360e-01 | -3.808226e-01 | -1.021339e-02 |  0.8013 |    35.4369 |  5.91e-05
   2975 | -3.910427e-01 | -3.808118e-01 | -1.023099e-02 |  0.8006 |    35.5499 |  5.51e-05
   3000 | -3.910491e-01 | -3.808015e-01 | -1.024762e-02 |  0.7999 |    35.6567 |  5.23e-05

  ======================================================================
  ✅ CARTILAGE COMPLETE
  Best loss: -3.910491e-01 (epoch 3000)
  Tip displacement: 35.6609 mm (expected: 8.0932 mm)
  Relative error: 340.63%
  J range: [0.799880, 1.404516]
  Training time: 412.6s (6.9min)
  ======================================================================

