╔══════════════════════════════════════════════════════════════╗
║  DPC-GNN Multi-Tissue Solid Mechanics Training Pipeline    ║
║  Physics: Neo-Hookean Hyperelastic | GNN: AntisymmetricMP  ║
╚══════════════════════════════════════════════════════════════╝

======================================================================
  TISSUE: CARTILAGE | E=500000 Pa (500.0 kPa) | ν=0.45
  Beam: 10cm x 2cm x 2cm
  Mesh: 20x6x6 | Device: cpu | Epochs: 3000
  Expected tip δ: 8.0932 mm | Scale: 8.09e-03
======================================================================
  Nodes: 1029 | Tets: 3600 | Edges: 14128
  Params: 161,731
  ⚡ F-bar enabled (ν=0.45 ≥ 0.45, anti-locking)

     Ep |         Loss |         E_el |         E_gr |   J_min |  u_tip(mm) |        lr
  ------------------------------------------------------------------------------
      1 | -1.567236e-03 | 2.746283e-03 | -4.313519e-03 |  0.9994 |    -0.0086 |  2.00e-05
      2 | -2.539898e-03 | 1.774048e-03 | -4.313947e-03 |  0.9995 |    -0.0077 |  4.00e-05
      3 | -4.471406e-03 | -1.565992e-04 | -4.314807e-03 |  0.9997 |    -0.0058 |  6.00e-05
      4 | -7.337508e-03 | -3.021406e-03 | -4.316102e-03 |  1.0000 |    -0.0030 |  8.00e-05
      5 | -1.112515e-02 | -6.807385e-03 | -4.317770e-03 |  1.0004 |     0.0006 |  1.00e-04
     25 | -3.070296e-01 | -3.026564e-01 | -4.373291e-03 |  1.0726 |     0.1069 |  5.00e-04
     50 | -3.817936e-01 | -3.774189e-01 | -4.374640e-03 |  0.9826 |     0.1750 |  1.00e-03
     75 | -3.869107e-01 | -3.825259e-01 | -4.384805e-03 |  1.0120 |     0.3368 |  9.64e-04
    100 | -3.872297e-01 | -3.828005e-01 | -4.429229e-03 |  0.9904 |     0.5317 |  8.61e-04
    125 | -3.873515e-01 | -3.828838e-01 | -4.467798e-03 |  0.9760 |     0.7161 |  7.07e-04
    150 | -3.874255e-01 | -3.829224e-01 | -4.503116e-03 |  0.9743 |     0.8893 |  5.25e-04
    175 | -3.874725e-01 | -3.829413e-01 | -4.531215e-03 |  0.9712 |     1.0276 |  3.43e-04
    200 | -3.875008e-01 | -3.829507e-01 | -4.550056e-03 |  0.9701 |     1.1209 |  1.89e-04
    225 | -3.875153e-01 | -3.829551e-01 | -4.560211e-03 |  0.9698 |     1.1720 |  8.62e-05
    250 | -3.875223e-01 | -3.829571e-01 | -4.565212e-03 |  0.9697 |     1.1973 |  1.00e-03
    275 | -3.874392e-01 | -3.828109e-01 | -4.628236e-03 |  0.9648 |     1.5640 |  9.91e-04
    300 | -3.876284e-01 | -3.829257e-01 | -4.702660e-03 |  0.9692 |     1.9336 |  9.64e-04
    325 | -3.877273e-01 | -3.829348e-01 | -4.792545e-03 |  0.9705 |     2.3897 |  9.20e-04
    350 | -3.876412e-01 | -3.827944e-01 | -4.846777e-03 |  0.9662 |     2.6389 |  8.61e-04
    375 | -3.878526e-01 | -3.829188e-01 | -4.933761e-03 |  0.9674 |     3.0472 |  7.89e-04
    400 | -3.879322e-01 | -3.829081e-01 | -5.024113e-03 |  0.9660 |     3.5089 |  7.07e-04
    425 | -3.880039e-01 | -3.828944e-01 | -5.109477e-03 |  0.9648 |     3.9491 |  6.18e-04
    450 | -3.880666e-01 | -3.828790e-01 | -5.187693e-03 |  0.9641 |     4.3556 |  5.25e-04
    475 | -3.881198e-01 | -3.828611e-01 | -5.258695e-03 |  0.9636 |     4.7219 |  4.32e-04
    500 | -3.881635e-01 | -3.828442e-01 | -5.319324e-03 |  0.9632 |     5.0375 |  3.43e-04
    525 | -3.881983e-01 | -3.828297e-01 | -5.368647e-03 |  0.9628 |     5.2969 |  2.61e-04
    550 | -3.882248e-01 | -3.828181e-01 | -5.406704e-03 |  0.9624 |     5.4991 |  1.89e-04
    575 | -3.882441e-01 | -3.828096e-01 | -5.434490e-03 |  0.9622 |     5.6479 |  1.30e-04
    600 | -3.882574e-01 | -3.828036e-01 | -5.453783e-03 |  0.9620 |     5.7519 |  8.62e-05
    625 | -3.882664e-01 | -3.827994e-01 | -5.466972e-03 |  0.9619 |     5.8233 |  5.91e-05
    650 | -3.882733e-01 | -3.827963e-01 | -5.476946e-03 |  0.9618 |     5.8775 |  1.00e-03
    675 | -3.862773e-01 | -3.816197e-01 | -4.657650e-03 |  0.9875 |     1.6094 |  9.98e-04
    700 | -3.872794e-01 | -3.826714e-01 | -4.607962e-03 |  0.9836 |     1.3882 |  9.91e-04
    725 | -3.875932e-01 | -3.828815e-01 | -4.711738e-03 |  0.9753 |     1.8933 |  9.80e-04
    750 | -3.877316e-01 | -3.828992e-01 | -4.832422e-03 |  0.9714 |     2.4939 |  9.64e-04
    775 | -3.878523e-01 | -3.828840e-01 | -4.968389e-03 |  0.9683 |     3.1438 |  9.44e-04
    800 | -3.879664e-01 | -3.828546e-01 | -5.111808e-03 |  0.9654 |     3.8186 |  9.20e-04
    825 | -3.880711e-01 | -3.828194e-01 | -5.251696e-03 |  0.9625 |     4.4916 |  8.92e-04
    850 | -3.881651e-01 | -3.827848e-01 | -5.380220e-03 |  0.9612 |     5.1458 |  8.61e-04
    875 | -3.882486e-01 | -3.827504e-01 | -5.498166e-03 |  0.9609 |     5.7836 |  8.26e-04
    900 | -3.883246e-01 | -3.827161e-01 | -5.608454e-03 |  0.9602 |     6.4053 |  7.89e-04
    925 | -3.883953e-01 | -3.826828e-01 | -5.712503e-03 |  0.9591 |     7.0127 |  7.49e-04
    950 | -3.884626e-01 | -3.826512e-01 | -5.811485e-03 |  0.9579 |     7.6096 |  7.07e-04
    975 | -3.885272e-01 | -3.826205e-01 | -5.906760e-03 |  0.9568 |     8.1982 |  6.63e-04
   1000 | -3.885889e-01 | -3.825900e-01 | -5.998941e-03 |  0.9538 |     8.7771 |  6.18e-04
   1025 | -3.886475e-01 | -3.825597e-01 | -6.087795e-03 |  0.9501 |     9.3415 |  5.72e-04
   1050 | -3.886878e-01 | -3.825158e-01 | -6.171986e-03 |  0.9464 |     9.8841 |  5.25e-04
   1075 | -3.887296e-01 | -3.825202e-01 | -6.209435e-03 |  0.9448 |    10.1543 |  4.78e-04
   1100 | -3.887819e-01 | -3.824877e-01 | -6.294198e-03 |  0.9411 |    10.6635 |  4.32e-04
   1125 | -3.888249e-01 | -3.824629e-01 | -6.362029e-03 |  0.9386 |    11.1042 |  3.87e-04
   1150 | -3.888651e-01 | -3.824402e-01 | -6.424904e-03 |  0.9360 |    11.5154 |  3.43e-04
   1175 | -3.889018e-01 | -3.824189e-01 | -6.482904e-03 |  0.9337 |    11.8940 |  3.01e-04
   1200 | -3.889350e-01 | -3.823994e-01 | -6.535600e-03 |  0.9316 |    12.2374 |  2.61e-04
   1225 | -3.889647e-01 | -3.823819e-01 | -6.582790e-03 |  0.9298 |    12.5447 |  2.24e-04
   1250 | -3.889908e-01 | -3.823664e-01 | -6.624368e-03 |  0.9283 |    12.8153 |  1.89e-04
   1275 | -3.890136e-01 | -3.823532e-01 | -6.660410e-03 |  0.9269 |    13.0497 |  1.58e-04
   1300 | -3.890332e-01 | -3.823420e-01 | -6.691167e-03 |  0.9258 |    13.2496 |  1.30e-04
   1325 | -3.890498e-01 | -3.823327e-01 | -6.717048e-03 |  0.9248 |    13.4178 |  1.06e-04
   1350 | -3.890637e-01 | -3.823251e-01 | -6.738614e-03 |  0.9241 |    13.5579 |  8.62e-05
   1375 | -3.890754e-01 | -3.823188e-01 | -6.756557e-03 |  0.9234 |    13.6744 |  7.05e-05
   1400 | -3.890853e-01 | -3.823136e-01 | -6.771684e-03 |  0.9228 |    13.7727 |  5.91e-05
   1425 | -3.890940e-01 | -3.823090e-01 | -6.784907e-03 |  0.9224 |    13.8585 |  5.23e-05
   1450 | -3.891020e-01 | -3.823048e-01 | -6.797228e-03 |  0.9219 |    13.9384 |  1.00e-03
   1475 | -3.831636e-01 | -3.785521e-01 | -4.611461e-03 |  1.0136 |     1.5280 |  9.99e-04
   1500 | -3.867461e-01 | -3.821687e-01 | -4.577368e-03 |  0.9865 |     1.2276 |  9.98e-04
   1525 | -3.874921e-01 | -3.827989e-01 | -4.693212e-03 |  0.9878 |     1.8889 |  9.95e-04
   1550 | -3.876973e-01 | -3.828532e-01 | -4.844108e-03 |  0.9853 |     2.6856 |  9.91e-04
   1575 | -3.878995e-01 | -3.828703e-01 | -5.029166e-03 |  0.9804 |     3.6396 |  9.86e-04
   1600 | -3.880977e-01 | -3.828327e-01 | -5.264927e-03 |  0.9724 |     4.8509 |  9.80e-04
   1625 | -3.882969e-01 | -3.827407e-01 | -5.556248e-03 |  0.9654 |     6.3485 |  9.72e-04
   1650 | -3.884876e-01 | -3.826087e-01 | -5.878904e-03 |  0.9595 |     8.0391 |  9.64e-04
   1675 | -3.882641e-01 | -3.825131e-01 | -5.751038e-03 |  0.9677 |     7.4012 |  9.54e-04
   1700 | -3.884414e-01 | -3.827207e-01 | -5.720605e-03 |  0.9644 |     7.2056 |  9.44e-04
   1725 | -3.886017e-01 | -3.825938e-01 | -6.007980e-03 |  0.9486 |     8.7357 |  9.32e-04
   1750 | -3.887393e-01 | -3.824577e-01 | -6.281555e-03 |  0.9360 |    10.3061 |  9.20e-04
   1775 | -3.888536e-01 | -3.823853e-01 | -6.468330e-03 |  0.9285 |    11.5154 |  9.07e-04
   1800 | -3.875977e-01 | -3.817855e-01 | -5.812247e-03 |  0.9606 |     7.9688 |  8.92e-04
   1825 | -3.885481e-01 | -3.826707e-01 | -5.877400e-03 |  0.9511 |     8.1636 |  8.77e-04
   1850 | -3.887389e-01 | -3.825602e-01 | -6.178683e-03 |  0.9344 |     9.7897 |  8.61e-04
   1875 | -3.888891e-01 | -3.823833e-01 | -6.505743e-03 |  0.9225 |    11.6325 |  8.44e-04
   1900 | -3.890011e-01 | -3.822595e-01 | -6.741626e-03 |  0.9171 |    13.1235 |  8.26e-04
   1925 | -3.890714e-01 | -3.821823e-01 | -6.889155e-03 |  0.9118 |    14.1971 |  8.08e-04
   1950 | -3.889464e-01 | -3.823302e-01 | -6.616206e-03 |  0.9229 |    12.7883 |  7.89e-04
   1975 | -3.890840e-01 | -3.822154e-01 | -6.868633e-03 |  0.9131 |    14.1574 |  7.69e-04
   2000 | -3.891910e-01 | -3.821059e-01 | -7.085118e-03 |  0.9084 |    15.5313 |  7.49e-04
   2025 | -3.891549e-01 | -3.822831e-01 | -6.871863e-03 |  0.9139 |    14.3788 |  7.28e-04
   2050 | -3.892439e-01 | -3.821342e-01 | -7.109659e-03 |  0.9079 |    15.6991 |  7.07e-04
   2075 | -3.893239e-01 | -3.820420e-01 | -7.281970e-03 |  0.9040 |    16.8484 |  6.85e-04
   2100 | -3.883125e-01 | -3.811083e-01 | -7.204200e-03 |  0.9090 |    16.4112 |  6.63e-04
   2125 | -3.893034e-01 | -3.820447e-01 | -7.258669e-03 |  0.9067 |    16.7597 |  6.40e-04
   2150 | -3.894324e-01 | -3.819645e-01 | -7.467849e-03 |  0.9018 |    18.0676 |  6.18e-04
   2175 | -3.894694e-01 | -3.818965e-01 | -7.572874e-03 |  0.8949 |    18.7975 |  5.95e-04
   2200 | -3.888969e-01 | -3.814868e-01 | -7.410140e-03 |  0.9078 |    17.7994 |  5.72e-04
   2225 | -3.894868e-01 | -3.819156e-01 | -7.571214e-03 |  0.9024 |    18.7651 |  5.48e-04
   2250 | -3.896039e-01 | -3.818802e-01 | -7.723724e-03 |  0.8965 |    19.7562 |  5.25e-04
   2275 | -3.896654e-01 | -3.818421e-01 | -7.823233e-03 |  0.8942 |    20.4212 |  5.02e-04
   2300 | -3.897246e-01 | -3.818079e-01 | -7.916771e-03 |  0.8907 |    21.0421 |  4.78e-04
   2325 | -3.897297e-01 | -3.818483e-01 | -7.881349e-03 |  0.8943 |    20.8324 |  4.55e-04
   2350 | -3.898258e-01 | -3.818022e-01 | -8.023554e-03 |  0.8906 |    21.7288 |  4.32e-04
   2375 | -3.899046e-01 | -3.817902e-01 | -8.114491e-03 |  0.8836 |    22.3294 |  4.10e-04
   2400 | -3.899706e-01 | -3.817611e-01 | -8.209518e-03 |  0.8776 |    22.9573 |  3.87e-04
   2425 | -3.896843e-01 | -3.813845e-01 | -8.299841e-03 |  0.8716 |    23.5518 |  3.65e-04
   2450 | -3.900165e-01 | -3.817000e-01 | -8.316443e-03 |  0.8693 |    23.6251 |  3.43e-04
   2475 | -3.901657e-01 | -3.817467e-01 | -8.419003e-03 |  0.8625 |    24.2969 |  3.22e-04
   2500 | -3.902308e-01 | -3.817161e-01 | -8.514758e-03 |  0.8563 |    24.9081 |  3.01e-04
   2525 | -3.902914e-01 | -3.816859e-01 | -8.605557e-03 |  0.8508 |    25.4880 |  2.81e-04
   2550 | -3.903429e-01 | -3.816497e-01 | -8.693190e-03 |  0.8459 |    26.0503 |  2.61e-04
   2575 | -3.903961e-01 | -3.816179e-01 | -8.778159e-03 |  0.8415 |    26.5782 |  2.42e-04
   2600 | -3.904420e-01 | -3.815824e-01 | -8.859542e-03 |  0.8374 |    27.0864 |  2.24e-04
   2625 | -3.904838e-01 | -3.815480e-01 | -8.935723e-03 |  0.8338 |    27.5613 |  2.06e-04
   2650 | -3.905217e-01 | -3.815147e-01 | -9.007018e-03 |  0.8304 |    28.0051 |  1.89e-04
   2675 | -3.905562e-01 | -3.814830e-01 | -9.073236e-03 |  0.8275 |    28.4173 |  1.73e-04
   2700 | -3.905874e-01 | -3.814531e-01 | -9.134335e-03 |  0.8248 |    28.7982 |  1.58e-04
   2725 | -3.906157e-01 | -3.814252e-01 | -9.190467e-03 |  0.8225 |    29.1486 |  1.43e-04
   2750 | -3.906411e-01 | -3.813993e-01 | -9.241834e-03 |  0.8204 |    29.4697 |  1.30e-04
   2775 | -3.906640e-01 | -3.813753e-01 | -9.288697e-03 |  0.8185 |    29.7629 |  1.18e-04
   2800 | -3.906845e-01 | -3.813531e-01 | -9.331340e-03 |  0.8169 |    30.0300 |  1.06e-04
   2825 | -3.907029e-01 | -3.813328e-01 | -9.370081e-03 |  0.8154 |    30.2729 |  9.56e-05
   2850 | -3.907194e-01 | -3.813142e-01 | -9.405262e-03 |  0.8141 |    30.4936 |  8.62e-05
   2875 | -3.907342e-01 | -3.812970e-01 | -9.437228e-03 |  0.8130 |    30.6943 |  7.78e-05
   2900 | -3.907475e-01 | -3.812812e-01 | -9.466357e-03 |  0.8119 |    30.8773 |  7.05e-05
   2925 | -3.907597e-01 | -3.812667e-01 | -9.493029e-03 |  0.8109 |    31.0449 |  6.42e-05
   2950 | -3.907708e-01 | -3.812532e-01 | -9.517648e-03 |  0.8101 |    31.1997 |  5.91e-05
   2975 | -3.907810e-01 | -3.812404e-01 | -9.540627e-03 |  0.8092 |    31.3442 |  5.51e-05
   3000 | -3.907907e-01 | -3.812283e-01 | -9.562397e-03 |  0.8085 |    31.4811 |  5.23e-05

  ======================================================================
  ✅ CARTILAGE COMPLETE
  Best loss: -3.907907e-01 (epoch 3000)
  Tip displacement: 31.4865 mm (expected: 8.0932 mm)
  Relative error: 289.05%
  J range: [0.808442, 1.351656]
  Training time: 406.9s (6.8min)
  ======================================================================

