╔══════════════════════════════════════════════════════════════╗
║  DPC-GNN Multi-Tissue Solid Mechanics Training Pipeline    ║
║  Physics: Neo-Hookean Hyperelastic | GNN: AntisymmetricMP  ║
╚══════════════════════════════════════════════════════════════╝

  GPU: NVIDIA GeForce RTX 5090
  VRAM: 33.7 GB
  PyTorch: 2.8.0+cu128

======================================================================
  TISSUE: BONE | E=10000000 Pa (10000.0 kPa) | ν=0.3
  Beam: 10cm x 2cm x 2cm
  Mesh: 22x7x7 | Device: cuda | Epochs: 3000
  Expected tip δ: 0.6990 mm | Scale: 6.99e-04
======================================================================
  Nodes: 1472 | Tets: 5390 | Edges: 20904
  Params: 161,731

     Ep |         Loss |         E_el |         E_gr |   J_min |  u_tip(mm) |    Err% |        lr
  ----------------------------------------------------------------------------------------
      1 | -7.454166e-03 | 2.913946e-06 | -7.457080e-03 |  0.9999 |     0.0020 |   99.7% |  2.00e-05
      2 | -7.454353e-03 | 2.803511e-06 | -7.457157e-03 |  0.9999 |     0.0022 |   99.7% |  4.00e-05
      3 | -7.452577e-03 | 4.704189e-06 | -7.457281e-03 |  0.9999 |     0.0024 |   99.7% |  6.00e-05
      4 | -7.453213e-03 | 4.201963e-06 | -7.457416e-03 |  1.0000 |     0.0026 |   99.6% |  8.00e-05
      5 | -7.453360e-03 | 4.159960e-06 | -7.457519e-03 |  0.9999 |     0.0029 |   99.6% |  1.00e-04
     25 | -7.461478e-03 | 1.137959e-05 | -7.472857e-03 |  0.9994 |     0.0402 |   94.2% |  5.00e-04
     50 | -7.477069e-03 | 2.655436e-05 | -7.503623e-03 |  0.9988 |     0.1255 |   82.1% |  1.00e-03
     75 | -7.496289e-03 | 2.684245e-05 | -7.523132e-03 |  0.9978 |     0.2023 |   71.1% |  1.00e-03
    100 | -7.503658e-03 | 3.343810e-05 | -7.537096e-03 |  0.9983 |     0.2546 |   63.6% |  9.99e-04
    125 | -7.528349e-03 | 5.268654e-05 | -7.581036e-03 |  0.9978 |     0.3927 |   43.8% |  9.98e-04
    150 | -7.493542e-03 | 3.403789e-05 | -7.527580e-03 |  0.9986 |     0.2183 |   68.8% |  9.97e-04
    175 | -7.532088e-03 | 5.890612e-05 | -7.590994e-03 |  0.9977 |     0.4131 |   40.9% |  9.96e-04
    200 | -7.538409e-03 | 6.708743e-05 | -7.605497e-03 |  0.9978 |     0.4745 |   32.1% |  9.94e-04
    225 | -7.542670e-03 | 7.765795e-05 | -7.620328e-03 |  0.9977 |     0.5284 |   24.4% |  9.92e-04
    250 | -7.511284e-03 | 8.483729e-05 | -7.596121e-03 |  0.9980 |     0.4638 |   33.6% |  9.89e-04
    275 | -7.544108e-03 | 7.676701e-05 | -7.620875e-03 |  0.9980 |     0.5336 |   23.7% |  9.86e-04
    300 | -7.545850e-03 | 8.327834e-05 | -7.629128e-03 |  0.9977 |     0.5595 |   19.9% |  9.83e-04
    325 | -7.547672e-03 | 8.727588e-05 | -7.634948e-03 |  0.9977 |     0.5837 |   16.5% |  9.80e-04
    350 | -7.529615e-03 | 8.864437e-05 | -7.618260e-03 |  0.9974 |     0.5330 |   23.7% |  9.76e-04
    375 | -7.548078e-03 | 8.797558e-05 | -7.636053e-03 |  0.9978 |     0.5862 |   16.1% |  9.72e-04
    400 | -7.550793e-03 | 9.089659e-05 | -7.641690e-03 |  0.9977 |     0.6073 |   13.1% |  9.67e-04
    425 | -7.547072e-03 | 9.674677e-05 | -7.643819e-03 |  0.9977 |     0.6166 |   11.8% |  9.62e-04
    450 | -7.549508e-03 | 9.220192e-05 | -7.641710e-03 |  0.9976 |     0.6038 |   13.6% |  9.57e-04
    475 | -7.552051e-03 | 9.435109e-05 | -7.646401e-03 |  0.9976 |     0.6243 |   10.7% |  9.52e-04
    500 | -7.543417e-03 | 1.028224e-04 | -7.646239e-03 |  0.9980 |     0.6260 |   10.4% |  9.46e-04
    525 | -7.552684e-03 | 9.424063e-05 | -7.646924e-03 |  0.9978 |     0.6262 |   10.4% |  9.40e-04
    550 | -7.552337e-03 | 9.732679e-05 | -7.649664e-03 |  0.9978 |     0.6370 |    8.9% |  9.34e-04
    575 | -7.550741e-03 | 9.294643e-05 | -7.643688e-03 |  0.9979 |     0.6139 |   12.2% |  9.27e-04
    600 | -7.552041e-03 | 9.701381e-05 | -7.649055e-03 |  0.9978 |     0.6347 |    9.2% |  9.20e-04
    625 | -7.553164e-03 | 9.718731e-05 | -7.650351e-03 |  0.9978 |     0.6398 |    8.5% |  9.13e-04
    650 | -7.553685e-03 | 9.466523e-05 | -7.648350e-03 |  0.9977 |     0.6303 |    9.8% |  9.05e-04
    675 | -7.553603e-03 | 9.663083e-05 | -7.650233e-03 |  0.9977 |     0.6391 |    8.6% |  8.98e-04
    700 | -7.553807e-03 | 9.500147e-05 | -7.648809e-03 |  0.9978 |     0.6335 |    9.4% |  8.90e-04
    725 | -7.550943e-03 | 9.959789e-05 | -7.650541e-03 |  0.9977 |     0.6395 |    8.5% |  8.81e-04
    750 | -7.553139e-03 | 9.625451e-05 | -7.649394e-03 |  0.9978 |     0.6349 |    9.2% |  8.73e-04
    775 | -7.547726e-03 | 1.006841e-04 | -7.648410e-03 |  0.9976 |     0.6327 |    9.5% |  8.64e-04
    800 | -7.552234e-03 | 9.787832e-05 | -7.650112e-03 |  0.9977 |     0.6386 |    8.6% |  8.55e-04
    825 | -7.551082e-03 | 9.946384e-05 | -7.650546e-03 |  0.9977 |     0.6395 |    8.5% |  8.46e-04
    850 | -7.553718e-03 | 9.669352e-05 | -7.650411e-03 |  0.9978 |     0.6394 |    8.5% |  8.36e-04
    875 | -7.553517e-03 | 9.593010e-05 | -7.649447e-03 |  0.9978 |     0.6357 |    9.1% |  8.26e-04
    900 | -7.551800e-03 | 9.811082e-05 | -7.649911e-03 |  0.9977 |     0.6375 |    8.8% |  8.17e-04
    925 | -7.551928e-03 | 9.658886e-05 | -7.648516e-03 |  0.9977 |     0.6334 |    9.4% |  8.06e-04
    950 | -7.552813e-03 | 9.778029e-05 | -7.650593e-03 |  0.9978 |     0.6401 |    8.4% |  7.96e-04
    975 | -7.552833e-03 | 9.788475e-05 | -7.650718e-03 |  0.9977 |     0.6404 |    8.4% |  7.85e-04
   1000 | -7.551731e-03 | 9.898578e-05 | -7.650716e-03 |  0.9977 |     0.6401 |    8.4% |  7.75e-04
   1025 | -7.549378e-03 | 9.962020e-05 | -7.648998e-03 |  0.9976 |     0.6351 |    9.1% |  7.64e-04
   1050 | -7.553222e-03 | 9.744165e-05 | -7.650663e-03 |  0.9977 |     0.6406 |    8.4% |  7.52e-04
   1075 | -7.554099e-03 | 9.686263e-05 | -7.650962e-03 |  0.9977 |     0.6415 |    8.2% |  7.41e-04
   1100 | -7.552824e-03 | 9.368054e-05 | -7.646505e-03 |  0.9978 |     0.6267 |   10.3% |  7.30e-04
   1125 | -7.554227e-03 | 9.686378e-05 | -7.651090e-03 |  0.9977 |     0.6417 |    8.2% |  7.18e-04
   1150 | -7.554168e-03 | 9.743831e-05 | -7.651607e-03 |  0.9977 |     0.6440 |    7.9% |  7.06e-04
   1175 | -7.553974e-03 | 9.305020e-05 | -7.647024e-03 |  0.9977 |     0.6287 |   10.0% |  6.94e-04
   1200 | -7.554169e-03 | 9.693042e-05 | -7.651099e-03 |  0.9977 |     0.6418 |    8.2% |  6.82e-04
   1225 | -7.553937e-03 | 9.781001e-05 | -7.651747e-03 |  0.9977 |     0.6445 |    7.8% |  6.70e-04
   1250 | -7.552570e-03 | 9.656084e-05 | -7.649131e-03 |  0.9976 |     0.6357 |    9.0% |  6.58e-04
   1275 | -7.553536e-03 | 9.783865e-05 | -7.651375e-03 |  0.9976 |     0.6428 |    8.0% |  6.46e-04
   1300 | -7.554309e-03 | 9.722105e-05 | -7.651530e-03 |  0.9977 |     0.6436 |    7.9% |  6.33e-04
   1325 | -7.550068e-03 | 1.004772e-04 | -7.650545e-03 |  0.9976 |     0.6404 |    8.4% |  6.21e-04
   1350 | -7.552907e-03 | 9.824841e-05 | -7.651156e-03 |  0.9976 |     0.6424 |    8.1% |  6.08e-04
   1375 | -7.553925e-03 | 9.799258e-05 | -7.651918e-03 |  0.9976 |     0.6452 |    7.7% |  5.95e-04
   1400 | -7.553808e-03 | 9.825826e-05 | -7.652067e-03 |  0.9976 |     0.6456 |    7.6% |  5.82e-04
   1425 | -7.553026e-03 | 9.591236e-05 | -7.648938e-03 |  0.9977 |     0.6351 |    9.1% |  5.70e-04
   1450 | -7.553655e-03 | 9.771321e-05 | -7.651369e-03 |  0.9976 |     0.6430 |    8.0% |  5.57e-04
   1475 | -7.553852e-03 | 9.809789e-05 | -7.651950e-03 |  0.9976 |     0.6452 |    7.7% |  5.44e-04
   1500 | -7.553819e-03 | 9.823269e-05 | -7.652052e-03 |  0.9976 |     0.6456 |    7.6% |  5.31e-04
   1525 | -7.553683e-03 | 9.842005e-05 | -7.652103e-03 |  0.9976 |     0.6458 |    7.6% |  5.18e-04
   1550 | -7.553562e-03 | 9.662900e-05 | -7.650191e-03 |  0.9976 |     0.6393 |    8.5% |  5.05e-04
   1575 | -7.554185e-03 | 9.749328e-05 | -7.651678e-03 |  0.9976 |     0.6441 |    7.8% |  4.92e-04
   1600 | -7.553700e-03 | 9.833081e-05 | -7.652031e-03 |  0.9976 |     0.6455 |    7.6% |  4.79e-04
   1625 | -7.553921e-03 | 9.816332e-05 | -7.652084e-03 |  0.9976 |     0.6457 |    7.6% |  4.66e-04
   1650 | -7.554125e-03 | 9.801055e-05 | -7.652135e-03 |  0.9976 |     0.6459 |    7.6% |  4.53e-04
   1675 | -7.553808e-03 | 9.835403e-05 | -7.652163e-03 |  0.9976 |     0.6460 |    7.6% |  4.40e-04
   1700 | -7.553974e-03 | 9.819565e-05 | -7.652170e-03 |  0.9976 |     0.6461 |    7.6% |  4.28e-04
   1725 | -7.552997e-03 | 9.870887e-05 | -7.651706e-03 |  0.9976 |     0.6445 |    7.8% |  4.15e-04
   1750 | -7.554125e-03 | 9.792068e-05 | -7.652046e-03 |  0.9976 |     0.6456 |    7.6% |  4.02e-04
   1775 | -7.553653e-03 | 9.855483e-05 | -7.652208e-03 |  0.9976 |     0.6462 |    7.5% |  3.89e-04
   1800 | -7.553949e-03 | 9.828771e-05 | -7.652237e-03 |  0.9976 |     0.6463 |    7.5% |  3.77e-04
   1825 | -7.553754e-03 | 9.851323e-05 | -7.652268e-03 |  0.9976 |     0.6464 |    7.5% |  3.64e-04
   1850 | -7.553851e-03 | 9.843694e-05 | -7.652288e-03 |  0.9976 |     0.6465 |    7.5% |  3.52e-04
   1875 | -7.553871e-03 | 9.843705e-05 | -7.652308e-03 |  0.9976 |     0.6465 |    7.5% |  3.40e-04
   1900 | -7.554035e-03 | 9.829236e-05 | -7.652327e-03 |  0.9976 |     0.6466 |    7.5% |  3.28e-04
   1925 | -7.554247e-03 | 9.809704e-05 | -7.652344e-03 |  0.9976 |     0.6467 |    7.5% |  3.16e-04
   1950 | -7.553829e-03 | 9.853354e-05 | -7.652363e-03 |  0.9976 |     0.6467 |    7.5% |  3.04e-04
   1975 | -7.553999e-03 | 9.838089e-05 | -7.652380e-03 |  0.9976 |     0.6468 |    7.5% |  2.92e-04
   2000 | -7.553976e-03 | 9.841876e-05 | -7.652395e-03 |  0.9976 |     0.6468 |    7.5% |  2.80e-04
   2025 | -7.553924e-03 | 9.848784e-05 | -7.652412e-03 |  0.9976 |     0.6469 |    7.4% |  2.69e-04
   2050 | -7.554334e-03 | 9.809266e-05 | -7.652426e-03 |  0.9976 |     0.6470 |    7.4% |  2.57e-04
   2075 | -7.554340e-03 | 9.810087e-05 | -7.652441e-03 |  0.9976 |     0.6470 |    7.4% |  2.46e-04
   2100 | -7.554068e-03 | 9.838753e-05 | -7.652456e-03 |  0.9976 |     0.6471 |    7.4% |  2.35e-04
   2125 | -7.554159e-03 | 9.831091e-05 | -7.652469e-03 |  0.9976 |     0.6471 |    7.4% |  2.25e-04
   2150 | -7.554117e-03 | 9.836392e-05 | -7.652481e-03 |  0.9976 |     0.6471 |    7.4% |  2.14e-04
   2175 | -7.554176e-03 | 9.831812e-05 | -7.652495e-03 |  0.9976 |     0.6472 |    7.4% |  2.04e-04
   2200 | -7.554088e-03 | 9.842079e-05 | -7.652509e-03 |  0.9976 |     0.6472 |    7.4% |  1.93e-04
   2225 | -7.554018e-03 | 9.850123e-05 | -7.652520e-03 |  0.9976 |     0.6473 |    7.4% |  1.84e-04
   2250 | -7.553840e-03 | 9.869177e-05 | -7.652532e-03 |  0.9976 |     0.6473 |    7.4% |  1.74e-04
   2275 | -7.553975e-03 | 9.856561e-05 | -7.652541e-03 |  0.9976 |     0.6473 |    7.4% |  1.64e-04
   2300 | -7.553827e-03 | 9.872465e-05 | -7.652552e-03 |  0.9976 |     0.6474 |    7.4% |  1.55e-04
   2325 | -7.553945e-03 | 9.861810e-05 | -7.652563e-03 |  0.9976 |     0.6474 |    7.4% |  1.46e-04
   2350 | -7.553872e-03 | 9.869975e-05 | -7.652572e-03 |  0.9976 |     0.6475 |    7.4% |  1.37e-04
   2375 | -7.553975e-03 | 9.860483e-05 | -7.652580e-03 |  0.9976 |     0.6475 |    7.4% |  1.29e-04
   2400 | -7.554022e-03 | 9.856700e-05 | -7.652589e-03 |  0.9976 |     0.6475 |    7.4% |  1.20e-04
   2425 | -7.554055e-03 | 9.854130e-05 | -7.652597e-03 |  0.9976 |     0.6475 |    7.4% |  1.12e-04
   2450 | -7.553937e-03 | 9.866757e-05 | -7.652605e-03 |  0.9976 |     0.6476 |    7.4% |  1.05e-04
   2475 | -7.554099e-03 | 9.851259e-05 | -7.652612e-03 |  0.9976 |     0.6476 |    7.4% |  9.71e-05
   2500 | -7.554097e-03 | 9.852169e-05 | -7.652619e-03 |  0.9976 |     0.6476 |    7.3% |  8.99e-05
   2525 | -7.554158e-03 | 9.846715e-05 | -7.652625e-03 |  0.9976 |     0.6476 |    7.3% |  8.29e-05
   2550 | -7.554200e-03 | 9.843182e-05 | -7.652632e-03 |  0.9976 |     0.6477 |    7.3% |  7.63e-05
   2575 | -7.554131e-03 | 9.850628e-05 | -7.652638e-03 |  0.9976 |     0.6477 |    7.3% |  7.00e-05
   2600 | -7.554017e-03 | 9.862447e-05 | -7.652641e-03 |  0.9976 |     0.6477 |    7.3% |  6.40e-05
   2625 | -7.554026e-03 | 9.862031e-05 | -7.652647e-03 |  0.9976 |     0.6477 |    7.3% |  5.82e-05
   2650 | -7.554425e-03 | 9.822681e-05 | -7.652652e-03 |  0.9976 |     0.6477 |    7.3% |  5.28e-05
   2675 | -7.554081e-03 | 9.857489e-05 | -7.652656e-03 |  0.9976 |     0.6477 |    7.3% |  4.77e-05
   2700 | -7.554042e-03 | 9.861913e-05 | -7.652661e-03 |  0.9976 |     0.6477 |    7.3% |  4.29e-05
   2725 | -7.554221e-03 | 9.844305e-05 | -7.652664e-03 |  0.9976 |     0.6478 |    7.3% |  3.84e-05
   2750 | -7.553916e-03 | 9.875141e-05 | -7.652667e-03 |  0.9976 |     0.6478 |    7.3% |  3.42e-05
   2775 | -7.553889e-03 | 9.878023e-05 | -7.652669e-03 |  0.9976 |     0.6478 |    7.3% |  3.04e-05
   2800 | -7.553939e-03 | 9.873309e-05 | -7.652672e-03 |  0.9976 |     0.6478 |    7.3% |  2.69e-05
   2825 | -7.554060e-03 | 9.861511e-05 | -7.652675e-03 |  0.9976 |     0.6478 |    7.3% |  2.37e-05
   2850 | -7.553932e-03 | 9.874578e-05 | -7.652678e-03 |  0.9976 |     0.6478 |    7.3% |  2.08e-05
   2875 | -7.553805e-03 | 9.887471e-05 | -7.652679e-03 |  0.9976 |     0.6478 |    7.3% |  1.83e-05
   2900 | -7.553924e-03 | 9.875736e-05 | -7.652681e-03 |  0.9976 |     0.6478 |    7.3% |  1.61e-05
   2925 | -7.554037e-03 | 9.864586e-05 | -7.652683e-03 |  0.9976 |     0.6478 |    7.3% |  1.42e-05
   2950 | -7.554037e-03 | 9.864689e-05 | -7.652684e-03 |  0.9976 |     0.6478 |    7.3% |  1.27e-05
   2975 | -7.553958e-03 | 9.872691e-05 | -7.652685e-03 |  0.9976 |     0.6478 |    7.3% |  1.15e-05
   3000 | -7.554141e-03 | 9.854510e-05 | -7.652686e-03 |  0.9976 |     0.6478 |    7.3% |  1.07e-05

  ======================================================================
  ✅ BONE COMPLETE
  Best error: 7.31% (epoch 3000) | Best loss: -7.554609e-03 (epoch 1160)
  Tip displacement: 0.6478 mm (expected: 0.6990 mm)
  Relative error: 7.31%
  J range: [0.997560, 1.002460]
  Training time: 127.0s (2.1min)
  ======================================================================

