╔══════════════════════════════════════════════════════════════╗
║  DPC-GNN Multi-Tissue Solid Mechanics Training Pipeline    ║
║  Physics: Neo-Hookean Hyperelastic | GNN: AntisymmetricMP  ║
╚══════════════════════════════════════════════════════════════╝

  GPU: NVIDIA GeForce RTX 5090
  VRAM: 33.7 GB
  PyTorch: 2.8.0+cu128

======================================================================
  TISSUE: BONE | E=10000000 Pa (10000.0 kPa) | ν=0.3
  Beam: 10cm x 2cm x 2cm
  Mesh: 22x7x7 | Device: cuda | Epochs: 3000
  Expected tip δ: 0.6990 mm | Scale: 6.99e-04
======================================================================
  Nodes: 1472 | Tets: 5390 | Edges: 20904
  Params: 161,731

     Ep |         Loss |         E_el |         E_gr |   J_min |  u_tip(mm) |    Err% |        lr
  ----------------------------------------------------------------------------------------
      1 | -7.454292e-03 | 2.172883e-06 | -7.456465e-03 |  0.9995 |     0.0011 |   99.8% |  2.00e-05
      2 | -7.454998e-03 | 1.557709e-06 | -7.456556e-03 |  0.9996 |     0.0012 |   99.8% |  4.00e-05
      3 | -7.455538e-03 | 1.199493e-06 | -7.456738e-03 |  0.9997 |     0.0015 |   99.8% |  6.00e-05
      4 | -7.454738e-03 | 2.273088e-06 | -7.457010e-03 |  0.9999 |     0.0019 |   99.7% |  8.00e-05
      5 | -7.455264e-03 | 2.097484e-06 | -7.457362e-03 |  1.0000 |     0.0024 |   99.7% |  1.00e-04
     25 | -7.459274e-03 | 3.501208e-06 | -7.462775e-03 |  0.9998 |     0.0159 |   97.7% |  5.00e-04
     50 | -7.477274e-03 | 1.863200e-05 | -7.495906e-03 |  0.9986 |     0.1025 |   85.3% |  1.00e-03
     75 | -7.490648e-03 | 2.813236e-05 | -7.518780e-03 |  0.9982 |     0.1877 |   73.1% |  1.00e-03
    100 | -7.500140e-03 | 4.895559e-05 | -7.549096e-03 |  0.9980 |     0.2892 |   58.6% |  9.99e-04
    125 | -7.523900e-03 | 4.697580e-05 | -7.570876e-03 |  0.9974 |     0.3575 |   48.9% |  9.98e-04
    150 | -7.510327e-03 | 8.408367e-05 | -7.594410e-03 |  0.9975 |     0.4407 |   37.0% |  9.97e-04
    175 | -7.537115e-03 | 5.878993e-05 | -7.595905e-03 |  0.9977 |     0.4421 |   36.8% |  9.96e-04
    200 | -7.542141e-03 | 7.249928e-05 | -7.614640e-03 |  0.9972 |     0.5093 |   27.1% |  9.94e-04
    225 | -7.509189e-03 | 6.905531e-05 | -7.578244e-03 |  0.9979 |     0.3944 |   43.6% |  9.92e-04
    250 | -7.541534e-03 | 7.137367e-05 | -7.612907e-03 |  0.9978 |     0.5067 |   27.5% |  9.89e-04
    275 | -7.546208e-03 | 8.057919e-05 | -7.626787e-03 |  0.9974 |     0.5545 |   20.7% |  9.86e-04
    300 | -7.548322e-03 | 8.639200e-05 | -7.634713e-03 |  0.9973 |     0.5861 |   16.1% |  9.83e-04
    325 | -7.548354e-03 | 9.080071e-05 | -7.639154e-03 |  0.9973 |     0.5982 |   14.4% |  9.80e-04
    350 | -7.549329e-03 | 8.924214e-05 | -7.638571e-03 |  0.9975 |     0.5967 |   14.6% |  9.76e-04
    375 | -7.549401e-03 | 9.115720e-05 | -7.640558e-03 |  0.9977 |     0.6056 |   13.4% |  9.72e-04
    400 | -7.549431e-03 | 9.228269e-05 | -7.641714e-03 |  0.9976 |     0.6080 |   13.0% |  9.67e-04
    425 | -7.552315e-03 | 8.772510e-05 | -7.640040e-03 |  0.9978 |     0.6036 |   13.6% |  9.62e-04
    450 | -7.550880e-03 | 9.614275e-05 | -7.647023e-03 |  0.9977 |     0.6271 |   10.3% |  9.57e-04
    475 | -7.551020e-03 | 9.658351e-05 | -7.647603e-03 |  0.9977 |     0.6288 |   10.0% |  9.52e-04
    500 | -7.551367e-03 | 9.377685e-05 | -7.645144e-03 |  0.9978 |     0.6185 |   11.5% |  9.46e-04
    525 | -7.552387e-03 | 9.587909e-05 | -7.648266e-03 |  0.9977 |     0.6315 |    9.7% |  9.40e-04
    550 | -7.551661e-03 | 9.458879e-05 | -7.646250e-03 |  0.9977 |     0.6239 |   10.7% |  9.34e-04
    575 | -7.551558e-03 | 9.454772e-05 | -7.646106e-03 |  0.9979 |     0.6248 |   10.6% |  9.27e-04
    600 | -7.551673e-03 | 9.438732e-05 | -7.646061e-03 |  0.9977 |     0.6238 |   10.8% |  9.20e-04
    625 | -7.551709e-03 | 9.434344e-05 | -7.646052e-03 |  0.9977 |     0.6234 |   10.8% |  9.13e-04
    650 | -7.550221e-03 | 9.630385e-05 | -7.646525e-03 |  0.9979 |     0.6261 |   10.4% |  9.05e-04
    675 | -7.550306e-03 | 9.794566e-05 | -7.648251e-03 |  0.9977 |     0.6313 |    9.7% |  8.98e-04
    700 | -7.553262e-03 | 9.413703e-05 | -7.647399e-03 |  0.9978 |     0.6290 |   10.0% |  8.90e-04
    725 | -7.553215e-03 | 9.331704e-05 | -7.646532e-03 |  0.9979 |     0.6254 |   10.5% |  8.81e-04
    750 | -7.550242e-03 | 9.782874e-05 | -7.648071e-03 |  0.9977 |     0.6301 |    9.8% |  8.73e-04
    775 | -7.552516e-03 | 9.567985e-05 | -7.648196e-03 |  0.9979 |     0.6323 |    9.5% |  8.64e-04
    800 | -7.553355e-03 | 9.405905e-05 | -7.647414e-03 |  0.9978 |     0.6285 |   10.1% |  8.55e-04
    825 | -7.550963e-03 | 9.734031e-05 | -7.648303e-03 |  0.9977 |     0.6308 |    9.7% |  8.46e-04
    850 | -7.553102e-03 | 9.560010e-05 | -7.648703e-03 |  0.9978 |     0.6339 |    9.3% |  8.36e-04
    875 | -7.553067e-03 | 9.466976e-05 | -7.647737e-03 |  0.9978 |     0.6303 |    9.8% |  8.26e-04
    900 | -7.552792e-03 | 9.602368e-05 | -7.648815e-03 |  0.9977 |     0.6337 |    9.3% |  8.17e-04
    925 | -7.551660e-03 | 9.722529e-05 | -7.648885e-03 |  0.9977 |     0.6333 |    9.4% |  8.06e-04
    950 | -7.549844e-03 | 9.877828e-05 | -7.648623e-03 |  0.9976 |     0.6323 |    9.5% |  7.96e-04
    975 | -7.553290e-03 | 9.594758e-05 | -7.649237e-03 |  0.9978 |     0.6360 |    9.0% |  7.85e-04
   1000 | -7.551857e-03 | 9.668850e-05 | -7.648545e-03 |  0.9978 |     0.6337 |    9.3% |  7.75e-04
   1025 | -7.552383e-03 | 9.773600e-05 | -7.650118e-03 |  0.9977 |     0.6382 |    8.7% |  7.64e-04
   1050 | -7.552074e-03 | 9.752487e-05 | -7.649599e-03 |  0.9977 |     0.6359 |    9.0% |  7.52e-04
   1075 | -7.551001e-03 | 9.876355e-05 | -7.649764e-03 |  0.9977 |     0.6365 |    8.9% |  7.41e-04
   1100 | -7.553694e-03 | 9.631687e-05 | -7.650011e-03 |  0.9978 |     0.6381 |    8.7% |  7.30e-04
   1125 | -7.553682e-03 | 9.638000e-05 | -7.650062e-03 |  0.9978 |     0.6382 |    8.7% |  7.18e-04
   1150 | -7.553028e-03 | 9.565359e-05 | -7.648682e-03 |  0.9978 |     0.6340 |    9.3% |  7.06e-04
   1175 | -7.552729e-03 | 9.777531e-05 | -7.650504e-03 |  0.9977 |     0.6397 |    8.5% |  6.94e-04
   1200 | -7.553062e-03 | 9.597841e-05 | -7.649040e-03 |  0.9977 |     0.6345 |    9.2% |  6.82e-04
   1225 | -7.552161e-03 | 9.833882e-05 | -7.650500e-03 |  0.9977 |     0.6392 |    8.5% |  6.70e-04
   1250 | -7.553377e-03 | 9.761693e-05 | -7.650994e-03 |  0.9977 |     0.6414 |    8.2% |  6.58e-04
   1275 | -7.552778e-03 | 9.469934e-05 | -7.647478e-03 |  0.9976 |     0.6288 |   10.0% |  6.46e-04
   1300 | -7.553670e-03 | 9.668196e-05 | -7.650352e-03 |  0.9978 |     0.6391 |    8.6% |  6.33e-04
   1325 | -7.552830e-03 | 9.824136e-05 | -7.651071e-03 |  0.9977 |     0.6417 |    8.2% |  6.21e-04
   1350 | -7.553271e-03 | 9.782353e-05 | -7.651094e-03 |  0.9977 |     0.6419 |    8.2% |  6.08e-04
   1375 | -7.553022e-03 | 9.819190e-05 | -7.651214e-03 |  0.9977 |     0.6422 |    8.1% |  5.95e-04
   1400 | -7.552733e-03 | 9.668614e-05 | -7.649419e-03 |  0.9977 |     0.6358 |    9.0% |  5.82e-04
   1425 | -7.553005e-03 | 9.793023e-05 | -7.650935e-03 |  0.9977 |     0.6411 |    8.3% |  5.70e-04
   1450 | -7.553489e-03 | 9.770076e-05 | -7.651190e-03 |  0.9977 |     0.6423 |    8.1% |  5.57e-04
   1475 | -7.553404e-03 | 9.785555e-05 | -7.651259e-03 |  0.9977 |     0.6425 |    8.1% |  5.44e-04
   1500 | -7.553572e-03 | 9.776381e-05 | -7.651336e-03 |  0.9977 |     0.6427 |    8.0% |  5.31e-04
   1525 | -7.553528e-03 | 9.599488e-05 | -7.649522e-03 |  0.9977 |     0.6371 |    8.9% |  5.18e-04
   1550 | -7.553868e-03 | 9.720172e-05 | -7.651070e-03 |  0.9977 |     0.6418 |    8.2% |  5.05e-04
   1575 | -7.553278e-03 | 9.803835e-05 | -7.651316e-03 |  0.9977 |     0.6427 |    8.1% |  4.92e-04
   1600 | -7.553136e-03 | 9.826169e-05 | -7.651397e-03 |  0.9977 |     0.6430 |    8.0% |  4.79e-04
   1625 | -7.553487e-03 | 9.792026e-05 | -7.651407e-03 |  0.9977 |     0.6430 |    8.0% |  4.66e-04
   1650 | -7.553613e-03 | 9.780809e-05 | -7.651421e-03 |  0.9977 |     0.6431 |    8.0% |  4.53e-04
   1675 | -7.553302e-03 | 9.813414e-05 | -7.651436e-03 |  0.9977 |     0.6431 |    8.0% |  4.40e-04
   1700 | -7.553359e-03 | 9.808876e-05 | -7.651447e-03 |  0.9977 |     0.6432 |    8.0% |  4.28e-04
   1725 | -7.553553e-03 | 9.791146e-05 | -7.651464e-03 |  0.9977 |     0.6432 |    8.0% |  4.15e-04
   1750 | -7.553305e-03 | 9.817287e-05 | -7.651478e-03 |  0.9977 |     0.6433 |    8.0% |  4.02e-04
   1775 | -7.553404e-03 | 9.809250e-05 | -7.651497e-03 |  0.9977 |     0.6433 |    8.0% |  3.89e-04
   1800 | -7.553511e-03 | 9.800235e-05 | -7.651513e-03 |  0.9977 |     0.6434 |    7.9% |  3.77e-04
   1825 | -7.553471e-03 | 9.806655e-05 | -7.651538e-03 |  0.9977 |     0.6435 |    7.9% |  3.64e-04
   1850 | -7.553527e-03 | 9.802909e-05 | -7.651556e-03 |  0.9977 |     0.6436 |    7.9% |  3.52e-04
   1875 | -7.553460e-03 | 9.811755e-05 | -7.651578e-03 |  0.9977 |     0.6436 |    7.9% |  3.40e-04
   1900 | -7.553444e-03 | 9.815616e-05 | -7.651601e-03 |  0.9976 |     0.6437 |    7.9% |  3.28e-04
   1925 | -7.553358e-03 | 9.826558e-05 | -7.651623e-03 |  0.9976 |     0.6438 |    7.9% |  3.16e-04
   1950 | -7.553802e-03 | 9.784127e-05 | -7.651644e-03 |  0.9976 |     0.6439 |    7.9% |  3.04e-04
   1975 | -7.553793e-03 | 9.787476e-05 | -7.651667e-03 |  0.9976 |     0.6440 |    7.9% |  2.92e-04
   2000 | -7.553507e-03 | 9.818177e-05 | -7.651689e-03 |  0.9976 |     0.6440 |    7.9% |  2.80e-04
   2025 | -7.553553e-03 | 9.815626e-05 | -7.651709e-03 |  0.9976 |     0.6441 |    7.8% |  2.69e-04
   2050 | -7.553459e-03 | 9.827076e-05 | -7.651730e-03 |  0.9976 |     0.6442 |    7.8% |  2.57e-04
   2075 | -7.553733e-03 | 9.801747e-05 | -7.651750e-03 |  0.9976 |     0.6443 |    7.8% |  2.46e-04
   2100 | -7.553664e-03 | 9.810426e-05 | -7.651768e-03 |  0.9976 |     0.6443 |    7.8% |  2.35e-04
   2125 | -7.553628e-03 | 9.815836e-05 | -7.651786e-03 |  0.9976 |     0.6444 |    7.8% |  2.25e-04
   2150 | -7.553451e-03 | 9.835251e-05 | -7.651803e-03 |  0.9976 |     0.6445 |    7.8% |  2.14e-04
   2175 | -7.553732e-03 | 9.808745e-05 | -7.651820e-03 |  0.9976 |     0.6445 |    7.8% |  2.04e-04
   2200 | -7.553642e-03 | 9.819366e-05 | -7.651836e-03 |  0.9976 |     0.6446 |    7.8% |  1.93e-04
   2225 | -7.553835e-03 | 9.801421e-05 | -7.651850e-03 |  0.9976 |     0.6446 |    7.8% |  1.84e-04
   2250 | -7.553886e-03 | 9.797871e-05 | -7.651865e-03 |  0.9976 |     0.6447 |    7.8% |  1.74e-04
   2275 | -7.553906e-03 | 9.797070e-05 | -7.651877e-03 |  0.9976 |     0.6447 |    7.8% |  1.64e-04
   2300 | -7.553708e-03 | 9.818301e-05 | -7.651891e-03 |  0.9976 |     0.6448 |    7.8% |  1.55e-04
   2325 | -7.553771e-03 | 9.813168e-05 | -7.651903e-03 |  0.9976 |     0.6448 |    7.7% |  1.46e-04
   2350 | -7.553801e-03 | 9.811088e-05 | -7.651913e-03 |  0.9976 |     0.6448 |    7.7% |  1.37e-04
   2375 | -7.553608e-03 | 9.831670e-05 | -7.651925e-03 |  0.9976 |     0.6449 |    7.7% |  1.29e-04
   2400 | -7.553505e-03 | 9.842886e-05 | -7.651933e-03 |  0.9976 |     0.6449 |    7.7% |  1.20e-04
   2425 | -7.553552e-03 | 9.839155e-05 | -7.651944e-03 |  0.9976 |     0.6449 |    7.7% |  1.12e-04
   2450 | -7.553578e-03 | 9.837615e-05 | -7.651954e-03 |  0.9976 |     0.6450 |    7.7% |  1.05e-04
   2475 | -7.553498e-03 | 9.846202e-05 | -7.651960e-03 |  0.9976 |     0.6450 |    7.7% |  9.71e-05
   2500 | -7.553685e-03 | 9.828432e-05 | -7.651970e-03 |  0.9976 |     0.6450 |    7.7% |  8.99e-05
   2525 | -7.553723e-03 | 9.825257e-05 | -7.651975e-03 |  0.9976 |     0.6451 |    7.7% |  8.29e-05
   2550 | -7.553705e-03 | 9.827970e-05 | -7.651984e-03 |  0.9976 |     0.6451 |    7.7% |  7.63e-05
   2575 | -7.553814e-03 | 9.817546e-05 | -7.651989e-03 |  0.9976 |     0.6451 |    7.7% |  7.00e-05
   2600 | -7.553525e-03 | 9.847051e-05 | -7.651995e-03 |  0.9976 |     0.6451 |    7.7% |  6.40e-05
   2625 | -7.553714e-03 | 9.828738e-05 | -7.652001e-03 |  0.9976 |     0.6451 |    7.7% |  5.82e-05
   2650 | -7.553492e-03 | 9.851447e-05 | -7.652006e-03 |  0.9976 |     0.6452 |    7.7% |  5.28e-05
   2675 | -7.553658e-03 | 9.835360e-05 | -7.652011e-03 |  0.9976 |     0.6452 |    7.7% |  4.77e-05
   2700 | -7.553655e-03 | 9.836051e-05 | -7.652015e-03 |  0.9976 |     0.6452 |    7.7% |  4.29e-05
   2725 | -7.553708e-03 | 9.831131e-05 | -7.652019e-03 |  0.9976 |     0.6452 |    7.7% |  3.84e-05
   2750 | -7.553597e-03 | 9.842487e-05 | -7.652022e-03 |  0.9976 |     0.6452 |    7.7% |  3.42e-05
   2775 | -7.553737e-03 | 9.828746e-05 | -7.652025e-03 |  0.9976 |     0.6452 |    7.7% |  3.04e-05
   2800 | -7.553452e-03 | 9.857617e-05 | -7.652028e-03 |  0.9976 |     0.6452 |    7.7% |  2.69e-05
   2825 | -7.553302e-03 | 9.872852e-05 | -7.652031e-03 |  0.9976 |     0.6453 |    7.7% |  2.37e-05
   2850 | -7.553866e-03 | 9.816745e-05 | -7.652033e-03 |  0.9976 |     0.6453 |    7.7% |  2.08e-05
   2875 | -7.553669e-03 | 9.836661e-05 | -7.652036e-03 |  0.9976 |     0.6453 |    7.7% |  1.83e-05
   2900 | -7.553674e-03 | 9.836310e-05 | -7.652037e-03 |  0.9976 |     0.6453 |    7.7% |  1.61e-05
   2925 | -7.553882e-03 | 9.815634e-05 | -7.652039e-03 |  0.9976 |     0.6453 |    7.7% |  1.42e-05
   2950 | -7.553909e-03 | 9.813116e-05 | -7.652040e-03 |  0.9976 |     0.6453 |    7.7% |  1.27e-05
   2975 | -7.553841e-03 | 9.820060e-05 | -7.652042e-03 |  0.9976 |     0.6453 |    7.7% |  1.15e-05
   3000 | -7.553980e-03 | 9.806332e-05 | -7.652043e-03 |  0.9976 |     0.6453 |    7.7% |  1.07e-05

  ======================================================================
  ✅ BONE COMPLETE
  Best error: 7.68% (epoch 3000) | Best loss: -7.554177e-03 (epoch 2998)
  Tip displacement: 0.6453 mm (expected: 0.6990 mm)
  Relative error: 7.68%
  J range: [0.997613, 1.002381]
  Training time: 131.9s (2.2min)
  ======================================================================

