╔══════════════════════════════════════════════════════════════╗
║  DPC-GNN Multi-Tissue Solid Mechanics Training Pipeline    ║
║  Physics: Neo-Hookean Hyperelastic | GNN: AntisymmetricMP  ║
╚══════════════════════════════════════════════════════════════╝

  GPU: NVIDIA GeForce RTX 5090
  VRAM: 33.7 GB
  PyTorch: 2.8.0+cu128

======================================================================
  TISSUE: BONE | E=10000000 Pa (10000.0 kPa) | ν=0.3
  Beam: 10cm x 2cm x 2cm
  Mesh: 22x7x7 | Device: cuda | Epochs: 3000
  Expected tip δ: 0.6990 mm | Scale: 6.99e-04
======================================================================
  Nodes: 1472 | Tets: 5390 | Edges: 20904
  Params: 161,731

     Ep |         Loss |         E_el |         E_gr |   J_min |  u_tip(mm) |    Err% |        lr
  ----------------------------------------------------------------------------------------
      1 | -7.448616e-03 | 6.440145e-06 | -7.455057e-03 |  0.9994 |    -0.0004 |   99.9% |  2.00e-05
      2 | -7.449372e-03 | 5.840152e-06 | -7.455213e-03 |  0.9994 |    -0.0003 |  100.0% |  4.00e-05
      3 | -7.451007e-03 | 4.518978e-06 | -7.455526e-03 |  0.9996 |     0.0001 |  100.0% |  6.00e-05
      4 | -7.452149e-03 | 3.842574e-06 | -7.455992e-03 |  0.9997 |     0.0007 |   99.9% |  8.00e-05
      5 | -7.454198e-03 | 2.399287e-06 | -7.456597e-03 |  0.9999 |     0.0014 |   99.8% |  1.00e-04
     25 | -7.456386e-03 | 7.296868e-06 | -7.463682e-03 |  0.9995 |     0.0196 |   97.2% |  5.00e-04
     50 | -7.472238e-03 | 2.807009e-05 | -7.500308e-03 |  0.9983 |     0.1102 |   84.2% |  1.00e-03
     75 | -7.485089e-03 | 1.859977e-05 | -7.503689e-03 |  0.9986 |     0.1432 |   79.5% |  1.00e-03
    100 | -7.501857e-03 | 3.106871e-05 | -7.532926e-03 |  0.9979 |     0.2272 |   67.5% |  9.99e-04
    125 | -7.500377e-03 | 4.359814e-05 | -7.543975e-03 |  0.9984 |     0.2818 |   59.7% |  9.98e-04
    150 | -7.529540e-03 | 5.679905e-05 | -7.586339e-03 |  0.9978 |     0.4083 |   41.6% |  9.97e-04
    175 | -7.537974e-03 | 6.409717e-05 | -7.602071e-03 |  0.9974 |     0.4615 |   34.0% |  9.96e-04
    200 | -7.537687e-03 | 7.743874e-05 | -7.615125e-03 |  0.9974 |     0.5042 |   27.9% |  9.94e-04
    225 | -7.544431e-03 | 7.579663e-05 | -7.620228e-03 |  0.9976 |     0.5289 |   24.3% |  9.92e-04
    250 | -7.536793e-03 | 9.028098e-05 | -7.627074e-03 |  0.9977 |     0.5542 |   20.7% |  9.89e-04
    275 | -7.548160e-03 | 8.531555e-05 | -7.633476e-03 |  0.9977 |     0.5764 |   17.5% |  9.86e-04
    300 | -7.544605e-03 | 8.135903e-05 | -7.625964e-03 |  0.9982 |     0.5510 |   21.2% |  9.83e-04
    325 | -7.549142e-03 | 9.101533e-05 | -7.640157e-03 |  0.9976 |     0.6012 |   14.0% |  9.80e-04
    350 | -7.551047e-03 | 9.288893e-05 | -7.643936e-03 |  0.9977 |     0.6172 |   11.7% |  9.76e-04
    375 | -7.547156e-03 | 8.665069e-05 | -7.633807e-03 |  0.9977 |     0.5768 |   17.5% |  9.72e-04
    400 | -7.552115e-03 | 9.179587e-05 | -7.643911e-03 |  0.9978 |     0.6174 |   11.7% |  9.67e-04
    425 | -7.552455e-03 | 9.408692e-05 | -7.646542e-03 |  0.9977 |     0.6268 |   10.3% |  9.62e-04
    450 | -7.549449e-03 | 8.823945e-05 | -7.637689e-03 |  0.9978 |     0.5963 |   14.7% |  9.57e-04
    475 | -7.552333e-03 | 9.405015e-05 | -7.646383e-03 |  0.9978 |     0.6261 |   10.4% |  9.52e-04
    500 | -7.553126e-03 | 9.337986e-05 | -7.646506e-03 |  0.9978 |     0.6264 |   10.4% |  9.46e-04
    525 | -7.544525e-03 | 8.461830e-05 | -7.629143e-03 |  0.9982 |     0.5688 |   18.6% |  9.40e-04
    550 | -7.550966e-03 | 9.567011e-05 | -7.646636e-03 |  0.9977 |     0.6252 |   10.5% |  9.34e-04
    575 | -7.553326e-03 | 9.540036e-05 | -7.648727e-03 |  0.9977 |     0.6337 |    9.3% |  9.27e-04
    600 | -7.553450e-03 | 9.598352e-05 | -7.649433e-03 |  0.9977 |     0.6367 |    8.9% |  9.20e-04
    625 | -7.550882e-03 | 9.287885e-05 | -7.643761e-03 |  0.9979 |     0.6153 |   12.0% |  9.13e-04
    650 | -7.552876e-03 | 9.603996e-05 | -7.648916e-03 |  0.9977 |     0.6341 |    9.3% |  9.05e-04
    675 | -7.551709e-03 | 9.754284e-05 | -7.649252e-03 |  0.9977 |     0.6366 |    8.9% |  8.98e-04
    700 | -7.552641e-03 | 9.534798e-05 | -7.647989e-03 |  0.9978 |     0.6302 |    9.8% |  8.90e-04
    725 | -7.550910e-03 | 9.297085e-05 | -7.643880e-03 |  0.9979 |     0.6187 |   11.5% |  8.81e-04
    750 | -7.552703e-03 | 9.584893e-05 | -7.648552e-03 |  0.9978 |     0.6332 |    9.4% |  8.73e-04
    775 | -7.553773e-03 | 9.500794e-05 | -7.648781e-03 |  0.9977 |     0.6336 |    9.4% |  8.64e-04
    800 | -7.553950e-03 | 9.157044e-05 | -7.645521e-03 |  0.9978 |     0.6220 |   11.0% |  8.55e-04
    825 | -7.553495e-03 | 9.604839e-05 | -7.649543e-03 |  0.9977 |     0.6364 |    9.0% |  8.46e-04
    850 | -7.551598e-03 | 9.819038e-05 | -7.649789e-03 |  0.9976 |     0.6365 |    8.9% |  8.36e-04
    875 | -7.547461e-03 | 1.025760e-04 | -7.650037e-03 |  0.9975 |     0.6367 |    8.9% |  8.26e-04
    900 | -7.552933e-03 | 9.693799e-05 | -7.649871e-03 |  0.9977 |     0.6367 |    8.9% |  8.17e-04
    925 | -7.553520e-03 | 9.674256e-05 | -7.650263e-03 |  0.9977 |     0.6389 |    8.6% |  8.06e-04
    950 | -7.553389e-03 | 9.022011e-05 | -7.643609e-03 |  0.9978 |     0.6172 |   11.7% |  7.96e-04
    975 | -7.552566e-03 | 9.797990e-05 | -7.650546e-03 |  0.9976 |     0.6387 |    8.6% |  7.85e-04
   1000 | -7.553813e-03 | 9.730196e-05 | -7.651115e-03 |  0.9977 |     0.6415 |    8.2% |  7.75e-04
   1025 | -7.550982e-03 | 9.578623e-05 | -7.646768e-03 |  0.9979 |     0.6281 |   10.1% |  7.64e-04
   1050 | -7.553465e-03 | 9.715786e-05 | -7.650623e-03 |  0.9977 |     0.6401 |    8.4% |  7.52e-04
   1075 | -7.554512e-03 | 9.655789e-05 | -7.651070e-03 |  0.9977 |     0.6415 |    8.2% |  7.41e-04
   1100 | -7.552833e-03 | 9.508103e-05 | -7.647914e-03 |  0.9978 |     0.6310 |    9.7% |  7.30e-04
   1125 | -7.553384e-03 | 9.758045e-05 | -7.650964e-03 |  0.9976 |     0.6409 |    8.3% |  7.18e-04
   1150 | -7.552630e-03 | 9.888603e-05 | -7.651516e-03 |  0.9976 |     0.6424 |    8.1% |  7.06e-04
   1175 | -7.552470e-03 | 9.891779e-05 | -7.651387e-03 |  0.9976 |     0.6416 |    8.2% |  6.94e-04
   1200 | -7.552201e-03 | 9.955410e-05 | -7.651755e-03 |  0.9976 |     0.6431 |    8.0% |  6.82e-04
   1225 | -7.554187e-03 | 9.695294e-05 | -7.651140e-03 |  0.9977 |     0.6415 |    8.2% |  6.70e-04
   1250 | -7.554311e-03 | 9.732969e-05 | -7.651641e-03 |  0.9977 |     0.6434 |    7.9% |  6.58e-04
   1275 | -7.553980e-03 | 9.692395e-05 | -7.650904e-03 |  0.9977 |     0.6407 |    8.3% |  6.46e-04
   1300 | -7.554557e-03 | 9.695093e-05 | -7.651508e-03 |  0.9977 |     0.6430 |    8.0% |  6.33e-04
   1325 | -7.553692e-03 | 9.789142e-05 | -7.651583e-03 |  0.9977 |     0.6437 |    7.9% |  6.21e-04
   1350 | -7.553502e-03 | 9.796559e-05 | -7.651468e-03 |  0.9976 |     0.6422 |    8.1% |  6.08e-04
   1375 | -7.553835e-03 | 9.833048e-05 | -7.652165e-03 |  0.9976 |     0.6448 |    7.7% |  5.95e-04
   1400 | -7.553717e-03 | 9.878977e-05 | -7.652507e-03 |  0.9976 |     0.6461 |    7.6% |  5.82e-04
   1425 | -7.553458e-03 | 9.802518e-05 | -7.651483e-03 |  0.9977 |     0.6434 |    8.0% |  5.70e-04
   1450 | -7.553266e-03 | 9.921607e-05 | -7.652482e-03 |  0.9976 |     0.6457 |    7.6% |  5.57e-04
   1475 | -7.553776e-03 | 9.880345e-05 | -7.652580e-03 |  0.9976 |     0.6463 |    7.5% |  5.44e-04
   1500 | -7.553587e-03 | 9.918379e-05 | -7.652771e-03 |  0.9976 |     0.6470 |    7.4% |  5.31e-04
   1525 | -7.554111e-03 | 9.698901e-05 | -7.651099e-03 |  0.9976 |     0.6413 |    8.2% |  5.18e-04
   1550 | -7.554371e-03 | 9.822998e-05 | -7.652601e-03 |  0.9976 |     0.6464 |    7.5% |  5.05e-04
   1575 | -7.553953e-03 | 9.888440e-05 | -7.652837e-03 |  0.9976 |     0.6472 |    7.4% |  4.92e-04
   1600 | -7.553815e-03 | 9.910078e-05 | -7.652916e-03 |  0.9976 |     0.6475 |    7.4% |  4.79e-04
   1625 | -7.554394e-03 | 9.856637e-05 | -7.652961e-03 |  0.9976 |     0.6477 |    7.3% |  4.66e-04
   1650 | -7.554173e-03 | 9.883264e-05 | -7.653005e-03 |  0.9976 |     0.6478 |    7.3% |  4.53e-04
   1675 | -7.554145e-03 | 9.890997e-05 | -7.653055e-03 |  0.9976 |     0.6480 |    7.3% |  4.40e-04
   1700 | -7.554591e-03 | 9.838813e-05 | -7.652979e-03 |  0.9976 |     0.6479 |    7.3% |  4.28e-04
   1725 | -7.553991e-03 | 9.886891e-05 | -7.652860e-03 |  0.9976 |     0.6472 |    7.4% |  4.15e-04
   1750 | -7.554181e-03 | 9.890084e-05 | -7.653082e-03 |  0.9976 |     0.6481 |    7.3% |  4.02e-04
   1775 | -7.554101e-03 | 9.905962e-05 | -7.653161e-03 |  0.9976 |     0.6483 |    7.2% |  3.89e-04
   1800 | -7.553920e-03 | 9.925827e-05 | -7.653179e-03 |  0.9976 |     0.6484 |    7.2% |  3.77e-04
   1825 | -7.554017e-03 | 9.918993e-05 | -7.653207e-03 |  0.9976 |     0.6485 |    7.2% |  3.64e-04
   1850 | -7.554167e-03 | 9.906304e-05 | -7.653230e-03 |  0.9976 |     0.6486 |    7.2% |  3.52e-04
   1875 | -7.554051e-03 | 9.919651e-05 | -7.653247e-03 |  0.9976 |     0.6486 |    7.2% |  3.40e-04
   1900 | -7.554098e-03 | 9.916801e-05 | -7.653266e-03 |  0.9976 |     0.6487 |    7.2% |  3.28e-04
   1925 | -7.554307e-03 | 9.897673e-05 | -7.653284e-03 |  0.9976 |     0.6487 |    7.2% |  3.16e-04
   1950 | -7.554283e-03 | 9.901549e-05 | -7.653299e-03 |  0.9976 |     0.6488 |    7.2% |  3.04e-04
   1975 | -7.554161e-03 | 9.915243e-05 | -7.653313e-03 |  0.9976 |     0.6488 |    7.2% |  2.92e-04
   2000 | -7.553939e-03 | 9.938732e-05 | -7.653326e-03 |  0.9976 |     0.6489 |    7.2% |  2.80e-04
   2025 | -7.554129e-03 | 9.921112e-05 | -7.653340e-03 |  0.9976 |     0.6489 |    7.2% |  2.69e-04
   2050 | -7.554318e-03 | 9.903088e-05 | -7.653349e-03 |  0.9976 |     0.6490 |    7.2% |  2.57e-04
   2075 | -7.554183e-03 | 9.917715e-05 | -7.653360e-03 |  0.9976 |     0.6490 |    7.1% |  2.46e-04
   2100 | -7.554308e-03 | 9.906333e-05 | -7.653371e-03 |  0.9976 |     0.6490 |    7.1% |  2.35e-04
   2125 | -7.554076e-03 | 9.930627e-05 | -7.653383e-03 |  0.9976 |     0.6491 |    7.1% |  2.25e-04
   2150 | -7.554261e-03 | 9.912802e-05 | -7.653390e-03 |  0.9976 |     0.6491 |    7.1% |  2.14e-04
   2175 | -7.554089e-03 | 9.931043e-05 | -7.653399e-03 |  0.9976 |     0.6491 |    7.1% |  2.04e-04
   2200 | -7.553887e-03 | 9.951931e-05 | -7.653406e-03 |  0.9976 |     0.6491 |    7.1% |  1.93e-04
   2225 | -7.554204e-03 | 9.920937e-05 | -7.653414e-03 |  0.9976 |     0.6492 |    7.1% |  1.84e-04
   2250 | -7.554099e-03 | 9.932176e-05 | -7.653421e-03 |  0.9976 |     0.6492 |    7.1% |  1.74e-04
   2275 | -7.554169e-03 | 9.925666e-05 | -7.653425e-03 |  0.9976 |     0.6492 |    7.1% |  1.64e-04
   2300 | -7.554233e-03 | 9.919883e-05 | -7.653432e-03 |  0.9976 |     0.6492 |    7.1% |  1.55e-04
   2325 | -7.554449e-03 | 9.898895e-05 | -7.653438e-03 |  0.9976 |     0.6493 |    7.1% |  1.46e-04
   2350 | -7.554344e-03 | 9.909908e-05 | -7.653443e-03 |  0.9976 |     0.6493 |    7.1% |  1.37e-04
   2375 | -7.554146e-03 | 9.930157e-05 | -7.653447e-03 |  0.9976 |     0.6493 |    7.1% |  1.29e-04
   2400 | -7.554103e-03 | 9.935019e-05 | -7.653453e-03 |  0.9976 |     0.6493 |    7.1% |  1.20e-04
   2425 | -7.554277e-03 | 9.918044e-05 | -7.653457e-03 |  0.9976 |     0.6493 |    7.1% |  1.12e-04
   2450 | -7.554276e-03 | 9.918568e-05 | -7.653462e-03 |  0.9976 |     0.6493 |    7.1% |  1.05e-04
   2475 | -7.554266e-03 | 9.919933e-05 | -7.653465e-03 |  0.9976 |     0.6493 |    7.1% |  9.71e-05
   2500 | -7.554079e-03 | 9.938962e-05 | -7.653469e-03 |  0.9976 |     0.6494 |    7.1% |  8.99e-05
   2525 | -7.554081e-03 | 9.939160e-05 | -7.653473e-03 |  0.9976 |     0.6494 |    7.1% |  8.29e-05
   2550 | -7.554344e-03 | 9.913136e-05 | -7.653475e-03 |  0.9976 |     0.6494 |    7.1% |  7.63e-05
   2575 | -7.554348e-03 | 9.913112e-05 | -7.653479e-03 |  0.9976 |     0.6494 |    7.1% |  7.00e-05
   2600 | -7.554583e-03 | 9.889735e-05 | -7.653480e-03 |  0.9976 |     0.6494 |    7.1% |  6.40e-05
   2625 | -7.554315e-03 | 9.916873e-05 | -7.653483e-03 |  0.9976 |     0.6494 |    7.1% |  5.82e-05
   2650 | -7.554249e-03 | 9.923584e-05 | -7.653485e-03 |  0.9976 |     0.6494 |    7.1% |  5.28e-05
   2675 | -7.554354e-03 | 9.913305e-05 | -7.653487e-03 |  0.9976 |     0.6494 |    7.1% |  4.77e-05
   2700 | -7.554353e-03 | 9.913703e-05 | -7.653490e-03 |  0.9976 |     0.6494 |    7.1% |  4.29e-05
   2725 | -7.554210e-03 | 9.928078e-05 | -7.653491e-03 |  0.9976 |     0.6494 |    7.1% |  3.84e-05
   2750 | -7.554231e-03 | 9.926119e-05 | -7.653493e-03 |  0.9976 |     0.6494 |    7.1% |  3.42e-05
   2775 | -7.554402e-03 | 9.909237e-05 | -7.653494e-03 |  0.9976 |     0.6494 |    7.1% |  3.04e-05
   2800 | -7.554256e-03 | 9.924019e-05 | -7.653496e-03 |  0.9976 |     0.6494 |    7.1% |  2.69e-05
   2825 | -7.554387e-03 | 9.911107e-05 | -7.653498e-03 |  0.9976 |     0.6495 |    7.1% |  2.37e-05
   2850 | -7.554458e-03 | 9.904090e-05 | -7.653499e-03 |  0.9976 |     0.6495 |    7.1% |  2.08e-05
   2875 | -7.554336e-03 | 9.916320e-05 | -7.653499e-03 |  0.9976 |     0.6495 |    7.1% |  1.83e-05
   2900 | -7.554372e-03 | 9.912867e-05 | -7.653501e-03 |  0.9976 |     0.6495 |    7.1% |  1.61e-05
   2925 | -7.554389e-03 | 9.911207e-05 | -7.653501e-03 |  0.9976 |     0.6495 |    7.1% |  1.42e-05
   2950 | -7.554242e-03 | 9.925997e-05 | -7.653502e-03 |  0.9976 |     0.6495 |    7.1% |  1.27e-05
   2975 | -7.554145e-03 | 9.935770e-05 | -7.653503e-03 |  0.9976 |     0.6495 |    7.1% |  1.15e-05
   3000 | -7.554274e-03 | 9.922881e-05 | -7.653503e-03 |  0.9976 |     0.6495 |    7.1% |  1.07e-05

  ======================================================================
  ✅ BONE COMPLETE
  Best error: 7.08% (epoch 3000) | Best loss: -7.554908e-03 (epoch 1526)
  Tip displacement: 0.6495 mm (expected: 0.6990 mm)
  Relative error: 7.08%
  J range: [0.997590, 1.002379]
  Training time: 102.3s (1.7min)
  ======================================================================

