╔══════════════════════════════════════════════════════════════╗
║  DPC-GNN Multi-Tissue Solid Mechanics Training Pipeline    ║
║  Physics: Neo-Hookean Hyperelastic | GNN: AntisymmetricMP  ║
╚══════════════════════════════════════════════════════════════╝

  GPU: NVIDIA GeForce RTX 5090
  VRAM: 33.7 GB
  PyTorch: 2.8.0+cu128

======================================================================
  TISSUE: BONE | E=10000000 Pa (10000.0 kPa) | ν=0.3
  Beam: 10cm x 2cm x 2cm
  Mesh: 22x7x7 | Device: cuda | Epochs: 3000
  Expected tip δ: 0.6990 mm | Scale: 6.99e-04
======================================================================
  Nodes: 1472 | Tets: 5390 | Edges: 20904
  Params: 161,731
  ⚡ F-bar enabled (ν=0.30 ≥ 0.45, anti-locking)

     Ep |         Loss |         E_el |         E_gr |   J_min |  u_tip(mm) |    Err% |        lr
  ----------------------------------------------------------------------------------------
      1 | -8.413228e-03 | -9.572197e-04 | -7.456008e-03 |  1.0000 |     0.0009 |   99.9% |  2.00e-05
      2 | -1.011243e-02 | -2.656428e-03 | -7.456003e-03 |  1.0000 |     0.0009 |   99.9% |  4.00e-05
      3 | -1.352514e-02 | -6.069147e-03 | -7.455991e-03 |  1.0000 |     0.0009 |   99.9% |  6.00e-05
      4 | -1.864049e-02 | -1.118452e-02 | -7.455970e-03 |  1.0000 |     0.0008 |   99.9% |  8.00e-05
      5 | -2.553327e-02 | -1.807733e-02 | -7.455937e-03 |  1.0001 |     0.0007 |   99.9% |  1.00e-04
     25 | -2.782536e+00 | -2.775073e+00 | -7.462828e-03 |  1.0069 |     0.0031 |   99.6% |  5.00e-04
     50 | -2.515819e+01 | -2.515070e+01 | -7.493210e-03 |  1.0349 |     0.0631 |   91.0% |  1.00e-03
     75 | -4.285519e+01 | -4.284765e+01 | -7.538616e-03 |  1.1305 |     0.2972 |   57.5% |  1.00e-03
    100 | -4.944593e+01 | -4.943838e+01 | -7.548844e-03 |  0.9328 |     0.7553 |    8.1% |  9.99e-04
    125 | -5.091500e+01 | -5.090730e+01 | -7.701026e-03 |  0.9338 |     0.9211 |   31.8% |  9.98e-04
    150 | -5.104462e+01 | -5.103719e+01 | -7.431827e-03 |  0.9711 |     0.3884 |   44.4% |  9.97e-04
    175 | -5.123880e+01 | -5.123124e+01 | -7.557132e-03 |  0.9685 |     0.6367 |    8.9% |  9.96e-04
    200 | -5.122538e+01 | -5.121781e+01 | -7.574104e-03 |  0.9648 |     0.6982 |    0.1% |  9.94e-04
    225 | -5.123984e+01 | -5.123226e+01 | -7.582519e-03 |  0.9584 |     0.7178 |    2.7% |  9.92e-04
    250 | -5.125466e+01 | -5.124708e+01 | -7.580807e-03 |  0.9532 |     0.7121 |    1.9% |  9.89e-04
    275 | -5.126059e+01 | -5.125300e+01 | -7.592306e-03 |  0.9548 |     0.7480 |    7.0% |  9.86e-04
    300 | -5.123927e+01 | -5.123166e+01 | -7.614261e-03 |  0.9607 |     0.8188 |   17.2% |  9.83e-04
    325 | -5.124175e+01 | -5.123412e+01 | -7.629057e-03 |  0.9624 |     0.8692 |   24.4% |  9.80e-04
    350 | -5.125017e+01 | -5.124253e+01 | -7.638224e-03 |  0.9569 |     0.8923 |   27.7% |  9.76e-04
    375 | -5.125802e+01 | -5.125037e+01 | -7.653157e-03 |  0.9599 |     0.9236 |   32.1% |  9.72e-04
    400 | -5.125368e+01 | -5.124601e+01 | -7.676581e-03 |  0.9667 |     0.9875 |   41.3% |  9.67e-04
    425 | -5.125196e+01 | -5.124427e+01 | -7.692768e-03 |  0.9684 |     1.0323 |   47.7% |  9.62e-04
    450 | -5.125887e+01 | -5.125116e+01 | -7.708313e-03 |  0.9636 |     1.0748 |   53.8% |  9.57e-04
    475 | -5.126542e+01 | -5.125770e+01 | -7.719770e-03 |  0.9656 |     1.1099 |   58.8% |  9.52e-04
    500 | -5.126079e+01 | -5.125306e+01 | -7.730774e-03 |  0.9718 |     1.1363 |   62.6% |  9.46e-04
    525 | -5.126155e+01 | -5.125380e+01 | -7.752373e-03 |  0.9725 |     1.1943 |   70.9% |  9.40e-04
    550 | -5.126514e+01 | -5.125737e+01 | -7.761923e-03 |  0.9679 |     1.2275 |   75.6% |  9.34e-04
    575 | -5.126576e+01 | -5.125798e+01 | -7.776614e-03 |  0.9684 |     1.2774 |   82.8% |  9.27e-04
    600 | -5.126152e+01 | -5.125373e+01 | -7.795718e-03 |  0.9748 |     1.3391 |   91.6% |  9.20e-04
    625 | -5.126314e+01 | -5.125533e+01 | -7.804018e-03 |  0.9752 |     1.3666 |   95.5% |  9.13e-04
    650 | -5.126606e+01 | -5.125826e+01 | -7.808121e-03 |  0.9701 |     1.3801 |   97.4% |  9.05e-04
    675 | -5.126872e+01 | -5.126090e+01 | -7.821998e-03 |  0.9711 |     1.4271 |  104.2% |  8.98e-04
    700 | -5.126165e+01 | -5.125379e+01 | -7.854031e-03 |  0.9757 |     1.5235 |  118.0% |  8.90e-04
    725 | -5.126395e+01 | -5.125608e+01 | -7.877088e-03 |  0.9754 |     1.6072 |  129.9% |  8.81e-04
    750 | -5.126366e+01 | -5.125578e+01 | -7.885683e-03 |  0.9705 |     1.6513 |  136.3% |  8.73e-04
    775 | -5.126659e+01 | -5.125871e+01 | -7.875167e-03 |  0.9708 |     1.6313 |  133.4% |  8.64e-04
    800 | -5.126482e+01 | -5.125693e+01 | -7.891474e-03 |  0.9766 |     1.6753 |  139.7% |  8.55e-04
    825 | -5.126424e+01 | -5.125633e+01 | -7.902400e-03 |  0.9767 |     1.7145 |  145.3% |  8.46e-04
    850 | -5.126995e+01 | -5.126204e+01 | -7.908331e-03 |  0.9725 |     1.7372 |  148.5% |  8.36e-04
    875 | -5.126691e+01 | -5.125900e+01 | -7.909823e-03 |  0.9671 |     1.7593 |  151.7% |  8.26e-04
    900 | -5.126607e+01 | -5.125814e+01 | -7.932344e-03 |  0.9719 |     1.8197 |  160.3% |  8.17e-04
    925 | -5.126590e+01 | -5.125795e+01 | -7.945543e-03 |  0.9729 |     1.8655 |  166.9% |  8.06e-04
    950 | -5.127105e+01 | -5.126310e+01 | -7.954026e-03 |  0.9713 |     1.9016 |  172.1% |  7.96e-04
    975 | -5.126732e+01 | -5.125935e+01 | -7.967621e-03 |  0.9708 |     1.9559 |  179.8% |  7.85e-04
   1000 | -5.126733e+01 | -5.125935e+01 | -7.980060e-03 |  0.9748 |     1.9964 |  185.6% |  7.75e-04
   1025 | -5.126836e+01 | -5.126036e+01 | -7.996775e-03 |  0.9745 |     2.0584 |  194.5% |  7.64e-04
   1050 | -5.127047e+01 | -5.126247e+01 | -8.001968e-03 |  0.9726 |     2.0852 |  198.3% |  7.52e-04
   1075 | -5.127234e+01 | -5.126432e+01 | -8.014178e-03 |  0.9728 |     2.1342 |  205.3% |  7.41e-04
   1100 | -5.126634e+01 | -5.125830e+01 | -8.039910e-03 |  0.9795 |     2.2218 |  217.9% |  7.30e-04
   1125 | -5.126940e+01 | -5.126136e+01 | -8.045696e-03 |  0.9732 |     2.2653 |  224.1% |  7.18e-04
   1150 | -5.127055e+01 | -5.126249e+01 | -8.051469e-03 |  0.9722 |     2.2832 |  226.7% |  7.06e-04
   1175 | -5.127202e+01 | -5.126396e+01 | -8.059466e-03 |  0.9731 |     2.3172 |  231.5% |  6.94e-04
   1200 | -5.126837e+01 | -5.126030e+01 | -8.075336e-03 |  0.9762 |     2.3752 |  239.8% |  6.82e-04
   1225 | -5.127075e+01 | -5.126266e+01 | -8.085295e-03 |  0.9763 |     2.4135 |  245.3% |  6.70e-04
   1250 | -5.127085e+01 | -5.126276e+01 | -8.091364e-03 |  0.9737 |     2.4419 |  249.4% |  6.58e-04
   1275 | -5.127216e+01 | -5.126406e+01 | -8.103605e-03 |  0.9733 |     2.4901 |  256.3% |  6.46e-04
   1300 | -5.126902e+01 | -5.126090e+01 | -8.121355e-03 |  0.9758 |     2.5550 |  265.5% |  6.33e-04
   1325 | -5.126940e+01 | -5.126127e+01 | -8.134821e-03 |  0.9782 |     2.6074 |  273.0% |  6.21e-04
   1350 | -5.127121e+01 | -5.126307e+01 | -8.143779e-03 |  0.9741 |     2.6516 |  279.4% |  6.08e-04
   1375 | -5.127210e+01 | -5.126394e+01 | -8.154461e-03 |  0.9744 |     2.6962 |  285.7% |  5.95e-04
   1400 | -5.127129e+01 | -5.126312e+01 | -8.165775e-03 |  0.9755 |     2.7409 |  292.1% |  5.82e-04
   1425 | -5.127201e+01 | -5.126384e+01 | -8.176283e-03 |  0.9753 |     2.7815 |  297.9% |  5.70e-04
   1450 | -5.127224e+01 | -5.126406e+01 | -8.181169e-03 |  0.9734 |     2.8066 |  301.5% |  5.57e-04
   1475 | -5.127312e+01 | -5.126493e+01 | -8.191833e-03 |  0.9741 |     2.8496 |  307.7% |  5.44e-04
   1500 | -5.127093e+01 | -5.126272e+01 | -8.207862e-03 |  0.9756 |     2.9098 |  316.3% |  5.31e-04
   1525 | -5.127124e+01 | -5.126302e+01 | -8.218137e-03 |  0.9742 |     2.9544 |  322.7% |  5.18e-04
   1550 | -5.127259e+01 | -5.126437e+01 | -8.220011e-03 |  0.9725 |     2.9725 |  325.3% |  5.05e-04
   1575 | -5.127294e+01 | -5.126471e+01 | -8.230675e-03 |  0.9724 |     3.0124 |  331.0% |  4.92e-04
   1600 | -5.127256e+01 | -5.126431e+01 | -8.251939e-03 |  0.9759 |     3.0867 |  341.6% |  4.79e-04
   1625 | -5.127305e+01 | -5.126479e+01 | -8.263187e-03 |  0.9762 |     3.1327 |  348.2% |  4.66e-04
   1650 | -5.127311e+01 | -5.126484e+01 | -8.269520e-03 |  0.9737 |     3.1643 |  352.7% |  4.53e-04
   1675 | -5.127346e+01 | -5.126518e+01 | -8.280977e-03 |  0.9734 |     3.2108 |  359.4% |  4.40e-04
   1700 | -5.127320e+01 | -5.126490e+01 | -8.296811e-03 |  0.9760 |     3.2699 |  367.8% |  4.28e-04
   1725 | -5.127350e+01 | -5.126519e+01 | -8.307596e-03 |  0.9766 |     3.3140 |  374.1% |  4.15e-04
   1750 | -5.127350e+01 | -5.126519e+01 | -8.313969e-03 |  0.9739 |     3.3455 |  378.6% |  4.02e-04
   1775 | -5.127362e+01 | -5.126529e+01 | -8.325086e-03 |  0.9732 |     3.3911 |  385.2% |  3.89e-04
   1800 | -5.127369e+01 | -5.126535e+01 | -8.340612e-03 |  0.9758 |     3.4492 |  393.5% |  3.77e-04
   1825 | -5.127366e+01 | -5.126531e+01 | -8.351579e-03 |  0.9766 |     3.4935 |  399.8% |  3.64e-04
   1850 | -5.127375e+01 | -5.126539e+01 | -8.358186e-03 |  0.9747 |     3.5250 |  404.3% |  3.52e-04
   1875 | -5.127404e+01 | -5.126567e+01 | -8.368252e-03 |  0.9747 |     3.5662 |  410.2% |  3.40e-04
   1900 | -5.127409e+01 | -5.126571e+01 | -8.382571e-03 |  0.9753 |     3.6210 |  418.1% |  3.28e-04
   1925 | -5.127434e+01 | -5.126595e+01 | -8.393412e-03 |  0.9750 |     3.6652 |  424.4% |  3.16e-04
   1950 | -5.127417e+01 | -5.126577e+01 | -8.400341e-03 |  0.9732 |     3.6975 |  429.0% |  3.04e-04
   1975 | -5.127440e+01 | -5.126599e+01 | -8.411240e-03 |  0.9728 |     3.7417 |  435.3% |  2.92e-04
   2000 | -5.127445e+01 | -5.126602e+01 | -8.425316e-03 |  0.9738 |     3.7958 |  443.1% |  2.80e-04
   2025 | -5.127451e+01 | -5.126607e+01 | -8.436002e-03 |  0.9733 |     3.8391 |  449.3% |  2.69e-04
   2050 | -5.127470e+01 | -5.126625e+01 | -8.443777e-03 |  0.9718 |     3.8738 |  454.2% |  2.57e-04
   2075 | -5.127513e+01 | -5.126667e+01 | -8.457695e-03 |  0.9721 |     3.9309 |  462.4% |  2.46e-04
   2100 | -5.127517e+01 | -5.126670e+01 | -8.469654e-03 |  0.9716 |     3.9806 |  469.5% |  2.35e-04
   2125 | -5.127518e+01 | -5.126670e+01 | -8.481298e-03 |  0.9713 |     4.0278 |  476.3% |  2.25e-04
   2150 | -5.127519e+01 | -5.126670e+01 | -8.492447e-03 |  0.9709 |     4.0724 |  482.6% |  2.14e-04
   2175 | -5.127521e+01 | -5.126670e+01 | -8.503013e-03 |  0.9706 |     4.1145 |  488.7% |  2.04e-04
   2200 | -5.127522e+01 | -5.126670e+01 | -8.513038e-03 |  0.9703 |     4.1542 |  494.3% |  1.93e-04
   2225 | -5.127522e+01 | -5.126670e+01 | -8.522540e-03 |  0.9700 |     4.1918 |  499.7% |  1.84e-04
   2250 | -5.127523e+01 | -5.126670e+01 | -8.531546e-03 |  0.9698 |     4.2274 |  504.8% |  1.74e-04
   2275 | -5.127525e+01 | -5.126670e+01 | -8.540068e-03 |  0.9696 |     4.2610 |  509.6% |  1.64e-04
   2300 | -5.127525e+01 | -5.126670e+01 | -8.548129e-03 |  0.9693 |     4.2928 |  514.2% |  1.55e-04
   2325 | -5.127525e+01 | -5.126669e+01 | -8.555738e-03 |  0.9691 |     4.3228 |  518.5% |  1.46e-04
   2350 | -5.127526e+01 | -5.126670e+01 | -8.562917e-03 |  0.9689 |     4.3510 |  522.5% |  1.37e-04
   2375 | -5.127527e+01 | -5.126670e+01 | -8.569673e-03 |  0.9688 |     4.3776 |  526.3% |  1.29e-04
   2400 | -5.127528e+01 | -5.126670e+01 | -8.576023e-03 |  0.9686 |     4.4026 |  529.9% |  1.20e-04
   2425 | -5.127527e+01 | -5.126669e+01 | -8.581983e-03 |  0.9684 |     4.4260 |  533.2% |  1.12e-04
   2450 | -5.127528e+01 | -5.126670e+01 | -8.587563e-03 |  0.9683 |     4.4479 |  536.4% |  1.05e-04
   2475 | -5.127528e+01 | -5.126669e+01 | -8.592777e-03 |  0.9681 |     4.4684 |  539.3% |  9.71e-05
   2500 | -5.127530e+01 | -5.126670e+01 | -8.597640e-03 |  0.9680 |     4.4874 |  542.0% |  8.99e-05
   2525 | -5.127530e+01 | -5.126670e+01 | -8.602166e-03 |  0.9679 |     4.5052 |  544.6% |  8.29e-05
   2550 | -5.127531e+01 | -5.126670e+01 | -8.606359e-03 |  0.9678 |     4.5216 |  546.9% |  7.63e-05
   2575 | -5.127531e+01 | -5.126670e+01 | -8.610244e-03 |  0.9677 |     4.5368 |  549.1% |  7.00e-05
   2600 | -5.127531e+01 | -5.126669e+01 | -8.613825e-03 |  0.9676 |     4.5508 |  551.1% |  6.40e-05
   2625 | -5.127531e+01 | -5.126669e+01 | -8.617118e-03 |  0.9675 |     4.5637 |  552.9% |  5.82e-05
   2650 | -5.127531e+01 | -5.126669e+01 | -8.620135e-03 |  0.9674 |     4.5755 |  554.6% |  5.28e-05
   2675 | -5.127531e+01 | -5.126669e+01 | -8.622892e-03 |  0.9673 |     4.5863 |  556.2% |  4.77e-05
   2700 | -5.127532e+01 | -5.126670e+01 | -8.625397e-03 |  0.9673 |     4.5961 |  557.6% |  4.29e-05
   2725 | -5.127532e+01 | -5.126669e+01 | -8.627667e-03 |  0.9672 |     4.6050 |  558.8% |  3.84e-05
   2750 | -5.127532e+01 | -5.126669e+01 | -8.629717e-03 |  0.9672 |     4.6130 |  560.0% |  3.42e-05
   2775 | -5.127533e+01 | -5.126670e+01 | -8.631558e-03 |  0.9671 |     4.6202 |  561.0% |  3.04e-05
   2800 | -5.127533e+01 | -5.126670e+01 | -8.633208e-03 |  0.9671 |     4.6266 |  561.9% |  2.69e-05
   2825 | -5.127533e+01 | -5.126669e+01 | -8.634681e-03 |  0.9670 |     4.6324 |  562.8% |  2.37e-05
   2850 | -5.127533e+01 | -5.126670e+01 | -8.635992e-03 |  0.9670 |     4.6375 |  563.5% |  2.08e-05
   2875 | -5.127533e+01 | -5.126669e+01 | -8.637154e-03 |  0.9670 |     4.6420 |  564.1% |  1.83e-05
   2900 | -5.127533e+01 | -5.126669e+01 | -8.638190e-03 |  0.9669 |     4.6461 |  564.7% |  1.61e-05
   2925 | -5.127533e+01 | -5.126669e+01 | -8.639112e-03 |  0.9669 |     4.6497 |  565.2% |  1.42e-05
   2950 | -5.127532e+01 | -5.126668e+01 | -8.639939e-03 |  0.9669 |     4.6529 |  565.7% |  1.27e-05
   2975 | -5.127533e+01 | -5.126669e+01 | -8.640692e-03 |  0.9669 |     4.6558 |  566.1% |  1.15e-05
   3000 | -5.127532e+01 | -5.126668e+01 | -8.641388e-03 |  0.9668 |     4.6586 |  566.5% |  1.07e-05

  ======================================================================
  ✅ BONE COMPLETE
  Best error: 0.06% (epoch 205) | Best loss: -5.127533e+01 (epoch 2823)
  Tip displacement: 0.6678 mm (expected: 0.6990 mm)
  Relative error: 4.45%
  J range: [0.957044, 2.627753]
  Training time: 136.8s (2.3min)
  ======================================================================

