╔══════════════════════════════════════════════════════════════╗
║  DPC-GNN — EBC (barrier) ablation                           ║
║  barrier_coef = 0.000                                       ║
╚══════════════════════════════════════════════════════════════╝

======================================================================
  TISSUE: CARTILAGE (BARRIER ABLATION, k_E=0.0) | E=500000 Pa | ν=0.3
  Mesh: 15x4x4 | Device: cuda | Epochs: 3000
  Expected tip δ: 8.0932 mm | Scale: 8.09e-03
======================================================================
  Nodes: 400 | Tets: 1200 | Edges: 4910
  Params: 161,731

     Ep |         Loss |   J_min |   n_inv |  u_tip(mm) |        lr
  ------------------------------------------------------------------------------
      1 | -4.310938e-03 |  1.0000 |       0 |    -0.0071 |  2.00e-05
      2 | -4.313012e-03 |  0.9999 |       0 |    -0.0049 |  4.00e-05
      3 | -4.315947e-03 |  0.9994 |       0 |    -0.0003 |  6.00e-05
      4 | -4.318377e-03 |  0.9990 |       0 |     0.0065 |  8.00e-05
      5 | -4.320603e-03 |  0.9990 |       0 |     0.0155 |  1.00e-04
     25 | -4.390207e-03 |  0.9957 |       0 |     0.4018 |  5.00e-04
     50 | -4.576565e-03 |  0.9864 |       0 |     2.0270 |  1.00e-03
     75 | -4.704957e-03 |  0.9806 |       0 |     3.2636 |  1.00e-03
    100 | -4.779753e-03 |  0.9817 |       0 |     4.1812 |  9.99e-04
    125 | -4.801894e-03 |  0.9810 |       0 |     4.4850 |  9.98e-04
    150 | -4.863265e-03 |  0.9797 |       0 |     5.5398 |  9.97e-04
    175 | -4.898862e-03 |  0.9766 |       0 |     6.2621 |  9.96e-04
    200 | -4.897085e-03 |  0.9777 |       0 |     6.0803 |  9.94e-04
    225 | -4.911772e-03 |  0.9776 |       0 |     6.5886 |  9.92e-04
    250 | -4.842432e-03 |  0.9785 |       0 |     6.5831 |  9.89e-04
    275 | -4.916636e-03 |  0.9779 |       0 |     6.7075 |  9.86e-04
    300 | -4.921994e-03 |  0.9779 |       0 |     6.5786 |  9.83e-04
    325 | -4.919425e-03 |  0.9778 |       0 |     6.7534 |  9.80e-04
    350 | -4.906290e-03 |  0.9791 |       0 |     6.3643 |  9.76e-04
    375 | -4.924107e-03 |  0.9774 |       0 |     6.8200 |  9.72e-04
    400 | -4.900088e-03 |  0.9768 |       0 |     6.8343 |  9.67e-04
    425 | -4.921777e-03 |  0.9780 |       0 |     6.7866 |  9.62e-04
    450 | -4.926717e-03 |  0.9774 |       0 |     6.8720 |  9.57e-04
    475 | -4.893801e-03 |  0.9790 |       0 |     6.5911 |  9.52e-04
    500 | -4.923427e-03 |  0.9775 |       0 |     6.8414 |  9.46e-04
    525 | -4.922466e-03 |  0.9777 |       0 |     6.8197 |  9.40e-04
    550 | -4.927771e-03 |  0.9774 |       0 |     6.8850 |  9.34e-04
    575 | -4.916419e-03 |  0.9773 |       0 |     6.6590 |  9.27e-04
    600 | -4.926927e-03 |  0.9773 |       0 |     6.8718 |  9.20e-04
    625 | -4.925197e-03 |  0.9773 |       0 |     6.8361 |  9.13e-04
    650 | -4.928295e-03 |  0.9776 |       0 |     6.7962 |  9.05e-04
    675 | -4.915326e-03 |  0.9773 |       0 |     6.8732 |  8.98e-04
    700 | -4.928715e-03 |  0.9774 |       0 |     6.9003 |  8.90e-04
    725 | -4.917117e-03 |  0.9771 |       0 |     6.6579 |  8.81e-04
    750 | -4.928569e-03 |  0.9776 |       0 |     6.8845 |  8.73e-04
    775 | -4.929780e-03 |  0.9775 |       0 |     6.9026 |  8.64e-04
    800 | -4.920855e-03 |  0.9771 |       0 |     6.9048 |  8.55e-04
    825 | -4.928255e-03 |  0.9771 |       0 |     6.9091 |  8.46e-04
    850 | -4.929932e-03 |  0.9776 |       0 |     6.8672 |  8.36e-04
    875 | -4.928515e-03 |  0.9777 |       0 |     6.9110 |  8.26e-04
    900 | -4.928443e-03 |  0.9777 |       0 |     6.9010 |  8.17e-04
    925 | -4.925482e-03 |  0.9774 |       0 |     6.8868 |  8.06e-04
    950 | -4.928695e-03 |  0.9774 |       0 |     6.9119 |  7.96e-04
    975 | -4.925862e-03 |  0.9781 |       0 |     6.8559 |  7.85e-04
   1000 | -4.929888e-03 |  0.9773 |       0 |     6.9147 |  7.75e-04
   1025 | -4.930440e-03 |  0.9774 |       0 |     6.9233 |  7.64e-04
   1050 | -4.922892e-03 |  0.9780 |       0 |     6.8889 |  7.52e-04
   1075 | -4.930467e-03 |  0.9774 |       0 |     6.9170 |  7.41e-04
   1100 | -4.929231e-03 |  0.9777 |       0 |     6.9078 |  7.30e-04
   1125 | -4.930414e-03 |  0.9775 |       0 |     6.9165 |  7.18e-04
   1150 | -4.921036e-03 |  0.9769 |       0 |     6.8793 |  7.06e-04
   1175 | -4.929259e-03 |  0.9776 |       0 |     6.9229 |  6.94e-04
   1200 | -4.930656e-03 |  0.9774 |       0 |     6.9291 |  6.82e-04
   1225 | -4.930773e-03 |  0.9774 |       0 |     6.9304 |  6.70e-04
   1250 | -4.930065e-03 |  0.9772 |       0 |     6.9280 |  6.58e-04
   1275 | -4.930599e-03 |  0.9773 |       0 |     6.9200 |  6.46e-04
   1300 | -4.930522e-03 |  0.9774 |       0 |     6.9270 |  6.33e-04
   1325 | -4.930868e-03 |  0.9774 |       0 |     6.9286 |  6.21e-04
   1350 | -4.930877e-03 |  0.9774 |       0 |     6.9326 |  6.08e-04
   1375 | -4.930910e-03 |  0.9773 |       0 |     6.9330 |  5.95e-04
   1400 | -4.930895e-03 |  0.9774 |       0 |     6.9329 |  5.82e-04
   1425 | -4.930650e-03 |  0.9773 |       0 |     6.9314 |  5.70e-04
   1450 | -4.930923e-03 |  0.9774 |       0 |     6.9325 |  5.57e-04
   1475 | -4.930990e-03 |  0.9773 |       0 |     6.9344 |  5.44e-04
   1500 | -4.931021e-03 |  0.9773 |       0 |     6.9346 |  5.31e-04
   1525 | -4.931028e-03 |  0.9773 |       0 |     6.9349 |  5.18e-04
   1550 | -4.931035e-03 |  0.9773 |       0 |     6.9352 |  5.05e-04
   1575 | -4.931044e-03 |  0.9773 |       0 |     6.9354 |  4.92e-04
   1600 | -4.931090e-03 |  0.9773 |       0 |     6.9357 |  4.79e-04
   1625 | -4.931057e-03 |  0.9773 |       0 |     6.9359 |  4.66e-04
   1650 | -4.931066e-03 |  0.9773 |       0 |     6.9361 |  4.53e-04
   1675 | -4.931077e-03 |  0.9773 |       0 |     6.9363 |  4.40e-04
   1700 | -4.931123e-03 |  0.9773 |       0 |     6.9365 |  4.28e-04
   1725 | -4.931100e-03 |  0.9773 |       0 |     6.9367 |  4.15e-04
   1750 | -4.931134e-03 |  0.9773 |       0 |     6.9368 |  4.02e-04
   1775 | -4.931157e-03 |  0.9773 |       0 |     6.9370 |  3.89e-04
   1800 | -4.931140e-03 |  0.9773 |       0 |     6.9372 |  3.77e-04
   1825 | -4.931158e-03 |  0.9773 |       0 |     6.9373 |  3.64e-04
   1850 | -4.931176e-03 |  0.9773 |       0 |     6.9374 |  3.52e-04
   1875 | -4.931152e-03 |  0.9773 |       0 |     6.9376 |  3.40e-04
   1900 | -4.931162e-03 |  0.9773 |       0 |     6.9377 |  3.28e-04
   1925 | -4.931156e-03 |  0.9773 |       0 |     6.9378 |  3.16e-04
   1950 | -4.931175e-03 |  0.9773 |       0 |     6.9379 |  3.04e-04
   1975 | -4.931170e-03 |  0.9773 |       0 |     6.9380 |  2.92e-04
   2000 | -4.931184e-03 |  0.9773 |       0 |     6.9381 |  2.80e-04
   2025 | -4.931203e-03 |  0.9773 |       0 |     6.9382 |  2.69e-04
   2050 | -4.931235e-03 |  0.9773 |       0 |     6.9383 |  2.57e-04
   2075 | -4.931212e-03 |  0.9773 |       0 |     6.9384 |  2.46e-04
   2100 | -4.931262e-03 |  0.9773 |       0 |     6.9385 |  2.35e-04
   2125 | -4.931224e-03 |  0.9773 |       0 |     6.9386 |  2.25e-04
   2150 | -4.931240e-03 |  0.9773 |       0 |     6.9386 |  2.14e-04
   2175 | -4.931236e-03 |  0.9773 |       0 |     6.9387 |  2.04e-04
   2200 | -4.931225e-03 |  0.9773 |       0 |     6.9388 |  1.93e-04
   2225 | -4.931221e-03 |  0.9773 |       0 |     6.9388 |  1.84e-04
   2250 | -4.931218e-03 |  0.9773 |       0 |     6.9389 |  1.74e-04
   2275 | -4.931267e-03 |  0.9773 |       0 |     6.9390 |  1.64e-04
   2300 | -4.931264e-03 |  0.9773 |       0 |     6.9390 |  1.55e-04
   2325 | -4.931252e-03 |  0.9773 |       0 |     6.9391 |  1.46e-04
   2350 | -4.931255e-03 |  0.9773 |       0 |     6.9391 |  1.37e-04
   2375 | -4.931284e-03 |  0.9773 |       0 |     6.9392 |  1.29e-04
   2400 | -4.931270e-03 |  0.9773 |       0 |     6.9392 |  1.20e-04
   2425 | -4.931270e-03 |  0.9773 |       0 |     6.9393 |  1.12e-04
   2450 | -4.931244e-03 |  0.9773 |       0 |     6.9393 |  1.05e-04
   2475 | -4.931245e-03 |  0.9773 |       0 |     6.9393 |  9.71e-05
   2500 | -4.931248e-03 |  0.9773 |       0 |     6.9394 |  8.99e-05
   2525 | -4.931279e-03 |  0.9773 |       0 |     6.9394 |  8.29e-05
   2550 | -4.931247e-03 |  0.9773 |       0 |     6.9394 |  7.63e-05
   2575 | -4.931268e-03 |  0.9773 |       0 |     6.9395 |  7.00e-05
   2600 | -4.931239e-03 |  0.9772 |       0 |     6.9395 |  6.40e-05
   2625 | -4.931286e-03 |  0.9772 |       0 |     6.9395 |  5.82e-05
   2650 | -4.931267e-03 |  0.9772 |       0 |     6.9395 |  5.28e-05
   2675 | -4.931293e-03 |  0.9772 |       0 |     6.9396 |  4.77e-05
   2700 | -4.931264e-03 |  0.9772 |       0 |     6.9396 |  4.29e-05
   2725 | -4.931277e-03 |  0.9772 |       0 |     6.9396 |  3.84e-05
   2750 | -4.931275e-03 |  0.9772 |       0 |     6.9396 |  3.42e-05
   2775 | -4.931231e-03 |  0.9772 |       0 |     6.9396 |  3.04e-05
   2800 | -4.931284e-03 |  0.9772 |       0 |     6.9396 |  2.69e-05
   2825 | -4.931243e-03 |  0.9772 |       0 |     6.9396 |  2.37e-05
   2850 | -4.931245e-03 |  0.9772 |       0 |     6.9397 |  2.08e-05
   2875 | -4.931237e-03 |  0.9772 |       0 |     6.9397 |  1.83e-05
   2900 | -4.931249e-03 |  0.9772 |       0 |     6.9397 |  1.61e-05
   2925 | -4.931281e-03 |  0.9772 |       0 |     6.9397 |  1.42e-05
   2950 | -4.931262e-03 |  0.9772 |       0 |     6.9397 |  1.27e-05
   2975 | -4.931237e-03 |  0.9772 |       0 |     6.9397 |  1.15e-05
   3000 | -4.931276e-03 |  0.9772 |       0 |     6.9397 |  1.07e-05

  ======================================================================
  ✅ CARTILAGE (barrier_coef=0.0) COMPLETE
  Best loss: -4.931324e-03 (epoch 2685)
  Tip: 6.9396 mm (expected: 8.0932 mm)  Err: 14.25%
  n_inverted: final=0, max_during_training=0
  Training time: 116.3s (1.9min)
  ======================================================================

