╔══════════════════════════════════════════════════════════════╗
║  DPC-GNN — EBC (barrier) ablation                           ║
║  barrier_coef = 100.000                                       ║
╚══════════════════════════════════════════════════════════════╝

======================================================================
  TISSUE: CARTILAGE (BARRIER ABLATION, k_E=100.0) | E=500000 Pa | ν=0.3
  Mesh: 15x4x4 | Device: cuda | Epochs: 3000
  Expected tip δ: 8.0932 mm | Scale: 8.09e-03
======================================================================
  Nodes: 400 | Tets: 1200 | Edges: 4910
  Params: 161,731

     Ep |         Loss |   J_min |   n_inv |  u_tip(mm) |        lr
  ------------------------------------------------------------------------------
      1 | -4.310938e-03 |  1.0000 |       0 |    -0.0071 |  2.00e-05
      2 | -4.313012e-03 |  0.9999 |       0 |    -0.0049 |  4.00e-05
      3 | -4.315948e-03 |  0.9994 |       0 |    -0.0003 |  6.00e-05
      4 | -4.318377e-03 |  0.9990 |       0 |     0.0065 |  8.00e-05
      5 | -4.320602e-03 |  0.9990 |       0 |     0.0155 |  1.00e-04
     25 | -4.390194e-03 |  0.9957 |       0 |     0.4018 |  5.00e-04
     50 | -4.576578e-03 |  0.9864 |       0 |     2.0269 |  1.00e-03
     75 | -4.704106e-03 |  0.9804 |       0 |     3.2646 |  1.00e-03
    100 | -4.748397e-03 |  0.9819 |       0 |     4.0884 |  9.99e-04
    125 | -4.836993e-03 |  0.9786 |       0 |     5.0346 |  9.98e-04
    150 | -4.884745e-03 |  0.9777 |       0 |     5.7715 |  9.97e-04
    175 | -4.864283e-03 |  0.9772 |       0 |     5.8558 |  9.96e-04
    200 | -4.904455e-03 |  0.9775 |       0 |     6.4901 |  9.94e-04
    225 | -4.903412e-03 |  0.9783 |       0 |     6.2637 |  9.92e-04
    250 | -4.918229e-03 |  0.9778 |       0 |     6.7158 |  9.89e-04
    275 | -4.914257e-03 |  0.9790 |       0 |     6.4022 |  9.86e-04
    300 | -4.922987e-03 |  0.9776 |       0 |     6.7790 |  9.83e-04
    325 | -4.918527e-03 |  0.9781 |       0 |     6.7091 |  9.80e-04
    350 | -4.908552e-03 |  0.9779 |       0 |     6.4527 |  9.76e-04
    375 | -4.924904e-03 |  0.9775 |       0 |     6.7986 |  9.72e-04
    400 | -4.922788e-03 |  0.9773 |       0 |     6.8398 |  9.67e-04
    425 | -4.922139e-03 |  0.9781 |       0 |     6.7749 |  9.62e-04
    450 | -4.880183e-03 |  0.9785 |       0 |     6.7807 |  9.57e-04
    475 | -4.911824e-03 |  0.9769 |       0 |     6.8353 |  9.52e-04
    500 | -4.926610e-03 |  0.9777 |       0 |     6.8417 |  9.46e-04
    525 | -4.898558e-03 |  0.9789 |       0 |     6.6109 |  9.40e-04
    550 | -4.923259e-03 |  0.9776 |       0 |     6.8507 |  9.34e-04
    575 | -4.927361e-03 |  0.9773 |       0 |     6.8900 |  9.27e-04
    600 | -4.916393e-03 |  0.9769 |       0 |     6.8834 |  9.20e-04
    625 | -4.921956e-03 |  0.9770 |       0 |     6.8663 |  9.13e-04
    650 | -4.924708e-03 |  0.9780 |       0 |     6.8732 |  9.05e-04
    675 | -4.926572e-03 |  0.9775 |       0 |     6.9053 |  8.98e-04
    700 | -4.928305e-03 |  0.9779 |       0 |     6.7999 |  8.90e-04
    725 | -4.929461e-03 |  0.9773 |       0 |     6.9072 |  8.81e-04
    750 | -4.929592e-03 |  0.9774 |       0 |     6.9086 |  8.73e-04
    775 | -4.927765e-03 |  0.9779 |       0 |     6.8209 |  8.64e-04
    800 | -4.929537e-03 |  0.9776 |       0 |     6.9069 |  8.55e-04
    825 | -4.927851e-03 |  0.9785 |       0 |     6.6955 |  8.46e-04
    850 | -4.929402e-03 |  0.9777 |       0 |     6.8967 |  8.36e-04
    875 | -4.930069e-03 |  0.9774 |       0 |     6.9090 |  8.26e-04
    900 | -4.925931e-03 |  0.9778 |       0 |     6.9103 |  8.17e-04
    925 | -4.926534e-03 |  0.9771 |       0 |     6.8873 |  8.06e-04
    950 | -4.930097e-03 |  0.9774 |       0 |     6.9120 |  7.96e-04
    975 | -4.924706e-03 |  0.9770 |       0 |     6.9090 |  7.85e-04
   1000 | -4.928563e-03 |  0.9776 |       0 |     6.9115 |  7.75e-04
   1025 | -4.929423e-03 |  0.9775 |       0 |     6.9248 |  7.64e-04
   1050 | -4.926081e-03 |  0.9771 |       0 |     6.9049 |  7.52e-04
   1075 | -4.927435e-03 |  0.9771 |       0 |     6.9092 |  7.41e-04
   1100 | -4.928266e-03 |  0.9772 |       0 |     6.9114 |  7.30e-04
   1125 | -4.930573e-03 |  0.9773 |       0 |     6.9323 |  7.18e-04
   1150 | -4.916098e-03 |  0.9782 |       0 |     6.8618 |  7.06e-04
   1175 | -4.930737e-03 |  0.9774 |       0 |     6.9167 |  6.94e-04
   1200 | -4.930668e-03 |  0.9774 |       0 |     6.9311 |  6.82e-04
   1225 | -4.929940e-03 |  0.9773 |       0 |     6.9292 |  6.70e-04
   1250 | -4.930659e-03 |  0.9774 |       0 |     6.9279 |  6.58e-04
   1275 | -4.930865e-03 |  0.9774 |       0 |     6.9314 |  6.46e-04
   1300 | -4.928831e-03 |  0.9771 |       0 |     6.9230 |  6.33e-04
   1325 | -4.930078e-03 |  0.9772 |       0 |     6.9304 |  6.21e-04
   1350 | -4.930456e-03 |  0.9773 |       0 |     6.9328 |  6.08e-04
   1375 | -4.930940e-03 |  0.9773 |       0 |     6.9328 |  5.95e-04
   1400 | -4.930977e-03 |  0.9773 |       0 |     6.9336 |  5.82e-04
   1425 | -4.931003e-03 |  0.9773 |       0 |     6.9340 |  5.70e-04
   1450 | -4.930892e-03 |  0.9773 |       0 |     6.9340 |  5.57e-04
   1475 | -4.930945e-03 |  0.9773 |       0 |     6.9334 |  5.44e-04
   1500 | -4.931038e-03 |  0.9773 |       0 |     6.9350 |  5.31e-04
   1525 | -4.931048e-03 |  0.9773 |       0 |     6.9351 |  5.18e-04
   1550 | -4.931084e-03 |  0.9773 |       0 |     6.9354 |  5.05e-04
   1575 | -4.931072e-03 |  0.9773 |       0 |     6.9357 |  4.92e-04
   1600 | -4.931094e-03 |  0.9773 |       0 |     6.9359 |  4.79e-04
   1625 | -4.931099e-03 |  0.9773 |       0 |     6.9361 |  4.66e-04
   1650 | -4.931115e-03 |  0.9773 |       0 |     6.9363 |  4.53e-04
   1675 | -4.931148e-03 |  0.9773 |       0 |     6.9365 |  4.40e-04
   1700 | -4.931136e-03 |  0.9773 |       0 |     6.9367 |  4.28e-04
   1725 | -4.931168e-03 |  0.9773 |       0 |     6.9369 |  4.15e-04
   1750 | -4.931182e-03 |  0.9773 |       0 |     6.9370 |  4.02e-04
   1775 | -4.931163e-03 |  0.9773 |       0 |     6.9372 |  3.89e-04
   1800 | -4.931196e-03 |  0.9773 |       0 |     6.9374 |  3.77e-04
   1825 | -4.931210e-03 |  0.9773 |       0 |     6.9375 |  3.64e-04
   1850 | -4.931194e-03 |  0.9773 |       0 |     6.9376 |  3.52e-04
   1875 | -4.931204e-03 |  0.9773 |       0 |     6.9378 |  3.40e-04
   1900 | -4.931207e-03 |  0.9773 |       0 |     6.9379 |  3.28e-04
   1925 | -4.931149e-03 |  0.9773 |       0 |     6.9380 |  3.16e-04
   1950 | -4.931187e-03 |  0.9773 |       0 |     6.9381 |  3.04e-04
   1975 | -4.931225e-03 |  0.9773 |       0 |     6.9382 |  2.92e-04
   2000 | -4.931219e-03 |  0.9773 |       0 |     6.9383 |  2.80e-04
   2025 | -4.931222e-03 |  0.9773 |       0 |     6.9384 |  2.69e-04
   2050 | -4.931230e-03 |  0.9773 |       0 |     6.9385 |  2.57e-04
   2075 | -4.931219e-03 |  0.9773 |       0 |     6.9386 |  2.46e-04
   2100 | -4.931199e-03 |  0.9773 |       0 |     6.9387 |  2.35e-04
   2125 | -4.931209e-03 |  0.9773 |       0 |     6.9388 |  2.25e-04
   2150 | -4.931225e-03 |  0.9773 |       0 |     6.9388 |  2.14e-04
   2175 | -4.931224e-03 |  0.9773 |       0 |     6.9389 |  2.04e-04
   2200 | -4.931241e-03 |  0.9773 |       0 |     6.9390 |  1.93e-04
   2225 | -4.931229e-03 |  0.9773 |       0 |     6.9390 |  1.84e-04
   2250 | -4.931254e-03 |  0.9773 |       0 |     6.9391 |  1.74e-04
   2275 | -4.931280e-03 |  0.9773 |       0 |     6.9392 |  1.64e-04
   2300 | -4.931246e-03 |  0.9773 |       0 |     6.9392 |  1.55e-04
   2325 | -4.931287e-03 |  0.9773 |       0 |     6.9393 |  1.46e-04
   2350 | -4.931257e-03 |  0.9773 |       0 |     6.9393 |  1.37e-04
   2375 | -4.931244e-03 |  0.9773 |       0 |     6.9394 |  1.29e-04
   2400 | -4.931272e-03 |  0.9773 |       0 |     6.9394 |  1.20e-04
   2425 | -4.931240e-03 |  0.9773 |       0 |     6.9394 |  1.12e-04
   2450 | -4.931305e-03 |  0.9773 |       0 |     6.9395 |  1.05e-04
   2475 | -4.931267e-03 |  0.9773 |       0 |     6.9395 |  9.71e-05
   2500 | -4.931265e-03 |  0.9773 |       0 |     6.9395 |  8.99e-05
   2525 | -4.931283e-03 |  0.9773 |       0 |     6.9396 |  8.29e-05
   2550 | -4.931320e-03 |  0.9773 |       0 |     6.9396 |  7.63e-05
   2575 | -4.931271e-03 |  0.9773 |       0 |     6.9396 |  7.00e-05
   2600 | -4.931279e-03 |  0.9773 |       0 |     6.9397 |  6.40e-05
   2625 | -4.931282e-03 |  0.9773 |       0 |     6.9397 |  5.82e-05
   2650 | -4.931278e-03 |  0.9773 |       0 |     6.9397 |  5.28e-05
   2675 | -4.931286e-03 |  0.9773 |       0 |     6.9397 |  4.77e-05
   2700 | -4.931290e-03 |  0.9773 |       0 |     6.9397 |  4.29e-05
   2725 | -4.931313e-03 |  0.9773 |       0 |     6.9398 |  3.84e-05
   2750 | -4.931280e-03 |  0.9772 |       0 |     6.9398 |  3.42e-05
   2775 | -4.931292e-03 |  0.9772 |       0 |     6.9398 |  3.04e-05
   2800 | -4.931265e-03 |  0.9772 |       0 |     6.9398 |  2.69e-05
   2825 | -4.931288e-03 |  0.9772 |       0 |     6.9398 |  2.37e-05
   2850 | -4.931277e-03 |  0.9772 |       0 |     6.9398 |  2.08e-05
   2875 | -4.931270e-03 |  0.9772 |       0 |     6.9398 |  1.83e-05
   2900 | -4.931286e-03 |  0.9772 |       0 |     6.9399 |  1.61e-05
   2925 | -4.931271e-03 |  0.9772 |       0 |     6.9399 |  1.42e-05
   2950 | -4.931272e-03 |  0.9772 |       0 |     6.9399 |  1.27e-05
   2975 | -4.931267e-03 |  0.9772 |       0 |     6.9399 |  1.15e-05
   3000 | -4.931265e-03 |  0.9772 |       0 |     6.9399 |  1.07e-05

  ======================================================================
  ✅ CARTILAGE (barrier_coef=100.0) COMPLETE
  Best loss: -4.931339e-03 (epoch 2566)
  Tip: 6.9396 mm (expected: 8.0932 mm)  Err: 14.25%
  n_inverted: final=0, max_during_training=0
  Training time: 116.5s (1.9min)
  ======================================================================

