╔══════════════════════════════════════════════════════════════╗
║  DPC-GNN — MGN-style Baseline (AMP ablation)                ║
║  Replaces AntisymMP with directed-edge MP (no antisymmetry) ║
╚══════════════════════════════════════════════════════════════╝

  GPU: NVIDIA GeForce RTX 5090

======================================================================
  TISSUE: BONE (MGN-baseline) | E=10000000 Pa (10000.0 kPa) | ν=0.3
  Beam: 10cm x 2cm x 2cm
  Mesh: 15x4x4 | Device: cuda | Epochs: 2000
  Expected tip δ: 0.6990 mm | Scale: 6.99e-04
  AMP: OFF (MGN-style directed MP, two independent edge MLPs)
======================================================================
  Nodes: 400 | Tets: 1200 | Edges: 4910
  Params: 238,915  (~2× SolidGNN edge-MLP params)

     Ep |         Loss |         E_el |         E_gr |   J_min |  u_tip(mm) |        lr
  ------------------------------------------------------------------------------
      1 | -7.451172e-03 | 4.647271e-06 | -7.455819e-03 |  0.9998 |     0.0005 |  2.00e-05
      2 | -7.451140e-03 | 4.849974e-06 | -7.455990e-03 |  0.9998 |     0.0006 |  4.00e-05
      3 | -7.452995e-03 | 3.330540e-06 | -7.456325e-03 |  0.9999 |     0.0009 |  6.00e-05
      4 | -7.452145e-03 | 4.644277e-06 | -7.456790e-03 |  0.9998 |     0.0014 |  8.00e-05
      5 | -7.452609e-03 | 4.689021e-06 | -7.457298e-03 |  0.9998 |     0.0020 |  1.00e-04
     25 | -7.458312e-03 | 4.042199e-06 | -7.462354e-03 |  0.9998 |     0.0142 |  5.00e-04
     50 | -7.474381e-03 | 1.098487e-05 | -7.485366e-03 |  0.9990 |     0.0694 |  1.00e-03
     75 | -7.472354e-03 | 3.466349e-05 | -7.507017e-03 |  0.9985 |     0.1409 |  1.00e-03
    100 | -7.501383e-03 | 2.493388e-05 | -7.526317e-03 |  0.9986 |     0.2070 |  9.98e-04
    125 | -7.509513e-03 | 3.715108e-05 | -7.546664e-03 |  0.9986 |     0.2766 |  9.97e-04
    150 | -7.523667e-03 | 5.210149e-05 | -7.575769e-03 |  0.9982 |     0.3689 |  9.94e-04
    175 | -7.528968e-03 | 4.797768e-05 | -7.576945e-03 |  0.9983 |     0.3799 |  9.90e-04
    200 | -7.536450e-03 | 6.471078e-05 | -7.601161e-03 |  0.9983 |     0.4642 |  9.86e-04
    225 | -7.538415e-03 | 6.597241e-05 | -7.604387e-03 |  0.9984 |     0.4815 |  9.81e-04
    250 | -7.540739e-03 | 7.604214e-05 | -7.616781e-03 |  0.9981 |     0.5230 |  9.76e-04
    275 | -7.538371e-03 | 7.179119e-05 | -7.610162e-03 |  0.9983 |     0.4975 |  9.69e-04
    300 | -7.541249e-03 | 8.192541e-05 | -7.623174e-03 |  0.9981 |     0.5452 |  9.62e-04
    325 | -7.542241e-03 | 8.502298e-05 | -7.627264e-03 |  0.9981 |     0.5610 |  9.55e-04
    350 | -7.542797e-03 | 8.601742e-05 | -7.628814e-03 |  0.9981 |     0.5667 |  9.46e-04
    375 | -7.541739e-03 | 8.400595e-05 | -7.625745e-03 |  0.9983 |     0.5586 |  9.37e-04
    400 | -7.543571e-03 | 8.471201e-05 | -7.628283e-03 |  0.9981 |     0.5657 |  9.27e-04
    425 | -7.543910e-03 | 8.426304e-05 | -7.628174e-03 |  0.9981 |     0.5632 |  9.17e-04
    450 | -7.543345e-03 | 8.748906e-05 | -7.630834e-03 |  0.9980 |     0.5734 |  9.05e-04
    475 | -7.543080e-03 | 8.747373e-05 | -7.630553e-03 |  0.9980 |     0.5722 |  8.94e-04
    500 | -7.542581e-03 | 8.849583e-05 | -7.631076e-03 |  0.9980 |     0.5737 |  8.81e-04
    525 | -7.544285e-03 | 8.516628e-05 | -7.629451e-03 |  0.9981 |     0.5695 |  8.68e-04
    550 | -7.544402e-03 | 8.708452e-05 | -7.631487e-03 |  0.9981 |     0.5767 |  8.55e-04
    575 | -7.539130e-03 | 8.955797e-05 | -7.628688e-03 |  0.9980 |     0.5650 |  8.41e-04
    600 | -7.543862e-03 | 8.790490e-05 | -7.631767e-03 |  0.9980 |     0.5776 |  8.26e-04
    625 | -7.544326e-03 | 8.852585e-05 | -7.632852e-03 |  0.9980 |     0.5810 |  8.11e-04
    650 | -7.543850e-03 | 8.930471e-05 | -7.633154e-03 |  0.9980 |     0.5823 |  7.96e-04
    675 | -7.544134e-03 | 8.641911e-05 | -7.630553e-03 |  0.9982 |     0.5731 |  7.80e-04
    700 | -7.544135e-03 | 8.883516e-05 | -7.632970e-03 |  0.9980 |     0.5817 |  7.64e-04
    725 | -7.544586e-03 | 8.887983e-05 | -7.633465e-03 |  0.9980 |     0.5833 |  7.47e-04
    750 | -7.543569e-03 | 8.736871e-05 | -7.630938e-03 |  0.9980 |     0.5758 |  7.30e-04
    775 | -7.544965e-03 | 8.814086e-05 | -7.633105e-03 |  0.9981 |     0.5823 |  7.12e-04
    800 | -7.544064e-03 | 8.970069e-05 | -7.633765e-03 |  0.9980 |     0.5843 |  6.94e-04
    825 | -7.544244e-03 | 8.864678e-05 | -7.632891e-03 |  0.9980 |     0.5821 |  6.76e-04
    850 | -7.544586e-03 | 8.906556e-05 | -7.633651e-03 |  0.9980 |     0.5837 |  6.58e-04
    875 | -7.544322e-03 | 8.957369e-05 | -7.633896e-03 |  0.9980 |     0.5848 |  6.39e-04
    900 | -7.544704e-03 | 8.859169e-05 | -7.633296e-03 |  0.9980 |     0.5830 |  6.21e-04
    925 | -7.544752e-03 | 8.880017e-05 | -7.633552e-03 |  0.9980 |     0.5840 |  6.02e-04
    950 | -7.544369e-03 | 8.955695e-05 | -7.633926e-03 |  0.9980 |     0.5853 |  5.82e-04
    975 | -7.544771e-03 | 8.935790e-05 | -7.634129e-03 |  0.9980 |     0.5858 |  5.63e-04
   1000 | -7.545390e-03 | 8.889654e-05 | -7.634287e-03 |  0.9980 |     0.5862 |  5.44e-04
   1025 | -7.544947e-03 | 8.945326e-05 | -7.634400e-03 |  0.9980 |     0.5867 |  5.24e-04
   1050 | -7.545041e-03 | 8.875821e-05 | -7.633800e-03 |  0.9980 |     0.5850 |  5.05e-04
   1075 | -7.545207e-03 | 8.922575e-05 | -7.634433e-03 |  0.9980 |     0.5867 |  4.86e-04
   1100 | -7.545075e-03 | 8.944787e-05 | -7.634523e-03 |  0.9980 |     0.5871 |  4.66e-04
   1125 | -7.545205e-03 | 8.939581e-05 | -7.634601e-03 |  0.9980 |     0.5874 |  4.47e-04
   1150 | -7.545658e-03 | 8.898618e-05 | -7.634644e-03 |  0.9980 |     0.5875 |  4.28e-04
   1175 | -7.545184e-03 | 8.950392e-05 | -7.634688e-03 |  0.9980 |     0.5877 |  4.08e-04
   1200 | -7.545777e-03 | 8.895153e-05 | -7.634728e-03 |  0.9980 |     0.5878 |  3.89e-04
   1225 | -7.544976e-03 | 8.979049e-05 | -7.634766e-03 |  0.9980 |     0.5880 |  3.71e-04
   1250 | -7.545304e-03 | 8.949939e-05 | -7.634804e-03 |  0.9980 |     0.5881 |  3.52e-04
   1275 | -7.545492e-03 | 8.934514e-05 | -7.634837e-03 |  0.9980 |     0.5882 |  3.34e-04
   1300 | -7.545036e-03 | 8.983249e-05 | -7.634869e-03 |  0.9980 |     0.5883 |  3.16e-04
   1325 | -7.545083e-03 | 8.981780e-05 | -7.634901e-03 |  0.9980 |     0.5884 |  2.98e-04
   1350 | -7.545181e-03 | 8.974771e-05 | -7.634929e-03 |  0.9980 |     0.5885 |  2.80e-04
   1375 | -7.544836e-03 | 9.012131e-05 | -7.634957e-03 |  0.9980 |     0.5886 |  2.63e-04
   1400 | -7.544951e-03 | 9.003146e-05 | -7.634982e-03 |  0.9980 |     0.5887 |  2.46e-04
   1425 | -7.544576e-03 | 9.043037e-05 | -7.635007e-03 |  0.9980 |     0.5888 |  2.30e-04
   1450 | -7.544945e-03 | 9.008423e-05 | -7.635029e-03 |  0.9980 |     0.5888 |  2.14e-04
   1475 | -7.545006e-03 | 9.004681e-05 | -7.635053e-03 |  0.9980 |     0.5889 |  1.99e-04
   1500 | -7.545220e-03 | 8.985368e-05 | -7.635074e-03 |  0.9980 |     0.5890 |  1.84e-04
   1525 | -7.545266e-03 | 8.982261e-05 | -7.635089e-03 |  0.9980 |     0.5890 |  1.69e-04
   1550 | -7.544957e-03 | 9.015090e-05 | -7.635108e-03 |  0.9980 |     0.5891 |  1.55e-04
   1575 | -7.546217e-03 | 8.890672e-05 | -7.635124e-03 |  0.9980 |     0.5892 |  1.42e-04
   1600 | -7.545496e-03 | 8.964140e-05 | -7.635138e-03 |  0.9980 |     0.5892 |  1.29e-04
   1625 | -7.544911e-03 | 9.023989e-05 | -7.635151e-03 |  0.9980 |     0.5892 |  1.16e-04
   1650 | -7.545109e-03 | 9.005513e-05 | -7.635164e-03 |  0.9980 |     0.5893 |  1.05e-04
   1675 | -7.545527e-03 | 8.964790e-05 | -7.635175e-03 |  0.9980 |     0.5893 |  9.34e-05
   1700 | -7.545385e-03 | 8.979887e-05 | -7.635184e-03 |  0.9980 |     0.5894 |  8.29e-05
   1725 | -7.545598e-03 | 8.959528e-05 | -7.635193e-03 |  0.9980 |     0.5894 |  7.31e-05
   1750 | -7.545137e-03 | 9.006560e-05 | -7.635203e-03 |  0.9980 |     0.5894 |  6.40e-05
   1775 | -7.545371e-03 | 8.983818e-05 | -7.635209e-03 |  0.9980 |     0.5894 |  5.55e-05
   1800 | -7.545041e-03 | 9.017487e-05 | -7.635216e-03 |  0.9980 |     0.5895 |  4.77e-05
   1825 | -7.545677e-03 | 8.954472e-05 | -7.635221e-03 |  0.9980 |     0.5895 |  4.06e-05
   1850 | -7.545266e-03 | 8.995811e-05 | -7.635225e-03 |  0.9980 |     0.5895 |  3.42e-05
   1875 | -7.545120e-03 | 9.011004e-05 | -7.635230e-03 |  0.9980 |     0.5895 |  2.86e-05
   1900 | -7.545036e-03 | 9.019935e-05 | -7.635236e-03 |  0.9980 |     0.5895 |  2.37e-05
   1925 | -7.545121e-03 | 9.011699e-05 | -7.635238e-03 |  0.9980 |     0.5895 |  1.95e-05
   1950 | -7.545474e-03 | 8.976550e-05 | -7.635240e-03 |  0.9980 |     0.5895 |  1.61e-05
   1975 | -7.545503e-03 | 8.973970e-05 | -7.635243e-03 |  0.9980 |     0.5896 |  1.34e-05
   2000 | -7.544970e-03 | 9.027468e-05 | -7.635244e-03 |  0.9980 |     0.5896 |  1.15e-05

  ======================================================================
  ✅ BONE (MGN-baseline) COMPLETE
  Best loss: -7.546217e-03 (epoch 1575)
  Tip: 0.5892 mm (expected: 0.6990 mm)  Err: 15.71%
  Training time: 69.9s (1.2min)
  ======================================================================

