╔══════════════════════════════════════════════════════════════╗
║  DPC-GNN — MGN-style Baseline (AMP ablation)                ║
║  Replaces AntisymMP with directed-edge MP (no antisymmetry) ║
╚══════════════════════════════════════════════════════════════╝

  GPU: NVIDIA GeForce RTX 5090

======================================================================
  TISSUE: CARTILAGE (MGN-baseline) | E=500000 Pa (500.0 kPa) | ν=0.3
  Beam: 10cm x 2cm x 2cm
  Mesh: 15x4x4 | Device: cuda | Epochs: 3000
  Expected tip δ: 8.0932 mm | Scale: 8.09e-03
  AMP: OFF (MGN-style directed MP, two independent edge MLPs)
======================================================================
  Nodes: 400 | Tets: 1200 | Edges: 4910
  Params: 238,915  (~2× SolidGNN edge-MLP params)

     Ep |         Loss |         E_el |         E_gr |   J_min |  u_tip(mm) |        lr
  ------------------------------------------------------------------------------
      1 | -4.290096e-03 | 3.157543e-05 | -4.321671e-03 |  0.9948 |     0.0237 |  2.00e-05
      2 | -4.301723e-03 | 2.068212e-05 | -4.322405e-03 |  0.9959 |     0.0241 |  4.00e-05
      3 | -4.316729e-03 | 7.272875e-06 | -4.324001e-03 |  0.9977 |     0.0253 |  6.00e-05
      4 | -4.321272e-03 | 5.236646e-06 | -4.326509e-03 |  0.9993 |     0.0278 |  8.00e-05
      5 | -4.311575e-03 | 1.817775e-05 | -4.329753e-03 |  0.9985 |     0.0323 |  1.00e-04
     25 | -4.340628e-03 | 1.355335e-05 | -4.354182e-03 |  0.9989 |     0.1270 |  5.00e-04
     50 | -4.422533e-03 | 6.339508e-05 | -4.485928e-03 |  0.9928 |     0.6251 |  1.00e-03
     75 | -4.535155e-03 | 1.476830e-04 | -4.682838e-03 |  0.9902 |     1.6663 |  1.00e-03
    100 | -4.648536e-03 | 2.098901e-04 | -4.858427e-03 |  0.9822 |     2.5731 |  9.99e-04
    125 | -4.526115e-03 | 5.043902e-04 | -5.030505e-03 |  0.9790 |     3.7367 |  9.98e-04
    150 | -4.814054e-03 | 3.565667e-04 | -5.170621e-03 |  0.9818 |     4.6095 |  9.97e-04
    175 | -4.801442e-03 | 4.234151e-04 | -5.224857e-03 |  0.9785 |     4.9440 |  9.96e-04
    200 | -4.841770e-03 | 4.751034e-04 | -5.316874e-03 |  0.9808 |     5.5666 |  9.94e-04
    225 | -4.899978e-03 | 5.200906e-04 | -5.420068e-03 |  0.9802 |     6.2017 |  9.92e-04
    250 | -4.915841e-03 | 5.251814e-04 | -5.441022e-03 |  0.9784 |     6.2851 |  9.89e-04
    275 | -4.923181e-03 | 5.737995e-04 | -5.496981e-03 |  0.9775 |     6.6644 |  9.86e-04
    300 | -4.911835e-03 | 5.190884e-04 | -5.430924e-03 |  0.9795 |     6.2449 |  9.83e-04
    325 | -4.910793e-03 | 5.916453e-04 | -5.502439e-03 |  0.9783 |     6.7340 |  9.80e-04
    350 | -4.926426e-03 | 5.902647e-04 | -5.516691e-03 |  0.9771 |     6.7919 |  9.76e-04
    375 | -4.922278e-03 | 5.785240e-04 | -5.500802e-03 |  0.9772 |     6.6884 |  9.72e-04
    400 | -4.921593e-03 | 5.980714e-04 | -5.519664e-03 |  0.9777 |     6.8060 |  9.67e-04
    425 | -4.909658e-03 | 5.786227e-04 | -5.488281e-03 |  0.9764 |     6.6267 |  9.62e-04
    450 | -4.929353e-03 | 5.969095e-04 | -5.526262e-03 |  0.9774 |     6.8538 |  9.57e-04
    475 | -4.926594e-03 | 5.812712e-04 | -5.507865e-03 |  0.9774 |     6.7300 |  9.52e-04
    500 | -4.928749e-03 | 6.053498e-04 | -5.534098e-03 |  0.9762 |     6.8904 |  9.46e-04
    525 | -4.917212e-03 | 5.697344e-04 | -5.486946e-03 |  0.9778 |     6.6343 |  9.40e-04
    550 | -4.928958e-03 | 6.006429e-04 | -5.529601e-03 |  0.9774 |     6.8758 |  9.34e-04
    575 | -4.930236e-03 | 6.057155e-04 | -5.535951e-03 |  0.9770 |     6.9108 |  9.27e-04
    600 | -4.929526e-03 | 5.714912e-04 | -5.501017e-03 |  0.9773 |     6.7061 |  9.20e-04
    625 | -4.927291e-03 | 6.049443e-04 | -5.532235e-03 |  0.9774 |     6.8882 |  9.13e-04
    650 | -4.928582e-03 | 6.075238e-04 | -5.536105e-03 |  0.9773 |     6.9117 |  9.05e-04
    675 | -4.926768e-03 | 6.053828e-04 | -5.532151e-03 |  0.9765 |     6.8888 |  8.98e-04
    700 | -4.905117e-03 | 6.211672e-04 | -5.526284e-03 |  0.9785 |     6.8509 |  8.90e-04
    725 | -4.928561e-03 | 6.047837e-04 | -5.533345e-03 |  0.9775 |     6.8956 |  8.81e-04
    750 | -4.926267e-03 | 6.120305e-04 | -5.538298e-03 |  0.9773 |     6.9248 |  8.73e-04
    775 | -4.928463e-03 | 6.057404e-04 | -5.534204e-03 |  0.9771 |     6.9033 |  8.64e-04
    800 | -4.930738e-03 | 6.078585e-04 | -5.538597e-03 |  0.9770 |     6.9318 |  8.55e-04
    825 | -4.921185e-03 | 5.623263e-04 | -5.483511e-03 |  0.9769 |     6.5881 |  8.46e-04
    850 | -4.929849e-03 | 6.052981e-04 | -5.535147e-03 |  0.9766 |     6.8934 |  8.36e-04
    875 | -4.930849e-03 | 6.084924e-04 | -5.539341e-03 |  0.9770 |     6.9322 |  8.26e-04
    900 | -4.930695e-03 | 6.092809e-04 | -5.539976e-03 |  0.9770 |     6.9362 |  8.17e-04
    925 | -4.925807e-03 | 6.017082e-04 | -5.527515e-03 |  0.9773 |     6.8466 |  8.06e-04
    950 | -4.930113e-03 | 6.086386e-04 | -5.538752e-03 |  0.9768 |     6.9322 |  7.96e-04
    975 | -4.930645e-03 | 6.090964e-04 | -5.539741e-03 |  0.9770 |     6.9341 |  7.85e-04
   1000 | -4.928682e-03 | 6.017655e-04 | -5.530448e-03 |  0.9773 |     6.8702 |  7.75e-04
   1025 | -4.930252e-03 | 6.076238e-04 | -5.537876e-03 |  0.9769 |     6.9232 |  7.64e-04
   1050 | -4.930952e-03 | 6.082792e-04 | -5.539231e-03 |  0.9769 |     6.9332 |  7.52e-04
   1075 | -4.907439e-03 | 6.204881e-04 | -5.527927e-03 |  0.9766 |     6.8919 |  7.41e-04
   1100 | -4.929869e-03 | 6.093195e-04 | -5.539189e-03 |  0.9765 |     6.9201 |  7.30e-04
   1125 | -4.930970e-03 | 6.105643e-04 | -5.541534e-03 |  0.9770 |     6.9441 |  7.18e-04
   1150 | -4.931225e-03 | 6.091610e-04 | -5.540386e-03 |  0.9770 |     6.9414 |  7.06e-04
   1175 | -4.929231e-03 | 6.125503e-04 | -5.541782e-03 |  0.9764 |     6.9424 |  6.94e-04
   1200 | -4.930947e-03 | 6.044065e-04 | -5.535353e-03 |  0.9769 |     6.8998 |  6.82e-04
   1225 | -4.931056e-03 | 6.088146e-04 | -5.539871e-03 |  0.9770 |     6.9414 |  6.70e-04
   1250 | -4.930940e-03 | 6.103969e-04 | -5.541337e-03 |  0.9766 |     6.9411 |  6.58e-04
   1275 | -4.930050e-03 | 6.068056e-04 | -5.536855e-03 |  0.9771 |     6.9173 |  6.46e-04
   1300 | -4.930861e-03 | 6.090708e-04 | -5.539932e-03 |  0.9770 |     6.9371 |  6.33e-04
   1325 | -4.931255e-03 | 6.094976e-04 | -5.540753e-03 |  0.9769 |     6.9439 |  6.21e-04
   1350 | -4.928550e-03 | 6.147667e-04 | -5.543317e-03 |  0.9764 |     6.9407 |  6.08e-04
   1375 | -4.930750e-03 | 6.093630e-04 | -5.540113e-03 |  0.9770 |     6.9329 |  5.95e-04
   1400 | -4.931242e-03 | 6.090095e-04 | -5.540251e-03 |  0.9770 |     6.9416 |  5.82e-04
   1425 | -4.931281e-03 | 6.096056e-04 | -5.540887e-03 |  0.9769 |     6.9432 |  5.70e-04
   1450 | -4.931265e-03 | 6.097118e-04 | -5.540977e-03 |  0.9769 |     6.9440 |  5.57e-04
   1475 | -4.931338e-03 | 6.096790e-04 | -5.541017e-03 |  0.9769 |     6.9443 |  5.44e-04
   1500 | -4.931331e-03 | 6.097173e-04 | -5.541048e-03 |  0.9769 |     6.9446 |  5.31e-04
   1525 | -4.931284e-03 | 6.098998e-04 | -5.541184e-03 |  0.9769 |     6.9449 |  5.18e-04
   1550 | -4.929004e-03 | 6.075822e-04 | -5.536587e-03 |  0.9770 |     6.9293 |  5.05e-04
   1575 | -4.931334e-03 | 6.091213e-04 | -5.540456e-03 |  0.9769 |     6.9422 |  4.92e-04
   1600 | -4.931374e-03 | 6.097587e-04 | -5.541133e-03 |  0.9769 |     6.9450 |  4.79e-04
   1625 | -4.931348e-03 | 6.097814e-04 | -5.541130e-03 |  0.9769 |     6.9448 |  4.66e-04
   1650 | -4.931361e-03 | 6.097720e-04 | -5.541134e-03 |  0.9769 |     6.9451 |  4.53e-04
   1675 | -4.931373e-03 | 6.097743e-04 | -5.541147e-03 |  0.9769 |     6.9452 |  4.40e-04
   1700 | -4.931363e-03 | 6.098051e-04 | -5.541168e-03 |  0.9769 |     6.9453 |  4.28e-04
   1725 | -4.931349e-03 | 6.098345e-04 | -5.541184e-03 |  0.9768 |     6.9454 |  4.15e-04
   1750 | -4.931336e-03 | 6.098568e-04 | -5.541193e-03 |  0.9768 |     6.9455 |  4.02e-04
   1775 | -4.931380e-03 | 6.098301e-04 | -5.541210e-03 |  0.9768 |     6.9456 |  3.89e-04
   1800 | -4.931381e-03 | 6.098363e-04 | -5.541218e-03 |  0.9768 |     6.9457 |  3.77e-04
   1825 | -4.931353e-03 | 6.098718e-04 | -5.541225e-03 |  0.9768 |     6.9457 |  3.64e-04
   1850 | -4.931387e-03 | 6.098452e-04 | -5.541232e-03 |  0.9768 |     6.9458 |  3.52e-04
   1875 | -4.931391e-03 | 6.098491e-04 | -5.541240e-03 |  0.9768 |     6.9458 |  3.40e-04
   1900 | -4.931394e-03 | 6.098512e-04 | -5.541245e-03 |  0.9768 |     6.9459 |  3.28e-04
   1925 | -4.931417e-03 | 6.098371e-04 | -5.541254e-03 |  0.9768 |     6.9459 |  3.16e-04
   1950 | -4.931402e-03 | 6.098582e-04 | -5.541260e-03 |  0.9768 |     6.9460 |  3.04e-04
   1975 | -4.931401e-03 | 6.098672e-04 | -5.541268e-03 |  0.9768 |     6.9460 |  2.92e-04
   2000 | -4.931402e-03 | 6.098673e-04 | -5.541269e-03 |  0.9768 |     6.9461 |  2.80e-04
   2025 | -4.931403e-03 | 6.098757e-04 | -5.541279e-03 |  0.9768 |     6.9461 |  2.69e-04
   2050 | -4.931376e-03 | 6.099093e-04 | -5.541285e-03 |  0.9768 |     6.9462 |  2.57e-04
   2075 | -4.931419e-03 | 6.098713e-04 | -5.541291e-03 |  0.9768 |     6.9462 |  2.46e-04
   2100 | -4.931395e-03 | 6.099013e-04 | -5.541296e-03 |  0.9768 |     6.9462 |  2.35e-04
   2125 | -4.931404e-03 | 6.098950e-04 | -5.541299e-03 |  0.9768 |     6.9463 |  2.25e-04
   2150 | -4.931412e-03 | 6.098924e-04 | -5.541304e-03 |  0.9768 |     6.9463 |  2.14e-04
   2175 | -4.931370e-03 | 6.099391e-04 | -5.541309e-03 |  0.9768 |     6.9463 |  2.04e-04
   2200 | -4.931398e-03 | 6.099148e-04 | -5.541313e-03 |  0.9768 |     6.9464 |  1.93e-04
   2225 | -4.931408e-03 | 6.099094e-04 | -5.541317e-03 |  0.9768 |     6.9464 |  1.84e-04
   2250 | -4.931414e-03 | 6.099076e-04 | -5.541322e-03 |  0.9768 |     6.9464 |  1.74e-04
   2275 | -4.931404e-03 | 6.099202e-04 | -5.541325e-03 |  0.9768 |     6.9465 |  1.64e-04
   2300 | -4.931412e-03 | 6.099182e-04 | -5.541330e-03 |  0.9768 |     6.9465 |  1.55e-04
   2325 | -4.931412e-03 | 6.099201e-04 | -5.541332e-03 |  0.9768 |     6.9465 |  1.46e-04
   2350 | -4.931438e-03 | 6.098988e-04 | -5.541337e-03 |  0.9768 |     6.9465 |  1.37e-04
   2375 | -4.931438e-03 | 6.099019e-04 | -5.541340e-03 |  0.9768 |     6.9466 |  1.29e-04
   2400 | -4.931435e-03 | 6.099060e-04 | -5.541341e-03 |  0.9768 |     6.9466 |  1.20e-04
   2425 | -4.931404e-03 | 6.099413e-04 | -5.541345e-03 |  0.9768 |     6.9466 |  1.12e-04
   2450 | -4.931437e-03 | 6.099116e-04 | -5.541349e-03 |  0.9768 |     6.9466 |  1.05e-04
   2475 | -4.931449e-03 | 6.099028e-04 | -5.541352e-03 |  0.9768 |     6.9467 |  9.71e-05
   2500 | -4.931442e-03 | 6.099120e-04 | -5.541354e-03 |  0.9768 |     6.9467 |  8.99e-05
   2525 | -4.931438e-03 | 6.099183e-04 | -5.541356e-03 |  0.9768 |     6.9467 |  8.29e-05
   2550 | -4.931423e-03 | 6.099357e-04 | -5.541359e-03 |  0.9768 |     6.9467 |  7.63e-05
   2575 | -4.931435e-03 | 6.099263e-04 | -5.541361e-03 |  0.9768 |     6.9467 |  7.00e-05
   2600 | -4.931439e-03 | 6.099239e-04 | -5.541363e-03 |  0.9768 |     6.9467 |  6.40e-05
   2625 | -4.931453e-03 | 6.099129e-04 | -5.541366e-03 |  0.9768 |     6.9468 |  5.82e-05
   2650 | -4.931411e-03 | 6.099568e-04 | -5.541367e-03 |  0.9768 |     6.9468 |  5.28e-05
   2675 | -4.931435e-03 | 6.099340e-04 | -5.541369e-03 |  0.9768 |     6.9468 |  4.77e-05
   2700 | -4.931451e-03 | 6.099191e-04 | -5.541370e-03 |  0.9768 |     6.9468 |  4.29e-05
   2725 | -4.931435e-03 | 6.099367e-04 | -5.541372e-03 |  0.9768 |     6.9468 |  3.84e-05
   2750 | -4.931450e-03 | 6.099239e-04 | -5.541374e-03 |  0.9768 |     6.9468 |  3.42e-05
   2775 | -4.931470e-03 | 6.099045e-04 | -5.541375e-03 |  0.9768 |     6.9468 |  3.04e-05
   2800 | -4.931430e-03 | 6.099466e-04 | -5.541376e-03 |  0.9768 |     6.9468 |  2.69e-05
   2825 | -4.931405e-03 | 6.099719e-04 | -5.541377e-03 |  0.9768 |     6.9468 |  2.37e-05
   2850 | -4.931428e-03 | 6.099492e-04 | -5.541378e-03 |  0.9768 |     6.9468 |  2.08e-05
   2875 | -4.931410e-03 | 6.099683e-04 | -5.541379e-03 |  0.9768 |     6.9468 |  1.83e-05
   2900 | -4.931469e-03 | 6.099116e-04 | -5.541380e-03 |  0.9768 |     6.9468 |  1.61e-05
   2925 | -4.931451e-03 | 6.099287e-04 | -5.541380e-03 |  0.9768 |     6.9469 |  1.42e-05
   2950 | -4.931455e-03 | 6.099250e-04 | -5.541380e-03 |  0.9768 |     6.9469 |  1.27e-05
   2975 | -4.931443e-03 | 6.099382e-04 | -5.541381e-03 |  0.9768 |     6.9469 |  1.15e-05
   3000 | -4.931426e-03 | 6.099562e-04 | -5.541382e-03 |  0.9768 |     6.9469 |  1.07e-05

  ======================================================================
  ✅ CARTILAGE (MGN-baseline) COMPLETE
  Best loss: -4.931490e-03 (epoch 2743)
  Tip: 6.9468 mm (expected: 8.0932 mm)  Err: 14.17%
  Training time: 120.2s (2.0min)
  ======================================================================

