╔══════════════════════════════════════════════════════════════╗
║  DPC-GNN — MGN-style Baseline (AMP ablation)                ║
║  Replaces AntisymMP with directed-edge MP (no antisymmetry) ║
╚══════════════════════════════════════════════════════════════╝

  GPU: NVIDIA GeForce RTX 5090

======================================================================
  TISSUE: KIDNEY (MGN-baseline) | E=10000 Pa (10.0 kPa) | ν=0.45
  Beam: 3cm x 2cm x 2cm
  Mesh: 20x6x6 | Device: cuda | Epochs: 3000
  Expected tip δ: 3.1288 mm | Scale: 3.13e-03
  AMP: OFF (MGN-style directed MP, two independent edge MLPs)
======================================================================
  Nodes: 1029 | Tets: 3600 | Edges: 14128
  Params: 238,915  (~2× SolidGNN edge-MLP params)
  ⚡ F-bar enabled (ν=0.45 ≥ 0.45, anti-locking)

     Ep |         Loss |         E_el |         E_gr |   J_min |  u_tip(mm) |        lr
  ------------------------------------------------------------------------------
      1 | -1.230835e-03 | 5.345120e-06 | -1.236180e-03 |  0.9985 |     0.0021 |  2.00e-05
      2 | -1.235155e-03 | 1.081092e-06 | -1.236236e-03 |  0.9986 |     0.0025 |  4.00e-05
      3 | -1.243795e-03 | -7.443269e-06 | -1.236352e-03 |  0.9987 |     0.0034 |  6.00e-05
      4 | -1.256782e-03 | -2.026693e-05 | -1.236515e-03 |  0.9986 |     0.0046 |  8.00e-05
      5 | -1.274242e-03 | -3.752961e-05 | -1.236713e-03 |  0.9984 |     0.0060 |  1.00e-04
     25 | -3.321403e-03 | -2.072512e-03 | -1.248891e-03 |  0.9644 |     0.0806 |  5.00e-04
     50 | -3.574997e-03 | -2.230977e-03 | -1.344020e-03 |  0.8059 |     1.2953 |  1.00e-03
     75 | -3.659020e-03 | -2.235448e-03 | -1.423573e-03 |  0.7240 |     2.6734 |  9.64e-04
    100 | -3.683408e-03 | -2.212382e-03 | -1.471026e-03 |  0.7366 |     3.6860 |  8.61e-04
    125 | -3.728346e-03 | -2.195483e-03 | -1.532863e-03 |  0.6997 |     4.7447 |  7.07e-04
    150 | -3.751032e-03 | -2.162083e-03 | -1.588949e-03 |  0.6416 |     5.7402 |  5.25e-04
    175 | -3.768523e-03 | -2.158156e-03 | -1.610367e-03 |  0.6307 |     6.3149 |  3.43e-04
    200 | -3.779198e-03 | -2.147110e-03 | -1.632087e-03 |  0.6181 |     6.7445 |  1.89e-04
    225 | -3.784462e-03 | -2.141497e-03 | -1.642965e-03 |  0.6130 |     6.9662 |  8.62e-05
    250 | -3.786997e-03 | -2.139398e-03 | -1.647599e-03 |  0.6110 |     7.0697 |  1.00e-03
    275 | -3.171784e-03 | -1.886540e-03 | -1.285244e-03 |  1.0036 |     0.8831 |  9.91e-04
    300 | -3.315893e-03 | -1.948772e-03 | -1.367121e-03 |  1.0170 |     1.9600 |  9.64e-04
    325 | -3.345576e-03 | -1.970022e-03 | -1.375553e-03 |  0.9967 |     1.9937 |  9.20e-04
    350 | -3.489029e-03 | -2.118429e-03 | -1.370600e-03 |  1.0239 |     1.8446 |  8.61e-04
    375 | -3.529981e-03 | -2.159800e-03 | -1.370180e-03 |  0.9875 |     1.8552 |  7.89e-04
    400 | -3.560246e-03 | -2.176489e-03 | -1.383758e-03 |  0.9428 |     1.9995 |  7.07e-04
    425 | -3.635957e-03 | -2.226009e-03 | -1.409949e-03 |  0.8740 |     2.4316 |  6.18e-04
    450 | -3.667531e-03 | -2.207923e-03 | -1.459607e-03 |  0.8202 |     3.2705 |  5.25e-04
    475 | -3.698980e-03 | -2.204626e-03 | -1.494354e-03 |  0.7718 |     3.9755 |  4.32e-04
    500 | -3.714581e-03 | -2.194535e-03 | -1.520046e-03 |  0.7490 |     4.5017 |  3.43e-04
    525 | -3.725190e-03 | -2.187051e-03 | -1.538139e-03 |  0.7344 |     4.8847 |  2.61e-04
    550 | -3.732481e-03 | -2.181519e-03 | -1.550962e-03 |  0.7232 |     5.1580 |  1.89e-04
    575 | -3.737378e-03 | -2.177568e-03 | -1.559810e-03 |  0.7153 |     5.3464 |  1.30e-04
    600 | -3.740590e-03 | -2.174861e-03 | -1.565729e-03 |  0.7098 |     5.4720 |  8.62e-05
    625 | -3.742708e-03 | -2.173038e-03 | -1.569670e-03 |  0.7062 |     5.5555 |  5.91e-05
    650 | -3.744273e-03 | -2.171680e-03 | -1.572593e-03 |  0.7035 |     5.6173 |  1.00e-03
    675 | -3.055531e-03 | -1.796584e-03 | -1.258947e-03 |  0.9972 |     0.3504 |  9.98e-04
    700 | -3.261967e-03 | -1.963690e-03 | -1.298276e-03 |  1.0032 |     0.8293 |  9.91e-04
    725 | -3.302907e-03 | -1.946986e-03 | -1.355921e-03 |  1.0352 |     1.5637 |  9.80e-04
    750 | -3.318285e-03 | -1.946558e-03 | -1.371726e-03 |  1.0436 |     1.8448 |  9.64e-04
    775 | -3.322649e-03 | -1.942670e-03 | -1.379979e-03 |  1.0348 |     1.9979 |  9.44e-04
    800 | -3.325093e-03 | -1.942301e-03 | -1.382792e-03 |  1.0303 |     2.0534 |  9.20e-04
    825 | -3.326904e-03 | -1.943029e-03 | -1.383874e-03 |  1.0277 |     2.0792 |  8.92e-04
    850 | -3.328377e-03 | -1.943432e-03 | -1.384945e-03 |  1.0268 |     2.1014 |  8.61e-04
    875 | -3.329635e-03 | -1.943931e-03 | -1.385704e-03 |  1.0270 |     2.1165 |  8.26e-04
    900 | -3.330747e-03 | -1.944484e-03 | -1.386263e-03 |  1.0278 |     2.1266 |  7.89e-04
    925 | -3.331759e-03 | -1.945102e-03 | -1.386657e-03 |  1.0288 |     2.1331 |  7.49e-04
    950 | -3.332695e-03 | -1.945772e-03 | -1.386924e-03 |  1.0299 |     2.1369 |  7.07e-04
    975 | -3.333561e-03 | -1.946442e-03 | -1.387119e-03 |  1.0313 |     2.1391 |  6.63e-04
   1000 | -3.334354e-03 | -1.947070e-03 | -1.387284e-03 |  1.0331 |     2.1407 |  6.18e-04
   1025 | -3.335088e-03 | -1.947682e-03 | -1.387406e-03 |  1.0352 |     2.1419 |  5.72e-04
   1050 | -3.335790e-03 | -1.948328e-03 | -1.387463e-03 |  1.0374 |     2.1424 |  5.25e-04
   1075 | -3.336493e-03 | -1.949041e-03 | -1.387452e-03 |  1.0395 |     2.1422 |  4.78e-04
   1100 | -3.337235e-03 | -1.949846e-03 | -1.387389e-03 |  1.0416 |     2.1413 |  4.32e-04
   1125 | -3.338057e-03 | -1.950772e-03 | -1.387284e-03 |  1.0435 |     2.1398 |  3.87e-04
   1150 | -3.339012e-03 | -1.951873e-03 | -1.387139e-03 |  1.0452 |     2.1376 |  3.43e-04
   1175 | -3.340181e-03 | -1.953233e-03 | -1.386947e-03 |  1.0466 |     2.1345 |  3.01e-04
   1200 | -3.341682e-03 | -1.954996e-03 | -1.386685e-03 |  1.0469 |     2.1303 |  2.61e-04
   1225 | -3.343730e-03 | -1.957427e-03 | -1.386303e-03 |  1.0471 |     2.1240 |  2.24e-04
   1250 | -3.346742e-03 | -1.961058e-03 | -1.385684e-03 |  1.0472 |     2.1141 |  1.89e-04
   1275 | -3.351655e-03 | -1.967105e-03 | -1.384550e-03 |  1.0472 |     2.0968 |  1.58e-04
   1300 | -3.360945e-03 | -1.978774e-03 | -1.382172e-03 |  1.0468 |     2.0636 |  1.30e-04
   1325 | -3.381426e-03 | -2.004396e-03 | -1.377031e-03 |  1.0450 |     1.9910 |  1.06e-04
   1350 | -3.426708e-03 | -2.061175e-03 | -1.365533e-03 |  1.0389 |     1.7975 |  8.62e-05
   1375 | -3.480558e-03 | -2.130877e-03 | -1.349681e-03 |  1.0321 |     1.5240 |  7.05e-05
   1400 | -3.499016e-03 | -2.148098e-03 | -1.350918e-03 |  1.0265 |     1.5486 |  5.91e-05
   1425 | -3.506348e-03 | -2.151163e-03 | -1.355184e-03 |  1.0205 |     1.6237 |  5.23e-05
   1450 | -3.510862e-03 | -2.152808e-03 | -1.358054e-03 |  1.0133 |     1.6676 |  1.00e-03
   1475 | -3.499378e-03 | -2.141880e-03 | -1.357498e-03 |  0.9037 |     1.7216 |  9.99e-04
   1500 | -3.538328e-03 | -2.148488e-03 | -1.389839e-03 |  0.8877 |     2.1895 |  9.98e-04
   1525 | -3.568397e-03 | -2.138847e-03 | -1.429550e-03 |  0.7977 |     2.8664 |  9.95e-04
   1550 | -3.387551e-03 | -1.943629e-03 | -1.443922e-03 |  0.8774 |     3.1998 |  9.91e-04
   1575 | -3.582457e-03 | -2.135008e-03 | -1.447449e-03 |  0.7954 |     3.0292 |  9.86e-04
   1600 | -3.642656e-03 | -2.131529e-03 | -1.511126e-03 |  0.7096 |     4.2141 |  9.80e-04
   1625 | -3.661708e-03 | -2.169011e-03 | -1.492696e-03 |  0.7786 |     4.0551 |  9.72e-04
   1650 | -3.724987e-03 | -2.177491e-03 | -1.547496e-03 |  0.7110 |     4.9358 |  9.64e-04
   1675 | -3.456728e-03 | -1.860125e-03 | -1.596603e-03 |  0.7211 |     6.2248 |  9.54e-04
   1700 | -3.742301e-03 | -2.159888e-03 | -1.582413e-03 |  0.6326 |     5.6922 |  9.44e-04
   1725 | -3.767540e-03 | -2.138797e-03 | -1.628743e-03 |  0.6373 |     6.7473 |  9.32e-04
   1750 | -3.679095e-03 | -2.019061e-03 | -1.660033e-03 |  0.6416 |     7.4492 |  9.20e-04
   1775 | -3.750093e-03 | -2.131089e-03 | -1.619004e-03 |  0.6639 |     6.4337 |  9.07e-04
   1800 | -3.783234e-03 | -2.126275e-03 | -1.656959e-03 |  0.6320 |     7.3307 |  8.92e-04
   1825 | -3.796827e-03 | -2.100050e-03 | -1.696778e-03 |  0.6002 |     8.2087 |  8.77e-04
   1850 | -3.705828e-03 | -2.001411e-03 | -1.704417e-03 |  0.5845 |     8.4435 |  8.61e-04
   1875 | -3.799669e-03 | -2.100986e-03 | -1.698683e-03 |  0.6187 |     8.2990 |  8.44e-04
   1900 | -3.811149e-03 | -2.085255e-03 | -1.725894e-03 |  0.5972 |     8.8598 |  8.26e-04
   1925 | -3.780901e-03 | -2.035085e-03 | -1.745817e-03 |  0.5922 |     9.3035 |  8.08e-04
   1950 | -3.807594e-03 | -2.056545e-03 | -1.751048e-03 |  0.5785 |     9.3559 |  7.89e-04
   1975 | -3.823738e-03 | -2.063649e-03 | -1.760089e-03 |  0.5930 |     9.6427 |  7.69e-04
   2000 | -3.808889e-03 | -2.037634e-03 | -1.771256e-03 |  0.5817 |     9.8251 |  7.49e-04
   2025 | -3.832170e-03 | -2.058312e-03 | -1.773858e-03 |  0.5972 |     9.9411 |  7.28e-04
   2050 | -3.808476e-03 | -2.022510e-03 | -1.785966e-03 |  0.5843 |    10.1967 |  7.07e-04
   2075 | -3.842793e-03 | -2.053194e-03 | -1.789599e-03 |  0.5893 |    10.2854 |  6.85e-04
   2100 | -3.844758e-03 | -2.048710e-03 | -1.796048e-03 |  0.5838 |    10.4301 |  6.63e-04
   2125 | -3.847763e-03 | -2.049037e-03 | -1.798727e-03 |  0.5847 |    10.5292 |  6.40e-04
   2150 | -3.851679e-03 | -2.042820e-03 | -1.808859e-03 |  0.5800 |    10.7342 |  6.18e-04
   2175 | -3.798392e-03 | -1.993469e-03 | -1.804923e-03 |  0.6203 |    10.5176 |  5.95e-04
   2200 | -3.849042e-03 | -2.049968e-03 | -1.799074e-03 |  0.5890 |    10.5438 |  5.72e-04
   2225 | -3.856319e-03 | -2.042254e-03 | -1.814065e-03 |  0.5772 |    10.8394 |  5.48e-04
   2250 | -3.859922e-03 | -2.038240e-03 | -1.821682e-03 |  0.5738 |    11.0249 |  5.25e-04
   2275 | -3.863066e-03 | -2.035203e-03 | -1.827863e-03 |  0.5701 |    11.1706 |  5.02e-04
   2300 | -3.866407e-03 | -2.033075e-03 | -1.833332e-03 |  0.5676 |    11.3000 |  4.78e-04
   2325 | -3.870132e-03 | -2.031571e-03 | -1.838561e-03 |  0.5642 |    11.4264 |  4.55e-04
   2350 | -3.874276e-03 | -2.030296e-03 | -1.843979e-03 |  0.5601 |    11.5599 |  4.32e-04
   2375 | -3.850596e-03 | -2.001087e-03 | -1.849508e-03 |  0.5445 |    11.5474 |  4.10e-04
   2400 | -3.878802e-03 | -2.034990e-03 | -1.843812e-03 |  0.5539 |    11.5886 |  3.87e-04
   2425 | -3.885088e-03 | -2.032884e-03 | -1.852204e-03 |  0.5493 |    11.7824 |  3.65e-04
   2450 | -3.889945e-03 | -2.030302e-03 | -1.859644e-03 |  0.5456 |    11.9719 |  3.43e-04
   2475 | -3.894468e-03 | -2.027663e-03 | -1.866805e-03 |  0.5442 |    12.1530 |  3.22e-04
   2500 | -3.898608e-03 | -2.024956e-03 | -1.873652e-03 |  0.5435 |    12.3257 |  3.01e-04
   2525 | -3.902354e-03 | -2.022198e-03 | -1.880156e-03 |  0.5425 |    12.4893 |  2.81e-04
   2550 | -3.905706e-03 | -2.019399e-03 | -1.886307e-03 |  0.5325 |    12.6430 |  2.61e-04
   2575 | -3.908673e-03 | -2.016607e-03 | -1.892066e-03 |  0.5234 |    12.7861 |  2.42e-04
   2600 | -3.911278e-03 | -2.013868e-03 | -1.897411e-03 |  0.5153 |    12.9180 |  2.24e-04
   2625 | -3.913553e-03 | -2.011225e-03 | -1.902329e-03 |  0.5080 |    13.0387 |  2.06e-04
   2650 | -3.915534e-03 | -2.008714e-03 | -1.906820e-03 |  0.5016 |    13.1483 |  1.89e-04
   2675 | -3.917256e-03 | -2.006364e-03 | -1.910892e-03 |  0.4959 |    13.2471 |  1.73e-04
   2700 | -3.918753e-03 | -2.004188e-03 | -1.914565e-03 |  0.4909 |    13.3357 |  1.58e-04
   2725 | -3.920057e-03 | -2.002195e-03 | -1.917861e-03 |  0.4865 |    13.4148 |  1.43e-04
   2750 | -3.921192e-03 | -2.000382e-03 | -1.920810e-03 |  0.4826 |    13.4853 |  1.30e-04
   2775 | -3.922182e-03 | -1.998742e-03 | -1.923440e-03 |  0.4791 |    13.5480 |  1.18e-04
   2800 | -3.923047e-03 | -1.997264e-03 | -1.925783e-03 |  0.4761 |    13.6036 |  1.06e-04
   2825 | -3.923804e-03 | -1.995937e-03 | -1.927868e-03 |  0.4735 |    13.6529 |  9.56e-05
   2850 | -3.924470e-03 | -1.994744e-03 | -1.929726e-03 |  0.4711 |    13.6968 |  8.62e-05
   2875 | -3.925057e-03 | -1.993673e-03 | -1.931384e-03 |  0.4691 |    13.7359 |  7.78e-05
   2900 | -3.925578e-03 | -1.992708e-03 | -1.932870e-03 |  0.4672 |    13.7708 |  7.05e-05
   2925 | -3.926042e-03 | -1.991832e-03 | -1.934210e-03 |  0.4655 |    13.8022 |  6.42e-05
   2950 | -3.926461e-03 | -1.991033e-03 | -1.935428e-03 |  0.4640 |    13.8308 |  5.91e-05
   2975 | -3.926844e-03 | -1.990294e-03 | -1.936551e-03 |  0.4627 |    13.8571 |  5.51e-05
   3000 | -3.927200e-03 | -1.989600e-03 | -1.937600e-03 |  0.4614 |    13.8816 |  5.23e-05

  ======================================================================
  ✅ KIDNEY (MGN-baseline) COMPLETE
  Best loss: -3.927200e-03 (epoch 3000)
  Tip: 13.8825 mm (expected: 3.1288 mm)  Err: 343.71%
  Training time: 114.1s (1.9min)
  ======================================================================

