╔══════════════════════════════════════════════════════════════╗
║  DPC-GNN — MGN-style Baseline (AMP ablation)                ║
║  Replaces AntisymMP with directed-edge MP (no antisymmetry) ║
╚══════════════════════════════════════════════════════════════╝

  GPU: NVIDIA GeForce RTX 5090

======================================================================
  TISSUE: MYOCARDIUM (MGN-baseline) | E=30000 Pa (30.0 kPa) | ν=0.4
  Beam: 3cm x 2cm x 2cm
  Mesh: 15x4x4 | Device: cuda | Epochs: 3000
  Expected tip δ: 1.0529 mm | Scale: 1.05e-03
  AMP: OFF (MGN-style directed MP, two independent edge MLPs)
======================================================================
  Nodes: 400 | Tets: 1200 | Edges: 4910
  Params: 238,915  (~2× SolidGNN edge-MLP params)

     Ep |         Loss |         E_el |         E_gr |   J_min |  u_tip(mm) |        lr
  ------------------------------------------------------------------------------
      1 | -1.247975e-03 | 1.364102e-07 | -1.248111e-03 |  0.9972 |     0.0025 |  2.00e-05
      2 | -1.248037e-03 | 1.179590e-07 | -1.248155e-03 |  0.9974 |     0.0028 |  4.00e-05
      3 | -1.248154e-03 | 8.860965e-08 | -1.248243e-03 |  0.9978 |     0.0035 |  6.00e-05
      4 | -1.248315e-03 | 6.001731e-08 | -1.248375e-03 |  0.9983 |     0.0045 |  8.00e-05
      5 | -1.248501e-03 | 5.000674e-08 | -1.248551e-03 |  0.9989 |     0.0058 |  1.00e-04
     25 | -1.254652e-03 | 3.739463e-06 | -1.258392e-03 |  0.9968 |     0.1083 |  5.00e-04
     50 | -1.270980e-03 | 1.898949e-05 | -1.289969e-03 |  0.9717 |     0.5699 |  1.00e-03
     75 | -1.279113e-03 | 2.627089e-05 | -1.305384e-03 |  0.9709 |     0.8469 |  1.00e-03
    100 | -1.283405e-03 | 3.083952e-05 | -1.314244e-03 |  0.9719 |     1.0433 |  9.99e-04
    125 | -1.285017e-03 | 3.465812e-05 | -1.319675e-03 |  0.9692 |     1.1361 |  9.98e-04
    150 | -1.285476e-03 | 3.518900e-05 | -1.320665e-03 |  0.9710 |     1.1621 |  9.97e-04
    175 | -1.285605e-03 | 3.438361e-05 | -1.319988e-03 |  0.9736 |     1.1651 |  9.96e-04
    200 | -1.285805e-03 | 3.497709e-05 | -1.320782e-03 |  0.9728 |     1.1784 |  9.94e-04
    225 | -1.285871e-03 | 3.697089e-05 | -1.322842e-03 |  0.9668 |     1.1900 |  9.92e-04
    250 | -1.285952e-03 | 3.789282e-05 | -1.323845e-03 |  0.9657 |     1.2040 |  9.89e-04
    275 | -1.285956e-03 | 3.439283e-05 | -1.320348e-03 |  0.9737 |     1.1831 |  9.86e-04
    300 | -1.285797e-03 | 3.820644e-05 | -1.324003e-03 |  0.9631 |     1.2025 |  9.83e-04
    325 | -1.286350e-03 | 3.730882e-05 | -1.323659e-03 |  0.9655 |     1.2099 |  9.80e-04
    350 | -1.286432e-03 | 3.613169e-05 | -1.322564e-03 |  0.9672 |     1.2008 |  9.76e-04
    375 | -1.286407e-03 | 3.759079e-05 | -1.323998e-03 |  0.9638 |     1.2169 |  9.72e-04
    400 | -1.286416e-03 | 3.545442e-05 | -1.321871e-03 |  0.9699 |     1.2045 |  9.67e-04
    425 | -1.283251e-03 | 3.359943e-05 | -1.316850e-03 |  0.9818 |     1.1770 |  9.62e-04
    450 | -1.286360e-03 | 3.602376e-05 | -1.322384e-03 |  0.9662 |     1.1889 |  9.57e-04
    475 | -1.286564e-03 | 3.718857e-05 | -1.323752e-03 |  0.9647 |     1.2173 |  9.52e-04
    500 | -1.286701e-03 | 3.675847e-05 | -1.323460e-03 |  0.9656 |     1.2220 |  9.46e-04
    525 | -1.286751e-03 | 3.694614e-05 | -1.323697e-03 |  0.9651 |     1.2267 |  9.40e-04
    550 | -1.284893e-03 | 3.097924e-05 | -1.315872e-03 |  0.9774 |     1.1478 |  9.34e-04
    575 | -1.286381e-03 | 3.695986e-05 | -1.323341e-03 |  0.9633 |     1.2036 |  9.27e-04
    600 | -1.286731e-03 | 3.659499e-05 | -1.323326e-03 |  0.9666 |     1.2258 |  9.20e-04
    625 | -1.286826e-03 | 3.707809e-05 | -1.323904e-03 |  0.9645 |     1.2326 |  9.13e-04
    650 | -1.286858e-03 | 3.732224e-05 | -1.324180e-03 |  0.9639 |     1.2366 |  9.05e-04
    675 | -1.286431e-03 | 3.696966e-05 | -1.323401e-03 |  0.9629 |     1.2088 |  8.98e-04
    700 | -1.286849e-03 | 3.716982e-05 | -1.324018e-03 |  0.9642 |     1.2345 |  8.90e-04
    725 | -1.286027e-03 | 3.982046e-05 | -1.325848e-03 |  0.9574 |     1.2413 |  8.81e-04
    750 | -1.286774e-03 | 3.656425e-05 | -1.323338e-03 |  0.9659 |     1.2222 |  8.73e-04
    775 | -1.286887e-03 | 3.713687e-05 | -1.324023e-03 |  0.9642 |     1.2368 |  8.64e-04
    800 | -1.285259e-03 | 3.481130e-05 | -1.320071e-03 |  0.9731 |     1.2103 |  8.55e-04
    825 | -1.286597e-03 | 3.746179e-05 | -1.324059e-03 |  0.9620 |     1.2235 |  8.46e-04
    850 | -1.286896e-03 | 3.729751e-05 | -1.324194e-03 |  0.9640 |     1.2395 |  8.36e-04
    875 | -1.286926e-03 | 3.703757e-05 | -1.323964e-03 |  0.9648 |     1.2391 |  8.26e-04
    900 | -1.286459e-03 | 3.537431e-05 | -1.321834e-03 |  0.9695 |     1.2131 |  8.17e-04
    925 | -1.286818e-03 | 3.762830e-05 | -1.324447e-03 |  0.9629 |     1.2346 |  8.06e-04
    950 | -1.286934e-03 | 3.725749e-05 | -1.324191e-03 |  0.9647 |     1.2427 |  7.96e-04
    975 | -1.286959e-03 | 3.722380e-05 | -1.324183e-03 |  0.9643 |     1.2416 |  7.85e-04
   1000 | -1.286417e-03 | 3.500039e-05 | -1.321417e-03 |  0.9693 |     1.2023 |  7.75e-04
   1025 | -1.286910e-03 | 3.688608e-05 | -1.323796e-03 |  0.9654 |     1.2351 |  7.64e-04
   1050 | -1.286969e-03 | 3.744488e-05 | -1.324414e-03 |  0.9641 |     1.2452 |  7.52e-04
   1075 | -1.286989e-03 | 3.738829e-05 | -1.324377e-03 |  0.9644 |     1.2463 |  7.41e-04
   1100 | -1.285414e-03 | 3.681995e-05 | -1.322234e-03 |  0.9724 |     1.2410 |  7.30e-04
   1125 | -1.286921e-03 | 3.623450e-05 | -1.323156e-03 |  0.9663 |     1.2300 |  7.18e-04
   1150 | -1.287006e-03 | 3.750832e-05 | -1.324514e-03 |  0.9647 |     1.2514 |  7.06e-04
   1175 | -1.287019e-03 | 3.742890e-05 | -1.324448e-03 |  0.9648 |     1.2508 |  6.94e-04
   1200 | -1.286526e-03 | 3.691216e-05 | -1.323438e-03 |  0.9612 |     1.2240 |  6.82e-04
   1225 | -1.286911e-03 | 3.783768e-05 | -1.324749e-03 |  0.9624 |     1.2440 |  6.70e-04
   1250 | -1.287022e-03 | 3.777315e-05 | -1.324795e-03 |  0.9634 |     1.2528 |  6.58e-04
   1275 | -1.287056e-03 | 3.772328e-05 | -1.324779e-03 |  0.9643 |     1.2559 |  6.46e-04
   1300 | -1.287051e-03 | 3.784678e-05 | -1.324897e-03 |  0.9634 |     1.2551 |  6.33e-04
   1325 | -1.286718e-03 | 3.888057e-05 | -1.325599e-03 |  0.9597 |     1.2521 |  6.21e-04
   1350 | -1.287052e-03 | 3.772227e-05 | -1.324775e-03 |  0.9636 |     1.2529 |  6.08e-04
   1375 | -1.287089e-03 | 3.780812e-05 | -1.324897e-03 |  0.9640 |     1.2586 |  5.95e-04
   1400 | -1.286909e-03 | 3.757039e-05 | -1.324480e-03 |  0.9618 |     1.2448 |  5.82e-04
   1425 | -1.286971e-03 | 3.796417e-05 | -1.324935e-03 |  0.9621 |     1.2505 |  5.70e-04
   1450 | -1.287098e-03 | 3.820278e-05 | -1.325301e-03 |  0.9631 |     1.2625 |  5.57e-04
   1475 | -1.287123e-03 | 3.789536e-05 | -1.325018e-03 |  0.9644 |     1.2629 |  5.44e-04
   1500 | -1.286364e-03 | 3.895205e-05 | -1.325316e-03 |  0.9587 |     1.2487 |  5.31e-04
   1525 | -1.286938e-03 | 3.776218e-05 | -1.324701e-03 |  0.9625 |     1.2470 |  5.18e-04
   1550 | -1.287128e-03 | 3.790275e-05 | -1.325031e-03 |  0.9649 |     1.2650 |  5.05e-04
   1575 | -1.287154e-03 | 3.802779e-05 | -1.325182e-03 |  0.9641 |     1.2658 |  4.92e-04
   1600 | -1.287163e-03 | 3.800710e-05 | -1.325170e-03 |  0.9641 |     1.2656 |  4.79e-04
   1625 | -1.287170e-03 | 3.802821e-05 | -1.325198e-03 |  0.9641 |     1.2665 |  4.66e-04
   1650 | -1.287155e-03 | 3.789981e-05 | -1.325055e-03 |  0.9633 |     1.2609 |  4.53e-04
   1675 | -1.287099e-03 | 3.808606e-05 | -1.325185e-03 |  0.9625 |     1.2593 |  4.40e-04
   1700 | -1.287188e-03 | 3.823855e-05 | -1.325427e-03 |  0.9639 |     1.2703 |  4.28e-04
   1725 | -1.287199e-03 | 3.812292e-05 | -1.325321e-03 |  0.9639 |     1.2687 |  4.15e-04
   1750 | -1.287205e-03 | 3.811425e-05 | -1.325320e-03 |  0.9640 |     1.2693 |  4.02e-04
   1775 | -1.287209e-03 | 3.818096e-05 | -1.325390e-03 |  0.9636 |     1.2692 |  3.89e-04
   1800 | -1.287144e-03 | 3.833141e-05 | -1.325475e-03 |  0.9623 |     1.2655 |  3.77e-04
   1825 | -1.287219e-03 | 3.819375e-05 | -1.325412e-03 |  0.9635 |     1.2692 |  3.64e-04
   1850 | -1.287233e-03 | 3.817754e-05 | -1.325410e-03 |  0.9641 |     1.2720 |  3.52e-04
   1875 | -1.287240e-03 | 3.820179e-05 | -1.325442e-03 |  0.9640 |     1.2723 |  3.40e-04
   1900 | -1.287237e-03 | 3.827198e-05 | -1.325509e-03 |  0.9633 |     1.2711 |  3.28e-04
   1925 | -1.287237e-03 | 3.828634e-05 | -1.325523e-03 |  0.9632 |     1.2707 |  3.16e-04
   1950 | -1.287257e-03 | 3.822907e-05 | -1.325486e-03 |  0.9642 |     1.2739 |  3.04e-04
   1975 | -1.287265e-03 | 3.826608e-05 | -1.325531e-03 |  0.9639 |     1.2739 |  2.92e-04
   2000 | -1.287271e-03 | 3.827704e-05 | -1.325548e-03 |  0.9639 |     1.2744 |  2.80e-04
   2025 | -1.287276e-03 | 3.828873e-05 | -1.325565e-03 |  0.9639 |     1.2749 |  2.69e-04
   2050 | -1.287282e-03 | 3.830123e-05 | -1.325583e-03 |  0.9639 |     1.2753 |  2.57e-04
   2075 | -1.287288e-03 | 3.831259e-05 | -1.325601e-03 |  0.9639 |     1.2757 |  2.46e-04
   2100 | -1.287294e-03 | 3.832361e-05 | -1.325618e-03 |  0.9639 |     1.2761 |  2.35e-04
   2125 | -1.287299e-03 | 3.833466e-05 | -1.325634e-03 |  0.9639 |     1.2764 |  2.25e-04
   2150 | -1.287305e-03 | 3.834540e-05 | -1.325650e-03 |  0.9639 |     1.2768 |  2.14e-04
   2175 | -1.287309e-03 | 3.835621e-05 | -1.325666e-03 |  0.9638 |     1.2772 |  2.04e-04
   2200 | -1.287315e-03 | 3.836567e-05 | -1.325681e-03 |  0.9638 |     1.2775 |  1.93e-04
   2225 | -1.287320e-03 | 3.837550e-05 | -1.325695e-03 |  0.9638 |     1.2779 |  1.84e-04
   2250 | -1.287325e-03 | 3.838426e-05 | -1.325709e-03 |  0.9638 |     1.2782 |  1.74e-04
   2275 | -1.287329e-03 | 3.839334e-05 | -1.325723e-03 |  0.9638 |     1.2785 |  1.64e-04
   2300 | -1.287334e-03 | 3.840176e-05 | -1.325736e-03 |  0.9638 |     1.2788 |  1.55e-04
   2325 | -1.287339e-03 | 3.840920e-05 | -1.325748e-03 |  0.9638 |     1.2791 |  1.46e-04
   2350 | -1.287343e-03 | 3.841675e-05 | -1.325760e-03 |  0.9638 |     1.2793 |  1.37e-04
   2375 | -1.287347e-03 | 3.842429e-05 | -1.325771e-03 |  0.9638 |     1.2796 |  1.29e-04
   2400 | -1.287352e-03 | 3.843037e-05 | -1.325782e-03 |  0.9638 |     1.2799 |  1.20e-04
   2425 | -1.287355e-03 | 3.843777e-05 | -1.325793e-03 |  0.9638 |     1.2801 |  1.12e-04
   2450 | -1.287360e-03 | 3.844287e-05 | -1.325803e-03 |  0.9638 |     1.2803 |  1.05e-04
   2475 | -1.287362e-03 | 3.844973e-05 | -1.325812e-03 |  0.9638 |     1.2805 |  9.71e-05
   2500 | -1.287366e-03 | 3.845522e-05 | -1.325821e-03 |  0.9638 |     1.2807 |  8.99e-05
   2525 | -1.287369e-03 | 3.846057e-05 | -1.325829e-03 |  0.9638 |     1.2809 |  8.29e-05
   2550 | -1.287372e-03 | 3.846464e-05 | -1.325837e-03 |  0.9638 |     1.2811 |  7.63e-05
   2575 | -1.287374e-03 | 3.846987e-05 | -1.325844e-03 |  0.9638 |     1.2813 |  7.00e-05
   2600 | -1.287377e-03 | 3.847435e-05 | -1.325851e-03 |  0.9638 |     1.2814 |  6.40e-05
   2625 | -1.287379e-03 | 3.847829e-05 | -1.325858e-03 |  0.9638 |     1.2816 |  5.82e-05
   2650 | -1.287382e-03 | 3.848194e-05 | -1.325863e-03 |  0.9638 |     1.2817 |  5.28e-05
   2675 | -1.287384e-03 | 3.848468e-05 | -1.325869e-03 |  0.9638 |     1.2818 |  4.77e-05
   2700 | -1.287386e-03 | 3.848793e-05 | -1.325874e-03 |  0.9638 |     1.2819 |  4.29e-05
   2725 | -1.287387e-03 | 3.849147e-05 | -1.325878e-03 |  0.9638 |     1.2820 |  3.84e-05
   2750 | -1.287389e-03 | 3.849335e-05 | -1.325883e-03 |  0.9638 |     1.2821 |  3.42e-05
   2775 | -1.287390e-03 | 3.849624e-05 | -1.325886e-03 |  0.9638 |     1.2822 |  3.04e-05
   2800 | -1.287392e-03 | 3.849766e-05 | -1.325889e-03 |  0.9638 |     1.2823 |  2.69e-05
   2825 | -1.287394e-03 | 3.849895e-05 | -1.325892e-03 |  0.9638 |     1.2823 |  2.37e-05
   2850 | -1.287394e-03 | 3.850102e-05 | -1.325895e-03 |  0.9638 |     1.2824 |  2.08e-05
   2875 | -1.287395e-03 | 3.850280e-05 | -1.325898e-03 |  0.9638 |     1.2825 |  1.83e-05
   2900 | -1.287396e-03 | 3.850397e-05 | -1.325900e-03 |  0.9638 |     1.2825 |  1.61e-05
   2925 | -1.287396e-03 | 3.850573e-05 | -1.325901e-03 |  0.9638 |     1.2825 |  1.42e-05
   2950 | -1.287397e-03 | 3.850618e-05 | -1.325903e-03 |  0.9638 |     1.2826 |  1.27e-05
   2975 | -1.287398e-03 | 3.850707e-05 | -1.325905e-03 |  0.9638 |     1.2826 |  1.15e-05
   3000 | -1.287398e-03 | 3.850818e-05 | -1.325906e-03 |  0.9638 |     1.2827 |  1.07e-05

  ======================================================================
  ✅ MYOCARDIUM (MGN-baseline) COMPLETE
  Best loss: -1.287398e-03 (epoch 2979)
  Tip: 1.2826 mm (expected: 1.0529 mm)  Err: 21.82%
  Training time: 100.1s (1.7min)
  ======================================================================

