╔══════════════════════════════════════════════════════════════╗
║  DPC-GNN — MGN-style Baseline (AMP ablation)                ║
║  Replaces AntisymMP with directed-edge MP (no antisymmetry) ║
╚══════════════════════════════════════════════════════════════╝

  GPU: NVIDIA GeForce RTX 5090

======================================================================
  TISSUE: MYOCARDIUM (MGN-baseline) | E=30000 Pa (30.0 kPa) | ν=0.4
  Beam: 3cm x 2cm x 2cm
  Mesh: 15x4x4 | Device: cuda | Epochs: 3000
  Expected tip δ: 1.0529 mm | Scale: 1.05e-03
  AMP: OFF (MGN-style directed MP, two independent edge MLPs)
======================================================================
  Nodes: 400 | Tets: 1200 | Edges: 4910
  Params: 238,915  (~2× SolidGNN edge-MLP params)

     Ep |         Loss |         E_el |         E_gr |   J_min |  u_tip(mm) |        lr
  ------------------------------------------------------------------------------
      1 | -1.247854e-03 | 1.365624e-08 | -1.247868e-03 |  0.9999 |     0.0002 |  2.00e-05
      2 | -1.247900e-03 | 9.886080e-09 | -1.247910e-03 |  0.9999 |     0.0006 |  4.00e-05
      3 | -1.247985e-03 | 7.377797e-09 | -1.247993e-03 |  0.9998 |     0.0013 |  6.00e-05
      4 | -1.248108e-03 | 9.982136e-09 | -1.248118e-03 |  0.9995 |     0.0023 |  8.00e-05
      5 | -1.248266e-03 | 1.872171e-08 | -1.248284e-03 |  0.9993 |     0.0037 |  1.00e-04
     25 | -1.253929e-03 | 4.004115e-06 | -1.257933e-03 |  0.9968 |     0.1003 |  5.00e-04
     50 | -1.272135e-03 | 2.335899e-05 | -1.295494e-03 |  0.9695 |     0.6407 |  1.00e-03
     75 | -1.281196e-03 | 2.910813e-05 | -1.310304e-03 |  0.9710 |     0.9198 |  1.00e-03
    100 | -1.284341e-03 | 3.206629e-05 | -1.316408e-03 |  0.9712 |     1.0813 |  9.99e-04
    125 | -1.285227e-03 | 3.446586e-05 | -1.319693e-03 |  0.9733 |     1.1412 |  9.98e-04
    150 | -1.284983e-03 | 3.685237e-05 | -1.321836e-03 |  0.9668 |     1.1582 |  9.97e-04
    175 | -1.285699e-03 | 3.491206e-05 | -1.320611e-03 |  0.9726 |     1.1671 |  9.96e-04
    200 | -1.285885e-03 | 3.585450e-05 | -1.321739e-03 |  0.9706 |     1.1825 |  9.94e-04
    225 | -1.285149e-03 | 3.287099e-05 | -1.318020e-03 |  0.9783 |     1.1611 |  9.92e-04
    250 | -1.286010e-03 | 3.686452e-05 | -1.322874e-03 |  0.9682 |     1.1960 |  9.89e-04
    275 | -1.286005e-03 | 3.759527e-05 | -1.323601e-03 |  0.9663 |     1.2047 |  9.86e-04
    300 | -1.286215e-03 | 3.659297e-05 | -1.322808e-03 |  0.9682 |     1.2014 |  9.83e-04
    325 | -1.286283e-03 | 3.642163e-05 | -1.322705e-03 |  0.9677 |     1.2030 |  9.80e-04
    350 | -1.286348e-03 | 3.663149e-05 | -1.322980e-03 |  0.9676 |     1.2088 |  9.76e-04
    375 | -1.286217e-03 | 3.537651e-05 | -1.321594e-03 |  0.9713 |     1.2014 |  9.72e-04
    400 | -1.286368e-03 | 3.606501e-05 | -1.322433e-03 |  0.9696 |     1.2112 |  9.67e-04
    425 | -1.286330e-03 | 3.767800e-05 | -1.324008e-03 |  0.9648 |     1.2167 |  9.62e-04
    450 | -1.286351e-03 | 3.566434e-05 | -1.322015e-03 |  0.9698 |     1.2109 |  9.57e-04
    475 | -1.286479e-03 | 3.676601e-05 | -1.323245e-03 |  0.9661 |     1.2145 |  9.52e-04
    500 | -1.286367e-03 | 3.560451e-05 | -1.321972e-03 |  0.9695 |     1.2126 |  9.46e-04
    525 | -1.286429e-03 | 3.755462e-05 | -1.323984e-03 |  0.9638 |     1.2184 |  9.40e-04
    550 | -1.285617e-03 | 3.948448e-05 | -1.325101e-03 |  0.9593 |     1.2225 |  9.34e-04
    575 | -1.286572e-03 | 3.578059e-05 | -1.322352e-03 |  0.9675 |     1.2148 |  9.27e-04
    600 | -1.286579e-03 | 3.716148e-05 | -1.323741e-03 |  0.9633 |     1.2205 |  9.20e-04
    625 | -1.286622e-03 | 3.616604e-05 | -1.322788e-03 |  0.9668 |     1.2180 |  9.13e-04
    650 | -1.286640e-03 | 3.530338e-05 | -1.321944e-03 |  0.9661 |     1.2109 |  9.05e-04
    675 | -1.286636e-03 | 3.658584e-05 | -1.323221e-03 |  0.9639 |     1.2153 |  8.98e-04
    700 | -1.285830e-03 | 3.857504e-05 | -1.324405e-03 |  0.9592 |     1.2176 |  8.90e-04
    725 | -1.286421e-03 | 3.546369e-05 | -1.321885e-03 |  0.9686 |     1.2193 |  8.81e-04
    750 | -1.286240e-03 | 3.697476e-05 | -1.323215e-03 |  0.9654 |     1.2097 |  8.73e-04
    775 | -1.286769e-03 | 3.719198e-05 | -1.323961e-03 |  0.9629 |     1.2279 |  8.64e-04
    800 | -1.285520e-03 | 3.541030e-05 | -1.320930e-03 |  0.9708 |     1.2218 |  8.55e-04
    825 | -1.286707e-03 | 3.549699e-05 | -1.322204e-03 |  0.9666 |     1.2164 |  8.46e-04
    850 | -1.285229e-03 | 3.550735e-05 | -1.320737e-03 |  0.9729 |     1.2269 |  8.36e-04
    875 | -1.286622e-03 | 3.765240e-05 | -1.324274e-03 |  0.9615 |     1.2247 |  8.26e-04
    900 | -1.286601e-03 | 3.650763e-05 | -1.323109e-03 |  0.9675 |     1.2414 |  8.17e-04
    925 | -1.286436e-03 | 3.864887e-05 | -1.325085e-03 |  0.9595 |     1.2366 |  8.06e-04
    950 | -1.286881e-03 | 3.674628e-05 | -1.323628e-03 |  0.9662 |     1.2393 |  7.96e-04
    975 | -1.286922e-03 | 3.781071e-05 | -1.324733e-03 |  0.9622 |     1.2445 |  7.85e-04
   1000 | -1.286978e-03 | 3.743894e-05 | -1.324417e-03 |  0.9626 |     1.2417 |  7.75e-04
   1025 | -1.286990e-03 | 3.705949e-05 | -1.324049e-03 |  0.9620 |     1.2396 |  7.64e-04
   1050 | -1.286505e-03 | 3.459902e-05 | -1.321104e-03 |  0.9656 |     1.1895 |  7.52e-04
   1075 | -1.287050e-03 | 3.819461e-05 | -1.325244e-03 |  0.9633 |     1.2597 |  7.41e-04
   1100 | -1.287123e-03 | 3.769480e-05 | -1.324818e-03 |  0.9643 |     1.2591 |  7.30e-04
   1125 | -1.286624e-03 | 3.385070e-05 | -1.320474e-03 |  0.9729 |     1.2066 |  7.18e-04
   1150 | -1.287046e-03 | 3.790354e-05 | -1.324949e-03 |  0.9646 |     1.2648 |  7.06e-04
   1175 | -1.287114e-03 | 3.799143e-05 | -1.325105e-03 |  0.9630 |     1.2580 |  6.94e-04
   1200 | -1.287091e-03 | 3.800765e-05 | -1.325098e-03 |  0.9625 |     1.2550 |  6.82e-04
   1225 | -1.287167e-03 | 3.760968e-05 | -1.324777e-03 |  0.9654 |     1.2654 |  6.70e-04
   1250 | -1.286918e-03 | 3.947028e-05 | -1.326389e-03 |  0.9589 |     1.2651 |  6.58e-04
   1275 | -1.286244e-03 | 3.432477e-05 | -1.320568e-03 |  0.9745 |     1.2237 |  6.46e-04
   1300 | -1.286514e-03 | 3.523070e-05 | -1.321745e-03 |  0.9722 |     1.2365 |  6.33e-04
   1325 | -1.287215e-03 | 3.754831e-05 | -1.324763e-03 |  0.9657 |     1.2664 |  6.21e-04
   1350 | -1.287285e-03 | 3.837323e-05 | -1.325658e-03 |  0.9636 |     1.2734 |  6.08e-04
   1375 | -1.287308e-03 | 3.822490e-05 | -1.325533e-03 |  0.9642 |     1.2743 |  5.95e-04
   1400 | -1.287323e-03 | 3.828249e-05 | -1.325606e-03 |  0.9640 |     1.2749 |  5.82e-04
   1425 | -1.287337e-03 | 3.828313e-05 | -1.325620e-03 |  0.9641 |     1.2759 |  5.70e-04
   1450 | -1.286283e-03 | 3.998702e-05 | -1.326270e-03 |  0.9577 |     1.2578 |  5.57e-04
   1475 | -1.287244e-03 | 3.789864e-05 | -1.325143e-03 |  0.9637 |     1.2613 |  5.44e-04
   1500 | -1.287362e-03 | 3.837155e-05 | -1.325733e-03 |  0.9644 |     1.2807 |  5.31e-04
   1525 | -1.287381e-03 | 3.846068e-05 | -1.325841e-03 |  0.9638 |     1.2794 |  5.18e-04
   1550 | -1.287391e-03 | 3.842053e-05 | -1.325812e-03 |  0.9642 |     1.2805 |  5.05e-04
   1575 | -1.287071e-03 | 3.743056e-05 | -1.324501e-03 |  0.9685 |     1.2738 |  4.92e-04
   1600 | -1.287398e-03 | 3.826823e-05 | -1.325666e-03 |  0.9646 |     1.2804 |  4.79e-04
   1625 | -1.287337e-03 | 3.812997e-05 | -1.325467e-03 |  0.9660 |     1.2822 |  4.66e-04
   1650 | -1.287425e-03 | 3.843932e-05 | -1.325864e-03 |  0.9643 |     1.2807 |  4.53e-04
   1675 | -1.287425e-03 | 3.854732e-05 | -1.325972e-03 |  0.9636 |     1.2807 |  4.40e-04
   1700 | -1.287440e-03 | 3.844394e-05 | -1.325884e-03 |  0.9643 |     1.2827 |  4.28e-04
   1725 | -1.287299e-03 | 3.881891e-05 | -1.326118e-03 |  0.9620 |     1.2760 |  4.15e-04
   1750 | -1.287454e-03 | 3.846950e-05 | -1.325923e-03 |  0.9643 |     1.2837 |  4.02e-04
   1775 | -1.287369e-03 | 3.820233e-05 | -1.325571e-03 |  0.9661 |     1.2850 |  3.89e-04
   1800 | -1.287434e-03 | 3.838145e-05 | -1.325816e-03 |  0.9653 |     1.2858 |  3.77e-04
   1825 | -1.287460e-03 | 3.841574e-05 | -1.325876e-03 |  0.9649 |     1.2850 |  3.64e-04
   1850 | -1.287480e-03 | 3.855842e-05 | -1.326039e-03 |  0.9643 |     1.2861 |  3.52e-04
   1875 | -1.287190e-03 | 3.919068e-05 | -1.326381e-03 |  0.9610 |     1.2779 |  3.40e-04
   1900 | -1.287492e-03 | 3.857412e-05 | -1.326066e-03 |  0.9642 |     1.2856 |  3.28e-04
   1925 | -1.287497e-03 | 3.866835e-05 | -1.326166e-03 |  0.9639 |     1.2866 |  3.16e-04
   1950 | -1.287503e-03 | 3.868181e-05 | -1.326185e-03 |  0.9639 |     1.2871 |  3.04e-04
   1975 | -1.287506e-03 | 3.862033e-05 | -1.326126e-03 |  0.9644 |     1.2880 |  2.92e-04
   2000 | -1.287498e-03 | 3.874135e-05 | -1.326239e-03 |  0.9634 |     1.2855 |  2.80e-04
   2025 | -1.287515e-03 | 3.863247e-05 | -1.326148e-03 |  0.9644 |     1.2884 |  2.69e-04
   2050 | -1.287522e-03 | 3.869797e-05 | -1.326220e-03 |  0.9641 |     1.2883 |  2.57e-04
   2075 | -1.287525e-03 | 3.870495e-05 | -1.326230e-03 |  0.9641 |     1.2886 |  2.46e-04
   2100 | -1.287530e-03 | 3.871080e-05 | -1.326241e-03 |  0.9641 |     1.2888 |  2.35e-04
   2125 | -1.287534e-03 | 3.871701e-05 | -1.326251e-03 |  0.9641 |     1.2890 |  2.25e-04
   2150 | -1.287538e-03 | 3.872311e-05 | -1.326261e-03 |  0.9641 |     1.2892 |  2.14e-04
   2175 | -1.287542e-03 | 3.872854e-05 | -1.326271e-03 |  0.9641 |     1.2894 |  2.04e-04
   2200 | -1.287545e-03 | 3.873515e-05 | -1.326280e-03 |  0.9641 |     1.2896 |  1.93e-04
   2225 | -1.287547e-03 | 3.874134e-05 | -1.326289e-03 |  0.9641 |     1.2897 |  1.84e-04
   2250 | -1.287551e-03 | 3.874573e-05 | -1.326297e-03 |  0.9641 |     1.2899 |  1.74e-04
   2275 | -1.287553e-03 | 3.875141e-05 | -1.326305e-03 |  0.9641 |     1.2900 |  1.64e-04
   2300 | -1.287557e-03 | 3.875560e-05 | -1.326312e-03 |  0.9641 |     1.2902 |  1.55e-04
   2325 | -1.287559e-03 | 3.876035e-05 | -1.326319e-03 |  0.9641 |     1.2903 |  1.46e-04
   2350 | -1.287561e-03 | 3.876472e-05 | -1.326326e-03 |  0.9641 |     1.2904 |  1.37e-04
   2375 | -1.287563e-03 | 3.876883e-05 | -1.326332e-03 |  0.9641 |     1.2906 |  1.29e-04
   2400 | -1.287566e-03 | 3.877181e-05 | -1.326338e-03 |  0.9641 |     1.2907 |  1.20e-04
   2425 | -1.287568e-03 | 3.877533e-05 | -1.326343e-03 |  0.9641 |     1.2908 |  1.12e-04
   2450 | -1.287571e-03 | 3.877797e-05 | -1.326349e-03 |  0.9641 |     1.2909 |  1.05e-04
   2475 | -1.287572e-03 | 3.878071e-05 | -1.326353e-03 |  0.9641 |     1.2910 |  9.71e-05
   2500 | -1.287574e-03 | 3.878382e-05 | -1.326358e-03 |  0.9641 |     1.2910 |  8.99e-05
   2525 | -1.287575e-03 | 3.878659e-05 | -1.326362e-03 |  0.9641 |     1.2911 |  8.29e-05
   2550 | -1.287577e-03 | 3.878928e-05 | -1.326366e-03 |  0.9641 |     1.2912 |  7.63e-05
   2575 | -1.287577e-03 | 3.879194e-05 | -1.326369e-03 |  0.9641 |     1.2913 |  7.00e-05
   2600 | -1.287579e-03 | 3.879364e-05 | -1.326373e-03 |  0.9641 |     1.2913 |  6.40e-05
   2625 | -1.287580e-03 | 3.879568e-05 | -1.326376e-03 |  0.9641 |     1.2914 |  5.82e-05
   2650 | -1.287581e-03 | 3.879720e-05 | -1.326378e-03 |  0.9641 |     1.2914 |  5.28e-05
   2675 | -1.287582e-03 | 3.879874e-05 | -1.326381e-03 |  0.9641 |     1.2915 |  4.77e-05
   2700 | -1.287583e-03 | 3.880001e-05 | -1.326383e-03 |  0.9641 |     1.2915 |  4.29e-05
   2725 | -1.287584e-03 | 3.880120e-05 | -1.326385e-03 |  0.9641 |     1.2916 |  3.84e-05
   2750 | -1.287585e-03 | 3.880251e-05 | -1.326387e-03 |  0.9641 |     1.2916 |  3.42e-05
   2775 | -1.287585e-03 | 3.880400e-05 | -1.326389e-03 |  0.9641 |     1.2916 |  3.04e-05
   2800 | -1.287587e-03 | 3.880385e-05 | -1.326390e-03 |  0.9641 |     1.2917 |  2.69e-05
   2825 | -1.287587e-03 | 3.880508e-05 | -1.326392e-03 |  0.9641 |     1.2917 |  2.37e-05
   2850 | -1.287587e-03 | 3.880600e-05 | -1.326393e-03 |  0.9641 |     1.2917 |  2.08e-05
   2875 | -1.287587e-03 | 3.880659e-05 | -1.326394e-03 |  0.9641 |     1.2917 |  1.83e-05
   2900 | -1.287588e-03 | 3.880713e-05 | -1.326395e-03 |  0.9641 |     1.2917 |  1.61e-05
   2925 | -1.287588e-03 | 3.880815e-05 | -1.326396e-03 |  0.9641 |     1.2918 |  1.42e-05
   2950 | -1.287588e-03 | 3.880834e-05 | -1.326396e-03 |  0.9641 |     1.2918 |  1.27e-05
   2975 | -1.287589e-03 | 3.880839e-05 | -1.326397e-03 |  0.9641 |     1.2918 |  1.15e-05
   3000 | -1.287589e-03 | 3.880954e-05 | -1.326398e-03 |  0.9641 |     1.2918 |  1.07e-05

  ======================================================================
  ✅ MYOCARDIUM (MGN-baseline) COMPLETE
  Best loss: -1.287589e-03 (epoch 2999)
  Tip: 1.2918 mm (expected: 1.0529 mm)  Err: 22.69%
  Training time: 107.3s (1.8min)
  ======================================================================

