╔══════════════════════════════════════════════════════════════╗
║  DPC-GNN — MGN-style Baseline (AMP ablation)                ║
║  Replaces AntisymMP with directed-edge MP (no antisymmetry) ║
╚══════════════════════════════════════════════════════════════╝

  GPU: NVIDIA GeForce RTX 5090

======================================================================
  TISSUE: VESSEL (MGN-baseline) | E=400000 Pa (400.0 kPa) | ν=0.49
  Beam: 10cm x 2cm x 2cm
  Mesh: 25x8x8 | Device: cuda | Epochs: 2500
  Expected tip δ: 9.6567 mm | Scale: 9.66e-03
  AMP: OFF (MGN-style directed MP, two independent edge MLPs)
======================================================================
  Nodes: 2106 | Tets: 8000 | Edges: 30738
  Params: 238,915  (~2× SolidGNN edge-MLP params)
  ⚡ F-bar enabled (ν=0.49 ≥ 0.45, anti-locking)

     Ep |         Loss |         E_el |         E_gr |   J_min |  u_tip(mm) |        lr
  ------------------------------------------------------------------------------
      1 | -3.180510e-03 | 9.444603e-04 | -4.124971e-03 |  0.9896 |     0.0265 |  2.00e-05
      2 | -4.451017e-03 | -3.257007e-04 | -4.125317e-03 |  0.9911 |     0.0275 |  4.00e-05
      3 | -6.925425e-03 | -2.799453e-03 | -4.125972e-03 |  0.9934 |     0.0294 |  6.00e-05
      4 | -1.050011e-02 | -6.373260e-03 | -4.126852e-03 |  0.9963 |     0.0321 |  8.00e-05
      5 | -1.509797e-02 | -1.097009e-02 | -4.127872e-03 |  0.9958 |     0.0356 |  1.00e-04
     25 | -5.710267e-02 | -5.297541e-02 | -4.127268e-03 |  1.0080 |     0.0441 |  5.00e-04
     50 | -5.861454e-02 | -5.447358e-02 | -4.140959e-03 |  1.0029 |     0.0870 |  1.00e-03
     75 | -5.889963e-02 | -5.472781e-02 | -4.171827e-03 |  1.0020 |     0.2032 |  9.64e-04
    100 | -5.895141e-02 | -5.474171e-02 | -4.209701e-03 |  0.9940 |     0.3744 |  8.61e-04
    125 | -5.899666e-02 | -5.473882e-02 | -4.257843e-03 |  0.9894 |     0.5886 |  7.07e-04
    150 | -5.904451e-02 | -5.472774e-02 | -4.316762e-03 |  0.9835 |     0.8418 |  5.25e-04
    175 | -5.908925e-02 | -5.471556e-02 | -4.373688e-03 |  0.9772 |     1.0857 |  3.43e-04
    200 | -5.912288e-02 | -5.470592e-02 | -4.416955e-03 |  0.9722 |     1.2741 |  1.89e-04
    225 | -5.914250e-02 | -5.469995e-02 | -4.442552e-03 |  0.9695 |     1.3873 |  8.62e-05
    250 | -5.915254e-02 | -5.469688e-02 | -4.455664e-03 |  0.9682 |     1.4461 |  1.00e-03
    275 | -5.856297e-02 | -5.441901e-02 | -4.143958e-03 |  0.9880 |     0.0753 |  9.91e-04
    300 | -5.885799e-02 | -5.468781e-02 | -4.170186e-03 |  1.0036 |     0.2019 |  9.64e-04
    325 | -5.894140e-02 | -5.473678e-02 | -4.204620e-03 |  0.9910 |     0.3321 |  9.20e-04
    350 | -5.898352e-02 | -5.473822e-02 | -4.245303e-03 |  0.9886 |     0.5012 |  8.61e-04
    375 | -5.902648e-02 | -5.472860e-02 | -4.297873e-03 |  0.9827 |     0.7139 |  7.89e-04
    400 | -5.907423e-02 | -5.471307e-02 | -4.361165e-03 |  0.9749 |     0.9683 |  7.07e-04
    425 | -5.912487e-02 | -5.469439e-02 | -4.430480e-03 |  0.9671 |     1.2597 |  6.18e-04
    450 | -5.917787e-02 | -5.467319e-02 | -4.504671e-03 |  0.9606 |     1.5870 |  5.25e-04
    475 | -5.919473e-02 | -5.461462e-02 | -4.580103e-03 |  0.9546 |     1.9513 |  4.32e-04
    500 | -5.927359e-02 | -5.463434e-02 | -4.639247e-03 |  0.9545 |     2.2037 |  3.43e-04
    525 | -5.932170e-02 | -5.462106e-02 | -4.700644e-03 |  0.9511 |     2.5088 |  2.61e-04
    550 | -5.936164e-02 | -5.460393e-02 | -4.757714e-03 |  0.9496 |     2.7870 |  1.89e-04
    575 | -5.939268e-02 | -5.459031e-02 | -4.802366e-03 |  0.9485 |     3.0087 |  1.30e-04
    600 | -5.941524e-02 | -5.458035e-02 | -4.834896e-03 |  0.9478 |     3.1711 |  8.62e-05
    625 | -5.943116e-02 | -5.457350e-02 | -4.857661e-03 |  0.9474 |     3.2861 |  5.91e-05
    650 | -5.944344e-02 | -5.456827e-02 | -4.875166e-03 |  0.9470 |     3.3749 |  1.00e-03
    675 | -5.815608e-02 | -5.398815e-02 | -4.167928e-03 |  1.0034 |     0.1269 |  9.98e-04
    700 | -5.881955e-02 | -5.456724e-02 | -4.252306e-03 |  0.9971 |     0.5265 |  9.91e-04
    725 | -5.897235e-02 | -5.473803e-02 | -4.234322e-03 |  0.9923 |     0.4691 |  9.80e-04
    750 | -5.901359e-02 | -5.474446e-02 | -4.269131e-03 |  0.9902 |     0.6075 |  9.64e-04
    775 | -5.905563e-02 | -5.473709e-02 | -4.318542e-03 |  0.9859 |     0.8079 |  9.44e-04
    800 | -5.903298e-02 | -5.464739e-02 | -4.385583e-03 |  0.9722 |     1.0762 |  9.20e-04
    825 | -5.915650e-02 | -5.469535e-02 | -4.461148e-03 |  0.9771 |     1.3581 |  8.92e-04
    850 | -5.907585e-02 | -5.460874e-02 | -4.467108e-03 |  0.9827 |     1.3685 |  8.61e-04
    875 | -5.917886e-02 | -5.469049e-02 | -4.488370e-03 |  0.9702 |     1.4496 |  8.26e-04
    900 | -5.925196e-02 | -5.467008e-02 | -4.581875e-03 |  0.9699 |     1.8325 |  7.89e-04
    925 | -5.932022e-02 | -5.463901e-02 | -4.681208e-03 |  0.9650 |     2.2856 |  7.49e-04
    950 | -5.894861e-02 | -5.433686e-02 | -4.611745e-03 |  0.9658 |     2.0330 |  7.07e-04
    975 | -5.924268e-02 | -5.466109e-02 | -4.581586e-03 |  0.9742 |     1.8659 |  6.63e-04
   1000 | -5.932179e-02 | -5.465561e-02 | -4.666186e-03 |  0.9682 |     2.1992 |  6.18e-04
   1025 | -5.937895e-02 | -5.462697e-02 | -4.751980e-03 |  0.9642 |     2.5890 |  5.72e-04
   1050 | -5.943421e-02 | -5.459910e-02 | -4.835102e-03 |  0.9610 |     2.9884 |  5.25e-04
   1075 | -5.948918e-02 | -5.457139e-02 | -4.917797e-03 |  0.9579 |     3.4060 |  4.78e-04
   1100 | -5.954397e-02 | -5.454285e-02 | -5.001118e-03 |  0.9555 |     3.8424 |  4.32e-04
   1125 | -5.958143e-02 | -5.449638e-02 | -5.085046e-03 |  0.9533 |     4.2925 |  3.87e-04
   1150 | -5.949759e-02 | -5.447416e-02 | -5.023429e-03 |  0.9548 |     3.9663 |  3.43e-04
   1175 | -5.958791e-02 | -5.452339e-02 | -5.064520e-03 |  0.9534 |     4.1639 |  3.01e-04
   1200 | -5.962687e-02 | -5.450988e-02 | -5.116991e-03 |  0.9535 |     4.4503 |  2.61e-04
   1225 | -5.965798e-02 | -5.449221e-02 | -5.165766e-03 |  0.9522 |     4.7175 |  2.24e-04
   1250 | -5.968520e-02 | -5.447723e-02 | -5.207965e-03 |  0.9513 |     4.9566 |  1.89e-04
   1275 | -5.970903e-02 | -5.446478e-02 | -5.244261e-03 |  0.9506 |     5.1666 |  1.58e-04
   1300 | -5.972965e-02 | -5.445436e-02 | -5.275291e-03 |  0.9500 |     5.3485 |  1.30e-04
   1325 | -5.974720e-02 | -5.444562e-02 | -5.301571e-03 |  0.9495 |     5.5039 |  1.06e-04
   1350 | -5.976197e-02 | -5.443836e-02 | -5.323614e-03 |  0.9490 |     5.6348 |  8.62e-05
   1375 | -5.977440e-02 | -5.443235e-02 | -5.342047e-03 |  0.9486 |     5.7448 |  7.05e-05
   1400 | -5.978494e-02 | -5.442729e-02 | -5.357646e-03 |  0.9483 |     5.8381 |  5.91e-05
   1425 | -5.979420e-02 | -5.442289e-02 | -5.371316e-03 |  0.9480 |     5.9202 |  5.23e-05
   1450 | -5.980288e-02 | -5.441880e-02 | -5.384080e-03 |  0.9477 |     5.9969 |  1.00e-03
   1475 | -5.798079e-02 | -5.388137e-02 | -4.099418e-03 |  0.9931 |    -0.0418 |  9.99e-04
   1500 | -5.885863e-02 | -5.466003e-02 | -4.198598e-03 |  0.9919 |     0.2986 |  9.98e-04
   1525 | -5.894870e-02 | -5.473622e-02 | -4.212482e-03 |  0.9893 |     0.3665 |  9.95e-04
   1550 | -5.899088e-02 | -5.473416e-02 | -4.256714e-03 |  0.9858 |     0.5674 |  9.91e-04
   1575 | -5.904210e-02 | -5.472498e-02 | -4.317124e-03 |  0.9806 |     0.8280 |  9.86e-04
   1600 | -5.686187e-02 | -5.243829e-02 | -4.423580e-03 |  0.9591 |     1.2611 |  9.80e-04
   1625 | -5.898422e-02 | -5.467405e-02 | -4.310166e-03 |  0.9789 |     0.7302 |  9.72e-04
   1650 | -5.908561e-02 | -5.471627e-02 | -4.369338e-03 |  0.9738 |     0.9988 |  9.64e-04
   1675 | -5.917514e-02 | -5.469450e-02 | -4.480640e-03 |  0.9681 |     1.4664 |  9.54e-04
   1700 | -5.929089e-02 | -5.464050e-02 | -4.650391e-03 |  0.9608 |     2.2033 |  9.44e-04
   1725 | -5.840263e-02 | -5.408238e-02 | -4.320253e-03 |  0.9790 |     0.8098 |  9.32e-04
   1750 | -5.899000e-02 | -5.469736e-02 | -4.292633e-03 |  0.9808 |     0.6885 |  9.20e-04
   1775 | -5.907027e-02 | -5.472647e-02 | -4.343801e-03 |  0.9813 |     0.8980 |  9.07e-04
   1800 | -5.911929e-02 | -5.472701e-02 | -4.392284e-03 |  0.9782 |     1.0829 |  8.92e-04
   1825 | -5.917155e-02 | -5.471237e-02 | -4.459186e-03 |  0.9739 |     1.3476 |  8.77e-04
   1850 | -5.922889e-02 | -5.469037e-02 | -4.538522e-03 |  0.9698 |     1.6704 |  8.61e-04
   1875 | -5.929189e-02 | -5.466343e-02 | -4.628463e-03 |  0.9666 |     2.0522 |  8.44e-04
   1900 | -5.936139e-02 | -5.463156e-02 | -4.729837e-03 |  0.9633 |     2.5067 |  8.26e-04
   1925 | -5.931368e-02 | -5.455506e-02 | -4.758624e-03 |  0.9775 |     2.7856 |  8.08e-04
   1950 | -5.945990e-02 | -5.458781e-02 | -4.872094e-03 |  0.9632 |     3.2276 |  7.89e-04
   1975 | -5.955042e-02 | -5.453626e-02 | -5.014163e-03 |  0.9561 |     3.9196 |  7.69e-04
   2000 | -5.922398e-02 | -5.442956e-02 | -4.794426e-03 |  0.9587 |     2.9850 |  7.49e-04
   2025 | -5.942134e-02 | -5.460034e-02 | -4.820999e-03 |  0.9658 |     2.9791 |  7.28e-04
   2050 | -5.950403e-02 | -5.457547e-02 | -4.928565e-03 |  0.9602 |     3.4546 |  7.07e-04
   2075 | -5.957652e-02 | -5.453533e-02 | -5.041192e-03 |  0.9579 |     4.0298 |  6.85e-04
   2100 | -5.964803e-02 | -5.449085e-02 | -5.157182e-03 |  0.9528 |     4.6590 |  6.63e-04
   2125 | -5.972031e-02 | -5.444381e-02 | -5.276497e-03 |  0.9477 |     5.3338 |  6.40e-04
   2150 | -5.880225e-02 | -5.362403e-02 | -5.178219e-03 |  0.9442 |     4.9572 |  6.18e-04
   2175 | -5.960426e-02 | -5.446390e-02 | -5.140359e-03 |  0.9551 |     4.6496 |  5.95e-04
   2200 | -5.970448e-02 | -5.446324e-02 | -5.241235e-03 |  0.9491 |     5.1419 |  5.72e-04
   2225 | -5.976803e-02 | -5.442825e-02 | -5.339788e-03 |  0.9456 |     5.7195 |  5.48e-04
   2250 | -5.982931e-02 | -5.438555e-02 | -5.443756e-03 |  0.9416 |     6.3296 |  5.25e-04
   2275 | -5.958505e-02 | -5.406226e-02 | -5.522791e-03 |  0.9448 |     6.7699 |  5.02e-04
   2300 | -5.979997e-02 | -5.439246e-02 | -5.407508e-03 |  0.9425 |     6.1947 |  4.78e-04
   2325 | -5.986832e-02 | -5.437333e-02 | -5.494988e-03 |  0.9392 |     6.6381 |  4.55e-04
   2350 | -5.992046e-02 | -5.433882e-02 | -5.581639e-03 |  0.9365 |     7.1672 |  4.32e-04
   2375 | -5.997190e-02 | -5.430463e-02 | -5.667266e-03 |  0.9332 |     7.7011 |  4.10e-04
   2400 | -6.002278e-02 | -5.427037e-02 | -5.752415e-03 |  0.9303 |     8.2443 |  3.87e-04
   2425 | -5.998641e-02 | -5.419509e-02 | -5.791309e-03 |  0.9330 |     8.4932 |  3.65e-04
   2450 | -6.003603e-02 | -5.427245e-02 | -5.763587e-03 |  0.9300 |     8.3367 |  3.43e-04
   2475 | -6.007586e-02 | -5.423874e-02 | -5.837125e-03 |  0.9278 |     8.7807 |  3.22e-04
   2500 | -6.011835e-02 | -5.421112e-02 | -5.907231e-03 |  0.9257 |     9.2398 |  3.01e-04

  ======================================================================
  ✅ VESSEL (MGN-baseline) COMPLETE
  Best loss: -6.011835e-02 (epoch 2500)
  Tip: 9.2570 mm (expected: 9.6567 mm)  Err: 4.14%
  Training time: 107.4s (1.8min)
  ======================================================================

